Component: ARM Compiler 5.05 update 1 (build 106) Tool: armlink [4d0efa]

==============================================================================

Section Cross References

    startup_stm32f10x_hd.o(STACK) refers (Special) to heapauxi.o(.text) for __use_two_region_memory
    startup_stm32f10x_hd.o(HEAP) refers (Special) to heapauxi.o(.text) for __use_two_region_memory
    startup_stm32f10x_hd.o(RESET) refers (Special) to heapauxi.o(.text) for __use_two_region_memory
    startup_stm32f10x_hd.o(RESET) refers to startup_stm32f10x_hd.o(STACK) for __initial_sp
    startup_stm32f10x_hd.o(RESET) refers to startup_stm32f10x_hd.o(.text) for Reset_Handler
    startup_stm32f10x_hd.o(RESET) refers to cemcu.o(i.RTC_IRQHandler) for RTC_IRQHandler
    startup_stm32f10x_hd.o(RESET) refers to ceint.o(i.EXTI0_IRQHandler) for EXTI0_IRQHandler
    startup_stm32f10x_hd.o(RESET) refers to ceint.o(i.EXTI1_IRQHandler) for EXTI1_IRQHandler
    startup_stm32f10x_hd.o(RESET) refers to ceint.o(i.EXTI2_IRQHandler) for EXTI2_IRQHandler
    startup_stm32f10x_hd.o(RESET) refers to ceint.o(i.EXTI3_IRQHandler) for EXTI3_IRQHandler
    startup_stm32f10x_hd.o(RESET) refers to ceint.o(i.EXTI4_IRQHandler) for EXTI4_IRQHandler
    startup_stm32f10x_hd.o(RESET) refers to cead.o(i.DMA1_Channel1_IRQHandler) for DMA1_Channel1_IRQHandler
    startup_stm32f10x_hd.o(RESET) refers to ceuart.o(i.DMA1_Channel2_IRQHandler) for DMA1_Channel2_IRQHandler
    startup_stm32f10x_hd.o(RESET) refers to ceuart.o(i.DMA1_Channel4_IRQHandler) for DMA1_Channel4_IRQHandler
    startup_stm32f10x_hd.o(RESET) refers to ceuart.o(i.DMA1_Channel7_IRQHandler) for DMA1_Channel7_IRQHandler
    startup_stm32f10x_hd.o(RESET) refers to ceint.o(i.EXTI9_5_IRQHandler) for EXTI9_5_IRQHandler
    startup_stm32f10x_hd.o(RESET) refers to cetimer.o(i.TIM1_UP_IRQHandler) for TIM1_UP_IRQHandler
    startup_stm32f10x_hd.o(RESET) refers to ceccp.o(i.TIM2_IRQHandler) for TIM2_IRQHandler
    startup_stm32f10x_hd.o(RESET) refers to cetimer.o(i.TIM3_IRQHandler) for TIM3_IRQHandler
    startup_stm32f10x_hd.o(RESET) refers to cetimer.o(i.TIM4_IRQHandler) for TIM4_IRQHandler
    startup_stm32f10x_hd.o(RESET) refers to ceuart.o(i.USART1_IRQHandler) for USART1_IRQHandler
    startup_stm32f10x_hd.o(RESET) refers to ceuart.o(i.USART2_IRQHandler) for USART2_IRQHandler
    startup_stm32f10x_hd.o(RESET) refers to ceuart.o(i.USART3_IRQHandler) for USART3_IRQHandler
    startup_stm32f10x_hd.o(RESET) refers to ceint.o(i.EXTI15_10_IRQHandler) for EXTI15_10_IRQHandler
    startup_stm32f10x_hd.o(RESET) refers to cetimer.o(i.TIM8_UP_IRQHandler) for TIM8_UP_IRQHandler
    startup_stm32f10x_hd.o(RESET) refers to cesystem.o(i.TIM5_IRQHandler) for TIM5_IRQHandler
    startup_stm32f10x_hd.o(RESET) refers to ceuart.o(i.UART5_IRQHandler) for UART5_IRQHandler
    startup_stm32f10x_hd.o(RESET) refers to cetimer.o(i.TIM6_IRQHandler) for TIM6_IRQHandler
    startup_stm32f10x_hd.o(RESET) refers to cetimer.o(i.TIM7_IRQHandler) for TIM7_IRQHandler
    startup_stm32f10x_hd.o(RESET) refers to ceda.o(i.DMA2_Channel3_IRQHandler) for DMA2_Channel3_IRQHandler
    startup_stm32f10x_hd.o(RESET) refers to ceda.o(i.DMA2_Channel4_5_IRQHandler) for DMA2_Channel4_5_IRQHandler
    startup_stm32f10x_hd.o(.text) refers (Special) to heapauxi.o(.text) for __use_two_region_memory
    startup_stm32f10x_hd.o(.text) refers to system_stm32f10x.o(i.SystemInit) for SystemInit
    startup_stm32f10x_hd.o(.text) refers to __main.o(!!!main) for __main
    startup_stm32f10x_hd.o(.text) refers to startup_stm32f10x_hd.o(HEAP) for Heap_Mem
    startup_stm32f10x_hd.o(.text) refers to startup_stm32f10x_hd.o(STACK) for Stack_Mem
    stm32f10x_adc.o(i.ADC_DeInit) refers to stm32f10x_rcc.o(i.RCC_APB2PeriphResetCmd) for RCC_APB2PeriphResetCmd
    stm32f10x_bkp.o(i.BKP_DeInit) refers to stm32f10x_rcc.o(i.RCC_BackupResetCmd) for RCC_BackupResetCmd
    stm32f10x_can.o(i.CAN_DeInit) refers to stm32f10x_rcc.o(i.RCC_APB1PeriphResetCmd) for RCC_APB1PeriphResetCmd
    stm32f10x_can.o(i.CAN_GetITStatus) refers to stm32f10x_can.o(i.CheckITStatus) for CheckITStatus
    stm32f10x_cec.o(i.CEC_DeInit) refers to stm32f10x_rcc.o(i.RCC_APB1PeriphResetCmd) for RCC_APB1PeriphResetCmd
    stm32f10x_dac.o(i.DAC_DeInit) refers to stm32f10x_rcc.o(i.RCC_APB1PeriphResetCmd) for RCC_APB1PeriphResetCmd
    stm32f10x_flash.o(i.FLASH_EnableWriteProtection) refers to stm32f10x_flash.o(i.FLASH_WaitForLastOperation) for FLASH_WaitForLastOperation
    stm32f10x_flash.o(i.FLASH_EraseAllBank1Pages) refers to stm32f10x_flash.o(i.FLASH_WaitForLastBank1Operation) for FLASH_WaitForLastBank1Operation
    stm32f10x_flash.o(i.FLASH_EraseAllPages) refers to stm32f10x_flash.o(i.FLASH_WaitForLastOperation) for FLASH_WaitForLastOperation
    stm32f10x_flash.o(i.FLASH_EraseOptionBytes) refers to stm32f10x_flash.o(i.FLASH_GetReadOutProtectionStatus) for FLASH_GetReadOutProtectionStatus
[...]
    i.ceTicker_initial                       0x08003de0   Section        0  ceticker.o(i.ceTicker_initial)
    i.ceTicker_register                      0x08003e38   Section        0  ceticker.o(i.ceTicker_register)
    i.ceTicker_start                         0x08003ea4   Section        0  ceticker.o(i.ceTicker_start)
    i.ceTicker_tickerTickerMs                0x08003f04   Section        0  ceticker.o(i.ceTicker_tickerTickerMs)
    i.ceTicker_unRegister                    0x08003f80   Section        0  ceticker.o(i.ceTicker_unRegister)
    i.ceUart_clearRecvBuf                    0x08003ff8   Section        0  ceuart.o(i.ceUart_clearRecvBuf)
    i.ceUart_getRecvDataCount                0x0800400c   Section        0  ceuart.o(i.ceUart_getRecvDataCount)
    i.ceUart_initial                         0x08004020   Section        0  ceuart.o(i.ceUart_initial)
    i.ceUart_readData                        0x08004498   Section        0  ceuart.o(i.ceUart_readData)
    i.ceUart_sendData                        0x080044b4   Section        0  ceuart.o(i.ceUart_sendData)
    i.ceUart_start                           0x0800454c   Section        0  ceuart.o(i.ceUart_start)
    i.ceUart_stop                            0x08004584   Section        0  ceuart.o(i.ceUart_stop)
    i.ce_assert_failed                       0x080045bc   Section        0  cesystem.o(i.ce_assert_failed)
    i.main                                   0x08004634   Section        0  main.o(i.main)
    i.startCalTimeCostUs                     0x08004654   Section        0  cesystem.o(i.startCalTimeCostUs)
    i.stopCalTimeCostUs                      0x08004684   Section        0  cesystem.o(i.stopCalTimeCostUs)
    x$fpl$dadd                               0x080046d4   Section      336  daddsub_clz.o(x$fpl$dadd)
    _dadd1                                   0x080046e5   Thumb Code     0  daddsub_clz.o(x$fpl$dadd)
    x$fpl$dcmpinf                            0x08004824   Section       24  dcmpi.o(x$fpl$dcmpinf)
    x$fpl$dfix                               0x0800483c   Section       94  dfix.o(x$fpl$dfix)
    x$fpl$dflt                               0x0800489a   Section       46  dflt_clz.o(x$fpl$dflt)
    x$fpl$dleqf                              0x080048c8   Section      120  dleqf.o(x$fpl$dleqf)
    x$fpl$dmul                               0x08004940   Section      340  dmul.o(x$fpl$dmul)
    x$fpl$dnaninf                            0x08004a94   Section      156  dnaninf.o(x$fpl$dnaninf)
    x$fpl$dretinf                            0x08004b30   Section       12  dretinf.o(x$fpl$dretinf)
    x$fpl$drsb                               0x08004b3c   Section       22  daddsub_clz.o(x$fpl$drsb)
    x$fpl$dsub                               0x08004b54   Section      468  daddsub_clz.o(x$fpl$dsub)
    _dsub1                                   0x08004b65   Thumb Code     0  daddsub_clz.o(x$fpl$dsub)
    .constdata                               0x08004d28   Section      256  os_core_1.o(.constdata)
    x$fpl$usenofp                            0x08004d28   Section        0  usenofp.o(x$fpl$usenofp)
    .constdata                               0x08004e28   Section       94  os_dbg_1.o(.constdata)
    .constdata                               0x08004e88   Section       88  ceextra.o(.constdata)
    .constdata                               0x08004ee0   Section       16  ceflash.o(.constdata)
    .constdata                               0x08004ef0   Section       96  cesystem.o(.constdata)
    .constdata                               0x08004f50   Section       24  cetask.o(.constdata)
    .constdata                               0x08004f68   Section       20  ceticker.o(.constdata)
    .constdata                               0x08004f7c   Section       28  ceuart.o(.constdata)
    .conststring                             0x08004f98   Section      288  cesystem.o(.conststring)
    .data                                    0x20000000   Section       20  stm32f10x_rcc.o(.data)
    APBAHBPrescTable                         0x20000000   Data          16  stm32f10x_rcc.o(.data)
    ADCPrescTable                            0x20000010   Data           4  stm32f10x_rcc.o(.data)
    .data                                    0x20000014   Section       20  system_stm32f10x.o(.data)
    .data                                    0x20000028   Section       96  os_core_1.o(.data)
    .data                                    0x20000088   Section        2  os_cpu_c_1.o(.data)
    OSTmrCtr                                 0x20000088   Data           2  os_cpu_c_1.o(.data)
    .data                                    0x2000008c   Section        4  ceccp.o(.data)
    .data                                    0x20000090   Section        8  ceda.o(.data)
    .data                                    0x20000098   Section       56  cesystem.o(.data)
    .data                                    0x200000d0   Section       12  cetask.o(.data)
    .data                                    0x200000dc   Section        4  ceticker.o(.data)
    .data                                    0x200000e0   Section        1  ceuart.o(.data)
    .bss                                     0x200000e4   Section    10376  os_core_1.o(.bss)
    .bss                                     0x2000296c   Section       48  ceint.o(.bss)
    .bss                                     0x2000299c   Section     1216  cesystem.o(.bss)
    .bss                                     0x20002e5c   Section     8228  cetask.o(.bss)
    .bss                                     0x20004e80   Section     4132  ceticker.o(.bss)
    .bss                                     0x20005ea4   Section       32  cetimer.o(.bss)
    .bss                                     0x20005ec4   Section     1564  ceuart.o(.bss)
    .bss                                     0x200064e0   Section       96  libspace.o(.bss)
    HEAP                                     0x20006540   Section      512  startup_stm32f10x_hd.o(HEAP)
    Heap_Mem                                 0x20006540   Data         512  startup_stm32f10x_hd.o(HEAP)
    STACK                                    0x20006740   Section     1024  startup_stm32f10x_hd.o(STACK)
    Stack_Mem                                0x20006740   Data        1024  startup_stm32f10x_hd.o(STACK)
    __initial_sp                             0x20006b40   Data           0  startup_stm32f10x_hd.o(STACK)

    Global Symbols

    Symbol Name                              Value     Ov Type        Size  Object(Section)

    BuildAttributes$$THM_ISAv4$P$D$K$B$S$PE$A:L22UL41UL21$X:L11$S22US41US21$IEEE1$IW$USESV6$~STKCKD$USESV7$~SHL$OSPACE$ROPI$EBA8$UX$STANDARDLIB$REQ8$PRES8$EABIv2 0x00000000   Number         0  anon$$obj.o ABSOLUTE
    __ARM_use_no_argv                        0x00000000   Number         0  main.o ABSOLUTE
    __ARM_exceptions_init                     - Undefined Weak Reference
    __alloca_initialize                       - Undefined Weak Reference
    __arm_preinit_                            - Undefined Weak Reference
    __cpp_initialize__aeabi_                  - Undefined Weak Reference
    __cxa_finalize                            - Undefined Weak Reference
    __rt_locale                               - Undefined Weak Reference
    __sigvec_lookup                           - Undefined Weak Reference
    _atexit_init                              - Undefined Weak Reference
    _call_atexit_fns                          - Undefined Weak Reference
    _clock_init                               - Undefined Weak Reference
    _fp_trap_init                             - Undefined Weak Reference
    _fp_trap_shutdown                         - Undefined Weak Reference
    _get_lc_collate                           - Undefined Weak Reference
    _get_lc_ctype                             - Undefined Weak Reference
    _get_lc_monetary                          - Undefined Weak Reference
    _get_lc_numeric                           - Undefined Weak Reference
    _get_lc_time                              - Undefined Weak Reference
    _getenv_init                              - Undefined Weak Reference
    _handle_redirection                       - Undefined Weak Reference
    _init_alloc                               - Undefined Weak Reference
    _init_user_alloc                          - Undefined Weak Reference
    _initio                                   - Undefined Weak Reference
    _rand_init                                - Undefined Weak Reference
    _signal_finish                            - Undefined Weak Reference
    _signal_init                              - Undefined Weak Reference
    _terminate_alloc                          - Undefined Weak Reference
    _terminate_user_alloc                     - Undefined Weak Reference
    _terminateio                              - Undefined Weak Reference
    __Vectors_Size                           0x00000130   Number         0  startup_stm32f10x_hd.o ABSOLUTE
    __Vectors                                0x08000000   Data           4  startup_stm32f10x_hd.o(RESET)
    __Vectors_End                            0x08000130   Data           0  startup_stm32f10x_hd.o(RESET)
    __main                                   0x08000131   Thumb Code     8  __main.o(!!!main)
    __scatterload                            0x08000139   Thumb Code     0  __scatter.o(!!!scatter)
    __scatterload_rt2                        0x08000139   Thumb Code    44  __scatter.o(!!!scatter)
    __scatterload_rt2_thumb_only             0x08000139   Thumb Code     0  __scatter.o(!!!scatter)
    __scatterload_null                       0x08000147   Thumb Code     0  __scatter.o(!!!scatter)
    __scatterload_copy                       0x0800016d   Thumb Code    26  __scatter_copy.o(!!handler_copy)
    __scatterload_zeroinit                   0x08000189   Thumb Code    28  __scatter_zi.o(!!handler_zi)
    __rt_lib_init                            0x080001a5   Thumb Code     0  libinit.o(.ARM.Collect$$libinit$$00000000)
    __rt_lib_init_alloca_1                   0x080001a7   Thumb Code     0  libinit2.o(.ARM.Collect$$libinit$$0000002E)
    __rt_lib_init_argv_1                     0x080001a7   Thumb Code     0  libinit2.o(.ARM.Collect$$libinit$$0000002C)
    __rt_lib_init_atexit_1                   0x080001a7   Thumb Code     0  libinit2.o(.ARM.Collect$$libinit$$0000001B)
    __rt_lib_init_clock_1                    0x080001a7   Thumb Code     0  libinit2.o(.ARM.Collect$$libinit$$00000021)
    __rt_lib_init_cpp_1                      0x080001a7   Thumb Code     0  libinit2.o(.ARM.Collect$$libinit$$00000032)
    __rt_lib_init_exceptions_1               0x080001a7   Thumb Code     0  libinit2.o(.ARM.Collect$$libinit$$00000030)
    __rt_lib_init_fp_1                       0x080001a7   Thumb Code     0  libinit2.o(.ARM.Collect$$libinit$$00000002)
    __rt_lib_init_fp_trap_1                  0x080001a7   Thumb Code     0  libinit2.o(.ARM.Collect$$libinit$$0000001F)
    __rt_lib_init_getenv_1                   0x080001a7   Thumb Code     0  libinit2.o(.ARM.Collect$$libinit$$00000023)
    __rt_lib_init_heap_1                     0x080001a7   Thumb Code     0  libinit2.o(.ARM.Collect$$libinit$$0000000A)
    __rt_lib_init_lc_collate_1               0x080001a7   Thumb Code     0  libinit2.o(.ARM.Collect$$libinit$$00000011)
    __rt_lib_init_lc_ctype_1                 0x080001a7   Thumb Code     0  libinit2.o(.ARM.Collect$$libinit$$00000013)
    __rt_lib_init_lc_monetary_1              0x080001a7   Thumb Code     0  libinit2.o(.ARM.Collect$$libinit$$00000015)
    __rt_lib_init_lc_numeric_1               0x080001a7   Thumb Code     0  libinit2.o(.ARM.Collect$$libinit$$00000017)
    __rt_lib_init_lc_time_1                  0x080001a7   Thumb Code     0  libinit2.o(.ARM.Collect$$libinit$$00000019)
    __rt_lib_init_preinit_1                  0x080001a7   Thumb Code     0  libinit2.o(.ARM.Collect$$libinit$$00000004)
    __rt_lib_init_rand_1                     0x080001a7   Thumb Code     0  libinit2.o(.ARM.Collect$$libinit$$0000000E)
    __rt_lib_init_return                     0x080001a7   Thumb Code     0  libinit2.o(.ARM.Collect$$libinit$$00000033)
    __rt_lib_init_signal_1                   0x080001a7   Thumb Code     0  libinit2.o(.ARM.Collect$$libinit$$0000001D)
    __rt_lib_init_stdio_1                    0x080001a7   Thumb Code     0  libinit2.o(.ARM.Collect$$libinit$$00000025)
    __rt_lib_init_user_alloc_1               0x080001a7   Thumb Code     0  libinit2.o(.ARM.Collect$$libinit$$0000000C)
    __rt_lib_shutdown                        0x080001a9   Thumb Code     0  libshutdown.o(.ARM.Collect$$libshutdown$$00000000)
    __rt_lib_shutdown_fp_trap_1              0x080001ab   Thumb Code     0  libshutdown2.o(.ARM.Collect$$libshutdown$$00000006)
    __rt_lib_shutdown_heap_1                 0x080001ab   Thumb Code     0  libshutdown2.o(.ARM.Collect$$libshutdown$$0000000E)
    __rt_lib_shutdown_return                 0x080001ab   Thumb Code     0  libshutdown2.o(.ARM.Collect$$libshutdown$$0000000F)
    __rt_lib_shutdown_signal_1               0x080001ab   Thumb Code     0  libshutdown2.o(.ARM.Collect$$libshutdown$$00000009)
    __rt_lib_shutdown_stdio_1                0x080001ab   Thumb Code     0  libshutdown2.o(.ARM.Collect$$libshutdown$$00000003)
    __rt_lib_shutdown_user_alloc_1           0x080001ab   Thumb Code     0  libshutdown2.o(.ARM.Collect$$libshutdown$$0000000B)
    __rt_entry                               0x080001ad   Thumb Code     0  __rtentry.o(.ARM.Collect$$rtentry$$00000000)
    __rt_entry_presh_1                       0x080001ad   Thumb Code     0  __rtentry2.o(.ARM.Collect$$rtentry$$00000002)
    __rt_entry_sh                            0x080001ad   Thumb Code     0  __rtentry4.o(.ARM.Collect$$rtentry$$00000004)
    __rt_entry_li                            0x080001b3   Thumb Code     0  __rtentry2.o(.ARM.Collect$$rtentry$$0000000A)
    __rt_entry_postsh_1                      0x080001b3   Thumb Code     0  __rtentry2.o(.ARM.Collect$$rtentry$$00000009)
    __rt_entry_main                          0x080001b7   Thumb Code     0  __rtentry2.o(.ARM.Collect$$rtentry$$0000000D)
    __rt_entry_postli_1                      0x080001b7   Thumb Code     0  __rtentry2.o(.ARM.Collect$$rtentry$$0000000C)
    __rt_exit                                0x080001bf   Thumb Code     0  rtexit.o(.ARM.Collect$$rtexit$$00000000)
    __rt_exit_ls                             0x080001c1   Thumb Code     0  rtexit2.o(.ARM.Collect$$rtexit$$00000003)
    __rt_exit_prels_1                        0x080001c1   Thumb Code     0  rtexit2.o(.ARM.Collect$$rtexit$$00000002)
    __rt_exit_exit                           0x080001c5   Thumb Code     0  rtexit2.o(.ARM.Collect$$rtexit$$00000004)
    Reset_Handler                            0x080001cd   Thumb Code     8  startup_stm32f10x_hd.o(.text)
    NMI_Handler                              0x080001d5   Thumb Code     2  startup_stm32f10x_hd.o(.text)
    HardFault_Handler                        0x080001d7   Thumb Code     2  startup_stm32f10x_hd.o(.text)
    MemManage_Handler                        0x080001d9   Thumb Code     2  startup_stm32f10x_hd.o(.text)
    BusFault_Handler                         0x080001db   Thumb Code     2  startup_stm32f10x_hd.o(.text)
    UsageFault_Handler                       0x080001dd   Thumb Code     2  startup_stm32f10x_hd.o(.text)
    SVC_Handler                              0x080001df   Thumb Code     2  startup_stm32f10x_hd.o(.text)
    DebugMon_Handler                         0x080001e1   Thumb Code     2  startup_stm32f10x_hd.o(.text)
    PendSV_Handler                           0x080001e3   Thumb Code     2  startup_stm32f10x_hd.o(.text)
    SysTick_Handler                          0x080001e5   Thumb Code     2  startup_stm32f10x_hd.o(.text)
    ADC1_2_IRQHandler                        0x080001e7   Thumb Code     0  startup_stm32f10x_hd.o(.text)
    ADC3_IRQHandler                          0x080001e7   Thumb Code     0  startup_stm32f10x_hd.o(.text)
    CAN1_RX1_IRQHandler                      0x080001e7   Thumb Code     0  startup_stm32f10x_hd.o(.text)
    CAN1_SCE_IRQHandler                      0x080001e7   Thumb Code     0  startup_stm32f10x_hd.o(.text)
    DMA1_Channel3_IRQHandler                 0x080001e7   Thumb Code     0  startup_stm32f10x_hd.o(.text)
    DMA1_Channel5_IRQHandler                 0x080001e7   Thumb Code     0  startup_stm32f10x_hd.o(.text)
    DMA1_Channel6_IRQHandler                 0x080001e7   Thumb Code     0  startup_stm32f10x_hd.o(.text)
    DMA2_Channel1_IRQHandler                 0x080001e7   Thumb Code     0  startup_stm32f10x_hd.o(.text)
    DMA2_Channel2_IRQHandler                 0x080001e7   Thumb Code     0  startup_stm32f10x_hd.o(.text)
    FLASH_IRQHandler                         0x080001e7   Thumb Code     0  startup_stm32f10x_hd.o(.text)
    FSMC_IRQHandler                          0x080001e7   Thumb Code     0  startup_stm32f10x_hd.o(.text)
    I2C1_ER_IRQHandler                       0x080001e7   Thumb Code     0  startup_stm32f10x_hd.o(.text)
    I2C1_EV_IRQHandler                       0x080001e7   Thumb Code     0  startup_stm32f10x_hd.o(.text)
    I2C2_ER_IRQHandler                       0x080001e7   Thumb Code     0  startup_stm32f10x_hd.o(.text)
    I2C2_EV_IRQHandler                       0x080001e7   Thumb Code     0  startup_stm32f10x_hd.o(.text)
    PVD_IRQHandler                           0x080001e7   Thumb Code     0  startup_stm32f10x_hd.o(.text)
    RCC_IRQHandler                           0x080001e7   Thumb Code     0  startup_stm32f10x_hd.o(.text)
    RTCAlarm_IRQHandler                      0x080001e7   Thumb Code     0  startup_stm32f10x_hd.o(.text)
    SDIO_IRQHandler                          0x080001e7   Thumb Code     0  startup_stm32f10x_hd.o(.text)
    SPI1_IRQHandler                          0x080001e7   Thumb Code     0  startup_stm32f10x_hd.o(.text)
    SPI2_IRQHandler                          0x080001e7   Thumb Code     0  startup_stm32f10x_hd.o(.text)
    SPI3_IRQHandler                          0x080001e7   Thumb Code     0  startup_stm32f10x_hd.o(.text)
    TAMPER_IRQHandler                        0x080001e7   Thumb Code     0  startup_stm32f10x_hd.o(.text)
    TIM1_BRK_IRQHandler                      0x080001e7   Thumb Code     0  startup_stm32f10x_hd.o(.text)
    TIM1_CC_IRQHandler                       0x080001e7   Thumb Code     0  startup_stm32f10x_hd.o(.text)
    TIM1_TRG_COM_IRQHandler                  0x080001e7   Thumb Code     0  startup_stm32f10x_hd.o(.text)
    TIM8_BRK_IRQHandler                      0x080001e7   Thumb Code     0  startup_stm32f10x_hd.o(.text)
    TIM8_CC_IRQHandler                       0x080001e7   Thumb Code     0  startup_stm32f10x_hd.o(.text)
    TIM8_TRG_COM_IRQHandler                  0x080001e7   Thumb Code     0  startup_stm32f10x_hd.o(.text)
    UART4_IRQHandler                         0x080001e7   Thumb Code     0  startup_stm32f10x_hd.o(.text)
    USBWakeUp_IRQHandler                     0x080001e7   Thumb Code     0  startup_stm32f10x_hd.o(.text)
    USB_HP_CAN1_TX_IRQHandler                0x080001e7   Thumb Code     0  startup_stm32f10x_hd.o(.text)
    USB_LP_CAN1_RX0_IRQHandler               0x080001e7   Thumb Code     0  startup_stm32f10x_hd.o(.text)
    WWDG_IRQHandler                          0x080001e7   Thumb Code     0  startup_stm32f10x_hd.o(.text)
    __user_initial_stackheap                 0x080001e9   Thumb Code     0  startup_stm32f10x_hd.o(.text)
    OS_CPU_SR_Save                           0x0800020d   Thumb Code     0  os_cpu_a.o(.text)
    OS_CPU_SR_Restore                        0x08000215   Thumb Code     0  os_cpu_a.o(.text)
    OSStartHighRdy                           0x0800021b   Thumb Code     0  os_cpu_a.o(.text)
    OSCtxSw                                  0x0800023b   Thumb Code     0  os_cpu_a.o(.text)
    OSIntCtxSw                               0x08000245   Thumb Code     0  os_cpu_a.o(.text)
    OS_CPU_PendSVHandler                     0x0800024f   Thumb Code     0  os_cpu_a.o(.text)
    __aeabi_memcpy4                          0x080002b1   Thumb Code     0  rt_memcpy_w.o(.text)
    __aeabi_memcpy8                          0x080002b1   Thumb Code     0  rt_memcpy_w.o(.text)
    __rt_memcpy_w                            0x080002b1   Thumb Code   100  rt_memcpy_w.o(.text)
    _memcpy_lastbytes_aligned                0x080002f9   Thumb Code     0  rt_memcpy_w.o(.text)
    __use_two_region_memory                  0x08000315   Thumb Code     2  heapauxi.o(.text)
    __rt_heap_escrow$2region                 0x08000317   Thumb Code     2  heapauxi.o(.text)
    __rt_heap_expand$2region                 0x08000319   Thumb Code     2  heapauxi.o(.text)
    __user_setup_stackheap                   0x0800031b   Thumb Code    74  sys_stackheap_outer.o(.text)
    exit                                     0x08000365   Thumb Code    12  exit.o(.text)
    __user_libspace                          0x08000371   Thumb Code     8  libspace.o(.text)
    __user_perproc_libspace                  0x08000371   Thumb Code     0  libspace.o(.text)
    __user_perthread_libspace                0x08000371   Thumb Code     0  libspace.o(.text)
    _sys_exit                                0x08000379   Thumb Code     8  sys_exit.o(.text)
    __I$use$semihosting                      0x08000385   Thumb Code     0  use_no_semi.o(.text)
    __use_no_semihosting_swi                 0x08000385   Thumb Code     2  use_no_semi.o(.text)
    __semihosting_library_function           0x08000387   Thumb Code     0  indicate_semi.o(.text)
    DAC_Cmd                                  0x08000389   Thumb Code    34  stm32f10x_dac.o(i.DAC_Cmd)
    DAC_DMACmd                               0x080003b1   Thumb Code    38  stm32f10x_dac.o(i.DAC_DMACmd)
    DMA1_Channel1_IRQHandler                 0x080003dd   Thumb Code     2  cead.o(i.DMA1_Channel1_IRQHandler)
    DMA1_Channel2_IRQHandler                 0x080003e1   Thumb Code    36  ceuart.o(i.DMA1_Channel2_IRQHandler)
    DMA1_Channel4_IRQHandler                 0x0800040d   Thumb Code    40  ceuart.o(i.DMA1_Channel4_IRQHandler)
    DMA1_Channel7_IRQHandler                 0x0800043d   Thumb Code    40  ceuart.o(i.DMA1_Channel7_IRQHandler)
    DMA2_Channel3_IRQHandler                 0x0800046d   Thumb Code    90  ceda.o(i.DMA2_Channel3_IRQHandler)
    DMA2_Channel4_5_IRQHandler               0x080004dd   Thumb Code    90  ceda.o(i.DMA2_Channel4_5_IRQHandler)
    DMA_ClearFlag                            0x08000549   Thumb Code    18  stm32f10x_dma.o(i.DMA_ClearFlag)
    DMA_Cmd                                  0x08000565   Thumb Code    24  stm32f10x_dma.o(i.DMA_Cmd)
    DMA_DeInit                               0x0800057d   Thumb Code   324  stm32f10x_dma.o(i.DMA_DeInit)
    DMA_GetCurrDataCounter                   0x080006c9   Thumb Code     8  stm32f10x_dma.o(i.DMA_GetCurrDataCounter)
    DMA_GetITStatus                          0x080006d1   Thumb Code    36  stm32f10x_dma.o(i.DMA_GetITStatus)
    DMA_ITConfig                             0x080006fd   Thumb Code    18  stm32f10x_dma.o(i.DMA_ITConfig)
    DMA_Init                                 0x0800070f   Thumb Code    60  stm32f10x_dma.o(i.DMA_Init)
    EXTI0_IRQHandler                         0x0800074d   Thumb Code    40  ceint.o(i.EXTI0_IRQHandler)
    EXTI15_10_IRQHandler                     0x08000779   Thumb Code   190  ceint.o(i.EXTI15_10_IRQHandler)
    EXTI1_IRQHandler                         0x0800083d   Thumb Code    40  ceint.o(i.EXTI1_IRQHandler)
    EXTI2_IRQHandler                         0x08000869   Thumb Code    40  ceint.o(i.EXTI2_IRQHandler)
    EXTI3_IRQHandler                         0x08000895   Thumb Code    40  ceint.o(i.EXTI3_IRQHandler)
    EXTI4_IRQHandler                         0x080008c1   Thumb Code    40  ceint.o(i.EXTI4_IRQHandler)
    EXTI9_5_IRQHandler                       0x080008ed   Thumb Code   182  ceint.o(i.EXTI9_5_IRQHandler)
    EXTI_ClearFlag                           0x080009a9   Thumb Code     6  stm32f10x_exti.o(i.EXTI_ClearFlag)
    EXTI_GetFlagStatus                       0x080009b5   Thumb Code    20  stm32f10x_exti.o(i.EXTI_GetFlagStatus)
    GPIO_Init                                0x080009cd   Thumb Code   278  stm32f10x_gpio.o(i.GPIO_Init)
    GPIO_PinRemapConfig                      0x08000ae5   Thumb Code   138  stm32f10x_gpio.o(i.GPIO_PinRemapConfig)
    NVIC_Init                                0x08000b75   Thumb Code   100  misc.o(i.NVIC_Init)
    NVIC_PriorityGroupConfig                 0x08000be5   Thumb Code    10  misc.o(i.NVIC_PriorityGroupConfig)
    NVIC_SetVectorTable                      0x08000bf9   Thumb Code    12  misc.o(i.NVIC_SetVectorTable)
    OSDebugInit                              0x08000c0d   Thumb Code    94  os_dbg_1.o(i.OSDebugInit)
    OSEventNameSet                           0x08000d21   Thumb Code   140  os_core_1.o(i.OSEventNameSet)
    OSInit                                   0x08000db1   Thumb Code    56  os_core_1.o(i.OSInit)
    OSInitHookBegin                          0x08000de9   Thumb Code     8  os_cpu_c_1.o(i.OSInitHookBegin)
    OSInitHookEnd                            0x08000df5   Thumb Code     2  os_cpu_c_1.o(i.OSInitHookEnd)
    OSSemCreate                              0x08000df9   Thumb Code    78  os_sem_1.o(i.OSSemCreate)
    OSSemPend                                0x08000e51   Thumb Code   246  os_sem_1.o(i.OSSemPend)
    OSSemPost                                0x08000f55   Thumb Code    94  os_sem_1.o(i.OSSemPost)
    OSStart                                  0x08000fb5   Thumb Code    48  os_core_1.o(i.OSStart)
    OSTCBInitHook                            0x08000ffd   Thumb Code     2  os_cpu_c_1.o(i.OSTCBInitHook)
    OSTaskCreateExt                          0x08001001   Thumb Code   180  os_task_1.o(i.OSTaskCreateExt)
    OSTaskCreateHook                         0x080010c1   Thumb Code     2  os_cpu_c_1.o(i.OSTaskCreateHook)
    OSTaskIdleHook                           0x080010c3   Thumb Code     2  os_cpu_c_1.o(i.OSTaskIdleHook)
    OSTaskNameSet                            0x080010c5   Thumb Code   160  os_task_1.o(i.OSTaskNameSet)
    OSTaskStatHook                           0x08001171   Thumb Code     2  os_cpu_c_1.o(i.OSTaskStatHook)
    OSTaskStkChk                             0x08001175   Thumb Code   150  os_task_1.o(i.OSTaskStkChk)
    OSTaskStkInit                            0x08001215   Thumb Code   154  os_cpu_c_1.o(i.OSTaskStkInit)
    OSTaskSuspend                            0x080012b1   Thumb Code   172  os_task_1.o(i.OSTaskSuspend)
    OSTaskSwHook                             0x0800136d   Thumb Code     2  os_cpu_c_1.o(i.OSTaskSwHook)
    OSTimeDly                                0x08001371   Thumb Code    96  os_time_1.o(i.OSTimeDly)
    OSTimeGet                                0x080013e1   Thumb Code    24  os_time_1.o(i.OSTimeGet)
    OSTmr_Init                               0x080013fd   Thumb Code   162  os_tmr_1.o(i.OSTmr_Init)
    OS_CPU_SysTickInit                       0x08001679   Thumb Code    54  os_cpu_c_1.o(i.OS_CPU_SysTickInit)
    OS_EventTaskRdy                          0x080016b9   Thumb Code   128  os_core_1.o(i.OS_EventTaskRdy)
    OS_EventTaskRemove                       0x08001749   Thumb Code    42  os_core_1.o(i.OS_EventTaskRemove)
    OS_EventTaskRemoveMulti                  0x08001773   Thumb Code    58  os_core_1.o(i.OS_EventTaskRemoveMulti)
    OS_EventTaskWait                         0x080017ad   Thumb Code   112  os_core_1.o(i.OS_EventTaskWait)
    OS_EventWaitListInit                     0x08001829   Thumb Code    28  os_core_1.o(i.OS_EventWaitListInit)
    OS_FlagInit                              0x08001845   Thumb Code    68  os_flag_1.o(i.OS_FlagInit)
    OS_MemClr                                0x08001a85   Thumb Code    18  os_core_1.o(i.OS_MemClr)
    OS_MemInit                               0x08001a99   Thumb Code    68  os_mem_1.o(i.OS_MemInit)
    OS_QInit                                 0x08001ae5   Thumb Code    46  os_q_1.o(i.OS_QInit)
    OS_Sched                                 0x08001b1d   Thumb Code    86  os_core_1.o(i.OS_Sched)
    OS_StrCopy                               0x08001bbd   Thumb Code    28  os_core_1.o(i.OS_StrCopy)
    OS_StrLen                                0x08001bd9   Thumb Code    20  os_core_1.o(i.OS_StrLen)
    OS_TCBInit                               0x08001bed   Thumb Code   264  os_core_1.o(i.OS_TCBInit)
    OS_TaskIdle                              0x08001d0d   Thumb Code    32  os_core_1.o(i.OS_TaskIdle)
    OS_TaskStat                              0x08001d31   Thumb Code   114  os_core_1.o(i.OS_TaskStat)
    OS_TaskStatStkChk                        0x08001db9   Thumb Code    54  os_core_1.o(i.OS_TaskStatStkChk)
    OS_TaskStkClr                            0x08001df5   Thumb Code    26  os_task_1.o(i.OS_TaskStkClr)
    RCC_AHBPeriphClockCmd                    0x08001e11   Thumb Code    26  stm32f10x_rcc.o(i.RCC_AHBPeriphClockCmd)
    RCC_APB1PeriphClockCmd                   0x08001e31   Thumb Code    26  stm32f10x_rcc.o(i.RCC_APB1PeriphClockCmd)
    RCC_APB1PeriphResetCmd                   0x08001e51   Thumb Code    26  stm32f10x_rcc.o(i.RCC_APB1PeriphResetCmd)
    RCC_APB2PeriphClockCmd                   0x08001e71   Thumb Code    26  stm32f10x_rcc.o(i.RCC_APB2PeriphClockCmd)
    RCC_APB2PeriphResetCmd                   0x08001e91   Thumb Code    26  stm32f10x_rcc.o(i.RCC_APB2PeriphResetCmd)
    RCC_GetClocksFreq                        0x08001eb1   Thumb Code   192  stm32f10x_rcc.o(i.RCC_GetClocksFreq)
    RTC_ClearITPendingBit                    0x08001f85   Thumb Code    12  stm32f10x_rtc.o(i.RTC_ClearITPendingBit)
    RTC_GetITStatus                          0x08001f95   Thumb Code    32  stm32f10x_rtc.o(i.RTC_GetITStatus)
    RTC_IRQHandler                           0x08001fb9   Thumb Code    34  cemcu.o(i.RTC_IRQHandler)
    RTC_WaitForLastTask                      0x08001fdd   Thumb Code    16  stm32f10x_rtc.o(i.RTC_WaitForLastTask)
    SystemInit                               0x080020d9   Thumb Code    78  system_stm32f10x.o(i.SystemInit)
    TIM1_UP_IRQHandler                       0x08002139   Thumb Code    46  cetimer.o(i.TIM1_UP_IRQHandler)
    TIM2_IRQHandler                          0x08002171   Thumb Code    64  ceccp.o(i.TIM2_IRQHandler)
    TIM3_IRQHandler                          0x080021b5   Thumb Code    46  cetimer.o(i.TIM3_IRQHandler)
    TIM4_IRQHandler                          0x080021ed   Thumb Code    46  cetimer.o(i.TIM4_IRQHandler)
    TIM5_IRQHandler                          0x08002225   Thumb Code    30  cesystem.o(i.TIM5_IRQHandler)
    TIM6_IRQHandler                          0x0800224d   Thumb Code    46  cetimer.o(i.TIM6_IRQHandler)
    TIM7_IRQHandler                          0x08002285   Thumb Code    46  cetimer.o(i.TIM7_IRQHandler)
    TIM8_UP_IRQHandler                       0x080022bd   Thumb Code    46  cetimer.o(i.TIM8_UP_IRQHandler)
    TIM_ClearFlag                            0x080022f5   Thumb Code     6  stm32f10x_tim.o(i.TIM_ClearFlag)
    TIM_Cmd                                  0x080022fb   Thumb Code    24  stm32f10x_tim.o(i.TIM_Cmd)
    TIM_DeInit                               0x08002315   Thumb Code   424  stm32f10x_tim.o(i.TIM_DeInit)
    TIM_GetFlagStatus                        0x080024fd   Thumb Code    18  stm32f10x_tim.o(i.TIM_GetFlagStatus)
    TIM_ITConfig                             0x0800250f   Thumb Code    18  stm32f10x_tim.o(i.TIM_ITConfig)
    TIM_SetCounter                           0x08002521   Thumb Code     4  stm32f10x_tim.o(i.TIM_SetCounter)
    TIM_TimeBaseInit                         0x08002525   Thumb Code   122  stm32f10x_tim.o(i.TIM_TimeBaseInit)
    UART5_IRQHandler                         0x080025c9   Thumb Code   144  ceuart.o(i.UART5_IRQHandler)
    USART1_IRQHandler                        0x08002669   Thumb Code    92  ceuart.o(i.USART1_IRQHandler)
    USART2_IRQHandler                        0x080026d9   Thumb Code    92  ceuart.o(i.USART2_IRQHandler)
    USART3_IRQHandler                        0x08002749   Thumb Code    92  ceuart.o(i.USART3_IRQHandler)
    USART_Cmd                                0x080027b9   Thumb Code    24  stm32f10x_usart.o(i.USART_Cmd)
    USART_DMACmd                             0x080027d1   Thumb Code    18  stm32f10x_usart.o(i.USART_DMACmd)
    USART_GetFlagStatus                      0x080027e3   Thumb Code    26  stm32f10x_usart.o(i.USART_GetFlagStatus)
    USART_GetITStatus                        0x080027fd   Thumb Code    84  stm32f10x_usart.o(i.USART_GetITStatus)
    USART_ITConfig                           0x08002851   Thumb Code    74  stm32f10x_usart.o(i.USART_ITConfig)
    USART_Init                               0x0800289d   Thumb Code   210  stm32f10x_usart.o(i.USART_Init)
    USART_ReceiveData                        0x08002975   Thumb Code    10  stm32f10x_usart.o(i.USART_ReceiveData)
    USART_SendData                           0x0800297f   Thumb Code     8  stm32f10x_usart.o(i.USART_SendData)
    cTicker_stop                             0x08002989   Thumb Code    64  ceticker.o(i.cTicker_stop)
    ceAbs                                    0x080029e5   Thumb Code    14  ceextra.o(i.ceAbs)
    ceAtoi                                   0x080029f3   Thumb Code   102  ceextra.o(i.ceAtoi)
    ceCheckCeTask                            0x08002a59   Thumb Code    62  cetask.o(i.ceCheckCeTask)
    ceCheckCeTicker                          0x08002a97   Thumb Code    28  ceticker.o(i.ceCheckCeTicker)
    ceCheckCeUart                            0x08002ab3   Thumb Code    28  ceuart.o(i.ceCheckCeUart)
    ceDoubleFifo_clear                       0x08002ad1   Thumb Code    22  ceextra.o(i.ceDoubleFifo_clear)
    ceDoubleFifo_getCanReadSize              0x08002aed   Thumb Code    22  ceextra.o(i.ceDoubleFifo_getCanReadSize)
    ceDoubleFifo_getCanWriteSize             0x08002b09   Thumb Code    22  ceextra.o(i.ceDoubleFifo_getCanWriteSize)
    ceDoubleFifo_initial                     0x08002b25   Thumb Code    24  ceextra.o(i.ceDoubleFifo_initial)
    ceDoubleFifo_isEmpty                     0x08002b41   Thumb Code    22  ceextra.o(i.ceDoubleFifo_isEmpty)
    ceDoubleFifo_read                        0x08002b5d   Thumb Code    30  ceextra.o(i.ceDoubleFifo_read)
    ceDoubleFifo_updata                      0x08002b81   Thumb Code    92  ceextra.o(i.ceDoubleFifo_updata)
    ceDoubleFifo_write                       0x08002be1   Thumb Code    50  ceextra.o(i.ceDoubleFifo_write)
    ceFifo_clear                             0x08002c19   Thumb Code    60  ceextra.o(i.ceFifo_clear)
    ceFifo_getCanReadSize                    0x08002c59   Thumb Code    40  ceextra.o(i.ceFifo_getCanReadSize)
    ceFifo_getCanWriteSize                   0x08002c81   Thumb Code    56  ceextra.o(i.ceFifo_getCanWriteSize)
    ceFifo_getWriteLockStatus                0x08002cb9   Thumb Code     6  ceextra.o(i.ceFifo_getWriteLockStatus)
    ceFifo_initial                           0x08002cbf   Thumb Code    16  ceextra.o(i.ceFifo_initial)
    ceFifo_isEmpty                           0x08002ccf   Thumb Code    34  ceextra.o(i.ceFifo_isEmpty)
    ceFifo_read                              0x08002cf1   Thumb Code   144  ceextra.o(i.ceFifo_read)
    ceFifo_write                             0x08002d85   Thumb Code   120  ceextra.o(i.ceFifo_write)
    ceFlash_initialBySystem                  0x08002e01   Thumb Code     4  ceflash.o(i.ceFlash_initialBySystem)
    ceFlash_read                             0x08002e05   Thumb Code     6  ceflash.o(i.ceFlash_read)
    ceFlash_wape                             0x08002e0b   Thumb Code     6  ceflash.o(i.ceFlash_wape)
    ceFlash_write                            0x08002e11   Thumb Code     6  ceflash.o(i.ceFlash_write)
    ceItoa                                   0x08002e19   Thumb Code   150  ceextra.o(i.ceItoa)
    ceStrcmp                                 0x08002ec5   Thumb Code    56  ceextra.o(i.ceStrcmp)
    ceStrcpy                                 0x08002efd   Thumb Code    32  ceextra.o(i.ceStrcpy)
    ceStrlen                                 0x08002f1d   Thumb Code    16  ceextra.o(i.ceStrlen)
    ceSystem_NVICInitial                     0x08002f2d   Thumb Code    24  cesystem.o(i.ceSystem_NVICInitial)
    ceSystem_SystemTickUsTimerInitial        0x08002f45   Thumb Code   116  cesystem.o(i.ceSystem_SystemTickUsTimerInitial)
    ceSystem_delayInit                       0x08002fbd   Thumb Code    32  cesystem.o(i.ceSystem_delayInit)
    ceSystem_delayMs                         0x08002fe5   Thumb Code    44  cesystem.o(i.ceSystem_delayMs)
    ceSystem_delayNs                         0x08003015   Thumb Code    56  cesystem.o(i.ceSystem_delayNs)
    ceSystem_delayUs                         0x08003051   Thumb Code    48  cesystem.o(i.ceSystem_delayUs)
    ceSystem_getDebugRecvData                0x08003085   Thumb Code    22  cesystem.o(i.ceSystem_getDebugRecvData)
    ceSystem_getDebugRecvDataCount           0x080030a5   Thumb Code    14  cesystem.o(i.ceSystem_getDebugRecvDataCount)
    ceSystem_getErrorMsg                     0x080030bd   Thumb Code    72  cesystem.o(i.ceSystem_getErrorMsg)
    ceSystem_getSystemTickMs                 0x08003129   Thumb Code     8  cesystem.o(i.ceSystem_getSystemTickMs)
    ceSystem_getSystemTickUs                 0x08003131   Thumb Code    40  cesystem.o(i.ceSystem_getSystemTickUs)
    ceSystem_inCriticalSection               0x08003161   Thumb Code    12  cesystem.o(i.ceSystem_inCriticalSection)
    ceSystem_initial                         0x08003171   Thumb Code    40  cesystem.o(i.ceSystem_initial)
    ceSystem_initialDebug                    0x080031a5   Thumb Code    64  cesystem.o(i.ceSystem_initialDebug)
    ceSystem_mainTask                        0x080031f1   Thumb Code    14  cesystem.o(i.ceSystem_mainTask)
    ceSystem_outCriticalSection              0x08003201   Thumb Code    20  cesystem.o(i.ceSystem_outCriticalSection)
    ceSystem_printf                          0x08003219   Thumb Code   414  cesystem.o(i.ceSystem_printf)
    ceSystem_printfBin                       0x080033e1   Thumb Code    44  cesystem.o(i.ceSystem_printfBin)
    ceSystem_printfChar                      0x0800340d   Thumb Code    72  cesystem.o(i.ceSystem_printfChar)
    ceSystem_printfFp64                      0x08003469   Thumb Code   128  cesystem.o(i.ceSystem_printfFp64)
    ceSystem_printfHex                       0x080034ed   Thumb Code   140  cesystem.o(i.ceSystem_printfHex)
    ceSystem_printfInt32                     0x0800357d   Thumb Code   132  cesystem.o(i.ceSystem_printfInt32)
    ceSystem_printfStr                       0x08003601   Thumb Code    30  cesystem.o(i.ceSystem_printfStr)
    ceSystem_printfUint32                    0x0800361f   Thumb Code   114  cesystem.o(i.ceSystem_printfUint32)
    ceSystem_registerAppendString            0x08003691   Thumb Code    96  cesystem.o(i.ceSystem_registerAppendString)
    ceSystem_sprintf                         0x08003839   Thumb Code   402  cesystem.o(i.ceSystem_sprintf)
    ceSystem_taskSchedule                    0x080039e9   Thumb Code    12  cesystem.o(i.ceSystem_taskSchedule)
    ceSystem_unRegisterAppendString          0x080039f9   Thumb Code     8  cesystem.o(i.ceSystem_unRegisterAppendString)
    ceTask_initialBySystem                   0x08003a05   Thumb Code    56  cetask.o(i.ceTask_initialBySystem)
    ceTask_register                          0x08003a4d   Thumb Code   586  cetask.o(i.ceTask_register)
    ceTask_start                             0x08003cc9   Thumb Code    46  cetask.o(i.ceTask_start)
    ceTask_stop                              0x08003cfd   Thumb Code    46  cetask.o(i.ceTask_stop)
    ceTask_taskBySystem                      0x08003d31   Thumb Code    56  cetask.o(i.ceTask_taskBySystem)
    ceTask_uCOSIITaskPlam                    0x08003d89   Thumb Code    12  cetask.o(i.ceTask_uCOSIITaskPlam)
    ceTask_unRegister                        0x08003d95   Thumb Code    70  cetask.o(i.ceTask_unRegister)
    ceTicker_initial                         0x08003de1   Thumb Code    58  ceticker.o(i.ceTicker_initial)
    ceTicker_register                        0x08003e39   Thumb Code    78  ceticker.o(i.ceTicker_register)
    ceTicker_start                           0x08003ea5   Thumb Code    68  ceticker.o(i.ceTicker_start)
    ceTicker_tickerTickerMs                  0x08003f05   Thumb Code    82  ceticker.o(i.ceTicker_tickerTickerMs)
    ceTicker_unRegister                      0x08003f81   Thumb Code    92  ceticker.o(i.ceTicker_unRegister)
    ceUart_clearRecvBuf                      0x08003ff9   Thumb Code    16  ceuart.o(i.ceUart_clearRecvBuf)
    ceUart_getRecvDataCount                  0x0800400d   Thumb Code    16  ceuart.o(i.ceUart_getRecvDataCount)
    ceUart_initial                           0x08004021   Thumb Code  1144  ceuart.o(i.ceUart_initial)
    ceUart_readData                          0x08004499   Thumb Code    24  ceuart.o(i.ceUart_readData)
    ceUart_sendData                          0x080044b5   Thumb Code   122  ceuart.o(i.ceUart_sendData)
    ceUart_start                             0x0800454d   Thumb Code    34  ceuart.o(i.ceUart_start)
    ceUart_stop                              0x08004585   Thumb Code    34  ceuart.o(i.ceUart_stop)
    ce_assert_failed                         0x080045bd   Thumb Code    56  cesystem.o(i.ce_assert_failed)
    main                                     0x08004635   Thumb Code    24  main.o(i.main)
    startCalTimeCostUs                       0x08004655   Thumb Code    40  cesystem.o(i.startCalTimeCostUs)
    stopCalTimeCostUs                        0x08004685   Thumb Code    70  cesystem.o(i.stopCalTimeCostUs)
    __aeabi_dadd                             0x080046d5   Thumb Code     0  daddsub_clz.o(x$fpl$dadd)
    _dadd                                    0x080046d5   Thumb Code   332  daddsub_clz.o(x$fpl$dadd)
    __fpl_dcmp_Inf                           0x08004825   Thumb Code    24  dcmpi.o(x$fpl$dcmpinf)
    __aeabi_d2iz                             0x0800483d   Thumb Code     0  dfix.o(x$fpl$dfix)
    _dfix                                    0x0800483d   Thumb Code    94  dfix.o(x$fpl$dfix)
    __aeabi_i2d                              0x0800489b   Thumb Code     0  dflt_clz.o(x$fpl$dflt)
    _dflt                                    0x0800489b   Thumb Code    46  dflt_clz.o(x$fpl$dflt)
    __aeabi_cdcmple                          0x080048c9   Thumb Code     0  dleqf.o(x$fpl$dleqf)
    _dcmple                                  0x080048c9   Thumb Code   120  dleqf.o(x$fpl$dleqf)
    __fpl_dcmple_InfNaN                      0x0800492b   Thumb Code     0  dleqf.o(x$fpl$dleqf)
    __aeabi_dmul                             0x08004941   Thumb Code     0  dmul.o(x$fpl$dmul)
    _dmul                                    0x08004941   Thumb Code   332  dmul.o(x$fpl$dmul)
    __fpl_dnaninf                            0x08004a95   Thumb Code   156  dnaninf.o(x$fpl$dnaninf)
    __fpl_dretinf                            0x08004b31   Thumb Code    12  dretinf.o(x$fpl$dretinf)
    __aeabi_drsub                            0x08004b3d   Thumb Code     0  daddsub_clz.o(x$fpl$drsb)
    _drsb                                    0x08004b3d   Thumb Code    22  daddsub_clz.o(x$fpl$drsb)
    __aeabi_dsub                             0x08004b55   Thumb Code     0  daddsub_clz.o(x$fpl$dsub)
    _dsub                                    0x08004b55   Thumb Code   464  daddsub_clz.o(x$fpl$dsub)
    OSUnMapTbl                               0x08004d28   Data         256  os_core_1.o(.constdata)
    __I$use$fp                               0x08004d28   Number         0  usenofp.o(x$fpl$usenofp)
    OSDebugEn                                0x08004e28   Data           2  os_dbg_1.o(.constdata)
    OSEndiannessTest                         0x08004e2c   Data           4  os_dbg_1.o(.constdata)
    OSEventMax                               0x08004e30   Data           2  os_dbg_1.o(.constdata)
    OSEventNameSize                          0x08004e32   Data           2  os_dbg_1.o(.constdata)
    OSEventEn                                0x08004e34   Data           2  os_dbg_1.o(.constdata)
    OSEventSize                              0x08004e36   Data           2  os_dbg_1.o(.constdata)
    OSEventTblSize                           0x08004e38   Data           2  os_dbg_1.o(.constdata)
    OSFlagEn                                 0x08004e3a   Data           2  os_dbg_1.o(.constdata)
    OSFlagGrpSize                            0x08004e3c   Data           2  os_dbg_1.o(.constdata)
    OSFlagNodeSize                           0x08004e3e   Data           2  os_dbg_1.o(.constdata)
    OSFlagWidth                              0x08004e40   Data           2  os_dbg_1.o(.constdata)
    OSFlagMax                                0x08004e42   Data           2  os_dbg_1.o(.constdata)
    OSFlagNameSize                           0x08004e44   Data           2  os_dbg_1.o(.constdata)
    OSLowestPrio                             0x08004e46   Data           2  os_dbg_1.o(.constdata)
    OSMboxEn                                 0x08004e48   Data           2  os_dbg_1.o(.constdata)
    OSMemEn                                  0x08004e4a   Data           2  os_dbg_1.o(.constdata)
    OSMemMax                                 0x08004e4c   Data           2  os_dbg_1.o(.constdata)
    OSMemNameSize                            0x08004e4e   Data           2  os_dbg_1.o(.constdata)
    OSMemSize                                0x08004e50   Data           2  os_dbg_1.o(.constdata)
    OSMemTblSize                             0x08004e52   Data           2  os_dbg_1.o(.constdata)
    OSMutexEn                                0x08004e54   Data           2  os_dbg_1.o(.constdata)
    OSPtrSize                                0x08004e56   Data           2  os_dbg_1.o(.constdata)
    OSQEn                                    0x08004e58   Data           2  os_dbg_1.o(.constdata)
    OSQMax                                   0x08004e5a   Data           2  os_dbg_1.o(.constdata)
    OSQSize                                  0x08004e5c   Data           2  os_dbg_1.o(.constdata)
    OSRdyTblSize                             0x08004e5e   Data           2  os_dbg_1.o(.constdata)
    OSSemEn                                  0x08004e60   Data           2  os_dbg_1.o(.constdata)
    OSStkWidth                               0x08004e62   Data           2  os_dbg_1.o(.constdata)
    OSTaskCreateEn                           0x08004e64   Data           2  os_dbg_1.o(.constdata)
    OSTaskCreateExtEn                        0x08004e66   Data           2  os_dbg_1.o(.constdata)
    OSTaskDelEn                              0x08004e68   Data           2  os_dbg_1.o(.constdata)
    OSTaskIdleStkSize                        0x08004e6a   Data           2  os_dbg_1.o(.constdata)
    OSTaskProfileEn                          0x08004e6c   Data           2  os_dbg_1.o(.constdata)
    OSTaskMax                                0x08004e6e   Data           2  os_dbg_1.o(.constdata)
    OSTaskNameSize                           0x08004e70   Data           2  os_dbg_1.o(.constdata)
    OSTaskStatEn                             0x08004e72   Data           2  os_dbg_1.o(.constdata)
    OSTaskStatStkSize                        0x08004e74   Data           2  os_dbg_1.o(.constdata)
    OSTaskStatStkChkEn                       0x08004e76   Data           2  os_dbg_1.o(.constdata)
    OSTaskSwHookEn                           0x08004e78   Data           2  os_dbg_1.o(.constdata)
    OSTCBPrioTblMax                          0x08004e7a   Data           2  os_dbg_1.o(.constdata)
    OSTCBSize                                0x08004e7c   Data           2  os_dbg_1.o(.constdata)
    OSTicksPerSec                            0x08004e7e   Data           2  os_dbg_1.o(.constdata)
    OSTimeTickHookEn                         0x08004e80   Data           2  os_dbg_1.o(.constdata)
    OSVersionNbr                             0x08004e82   Data           2  os_dbg_1.o(.constdata)
    OSDataSize                               0x08004e84   Data           2  os_dbg_1.o(.constdata)
    ceMathOp                                 0x08004e88   Data           4  ceextra.o(.constdata)
    ceStringOp                               0x08004e8c   Data          20  ceextra.o(.constdata)
    ceFifoOp                                 0x08004ea0   Data          36  ceextra.o(.constdata)
    ceDoubleFifoOp                           0x08004ec4   Data          28  ceextra.o(.constdata)
    ceFlashOp                                0x08004ee0   Data          16  ceflash.o(.constdata)
    pHexIndex                                0x08004ef0   Data          16  cesystem.o(.constdata)
    ceSystemOp                               0x08004f00   Data          80  cesystem.o(.constdata)
    ceTaskOp                                 0x08004f50   Data          24  cetask.o(.constdata)
    ceTickerOp                               0x08004f68   Data          20  ceticker.o(.constdata)
    ceUartOp                                 0x08004f7c   Data          28  ceuart.o(.constdata)
    Region$$Table$$Base                      0x080050b8   Number         0  anon$$obj.o(Region$$Table)
    Region$$Table$$Limit                     0x080050d8   Number         0  anon$$obj.o(Region$$Table)
    SystemCoreClock                          0x20000014   Data           4  system_stm32f10x.o(.data)
    AHBPrescTable                            0x20000018   Data          16  system_stm32f10x.o(.data)
    OSCtxSwCtr                               0x20000028   Data           4  os_core_1.o(.data)
    OSEventFreeList                          0x2000002c   Data           4  os_core_1.o(.data)
    OSFlagFreeList                           0x20000030   Data           4  os_core_1.o(.data)
    OSCPUUsage                               0x20000034   Data           1  os_core_1.o(.data)
    OSIdleCtrMax                             0x20000038   Data           4  os_core_1.o(.data)
    OSIdleCtrRun                             0x2000003c   Data           4  os_core_1.o(.data)
    OSStatRdy                                0x20000040   Data           1  os_core_1.o(.data)
    OSIntNesting                             0x20000041   Data           1  os_core_1.o(.data)
    OSLockNesting                            0x20000042   Data           1  os_core_1.o(.data)
    OSPrioCur                                0x20000043   Data           1  os_core_1.o(.data)
    OSPrioHighRdy                            0x20000044   Data           1  os_core_1.o(.data)
    OSRdyGrp                                 0x20000045   Data           1  os_core_1.o(.data)
    OSRdyTbl                                 0x20000046   Data           8  os_core_1.o(.data)
    OSRunning                                0x2000004e   Data           1  os_core_1.o(.data)
    OSTaskCtr                                0x2000004f   Data           1  os_core_1.o(.data)
    OSIdleCtr                                0x20000050   Data           4  os_core_1.o(.data)
    OSTCBCur                                 0x20000054   Data           4  os_core_1.o(.data)
    OSTCBFreeList                            0x20000058   Data           4  os_core_1.o(.data)
    OSTCBHighRdy                             0x2000005c   Data           4  os_core_1.o(.data)
    OSTCBList                                0x20000060   Data           4  os_core_1.o(.data)
    OSTickStepState                          0x20000064   Data           1  os_core_1.o(.data)
    OSMemFreeList                            0x20000068   Data           4  os_core_1.o(.data)
    OSQFreeList                              0x2000006c   Data           4  os_core_1.o(.data)
    OSTime                                   0x20000070   Data           4  os_core_1.o(.data)
    OSTmrFree                                0x20000074   Data           2  os_core_1.o(.data)
    OSTmrUsed                                0x20000076   Data           2  os_core_1.o(.data)
    OSTmrTime                                0x20000078   Data           4  os_core_1.o(.data)
    OSTmrSem                                 0x2000007c   Data           4  os_core_1.o(.data)
    OSTmrSemSignal                           0x20000080   Data           4  os_core_1.o(.data)
    OSTmrFreeList                            0x20000084   Data           4  os_core_1.o(.data)
    ceCcpCallBackList                        0x2000008c   Data           4  ceccp.o(.data)
    ceDaList                                 0x20000090   Data           8  ceda.o(.data)
    ceSystem_sysTickMs                       0x20000098   Data           4  cesystem.o(.data)
    ceSystem_criticalTimes                   0x2000009c   Data           2  cesystem.o(.data)
    ceSystem_sysTickUsLoop                   0x200000a0   Data           4  cesystem.o(.data)
    ceSystem_isPrintfFinish                  0x200000a4   Data           1  cesystem.o(.data)
    ceAppendStringBufIndex                   0x200000a6   Data           2  cesystem.o(.data)
    ceSystem_appendString                    0x200000a8   Data           4  cesystem.o(.data)
    ceStatusSuccess                          0x200000ac   Data           4  cesystem.o(.data)
    ceStatusFaile                            0x200000b0   Data           4  cesystem.o(.data)
    ceStatusResourceError                    0x200000b4   Data           4  cesystem.o(.data)
    ceStatusInitialFalse                     0x200000b8   Data           4  cesystem.o(.data)
    ceStatusNullPointer                      0x200000bc   Data           4  cesystem.o(.data)
    ceStatusMallocFalse                      0x200000c0   Data           4  cesystem.o(.data)
    ceStatusParError                         0x200000c4   Data           4  cesystem.o(.data)
    ceStatusOutTime                          0x200000c8   Data           4  cesystem.o(.data)
    ceStatusUnknowError                      0x200000cc   Data           4  cesystem.o(.data)
    ceTask_priorityHHIndex                   0x200000d0   Data           1  cetask.o(.data)
    ceTask_priorityHIndex                    0x200000d1   Data           1  cetask.o(.data)
    ceTask_priorityMIndex                    0x200000d2   Data           1  cetask.o(.data)
    ceTask_priorityLIndex                    0x200000d3   Data           1  cetask.o(.data)
    ceTask_priorityLLIndex                   0x200000d4   Data           1  cetask.o(.data)
    ceTaskList                               0x200000d8   Data           4  cetask.o(.data)
    ceTickerList                             0x200000dc   Data           4  ceticker.o(.data)
    ceUartDmaTemp                            0x200000e0   Data           1  ceuart.o(.data)
    OSEventTbl                               0x200000e4   Data         360  os_core_1.o(.bss)
    OSFlagTbl                                0x2000024c   Data         140  os_core_1.o(.bss)
    OSTaskStatStk                            0x200002d8   Data         512  os_core_1.o(.bss)
    OSTaskIdleStk                            0x200004d8   Data         512  os_core_1.o(.bss)
    OSTCBPrioTbl                             0x200006d8   Data         256  os_core_1.o(.bss)
    OSTCBTbl                                 0x200007d8   Data        6912  os_core_1.o(.bss)
    OSMemTbl                                 0x200022d8   Data         180  os_core_1.o(.bss)
    OSQTbl                                   0x2000238c   Data          96  os_core_1.o(.bss)
    OSTmrTbl                                 0x200023ec   Data         832  os_core_1.o(.bss)
    OSTmrTaskStk                             0x2000272c   Data         512  os_core_1.o(.bss)
    OSTmrWheelTbl                            0x2000292c   Data          64  os_core_1.o(.bss)
    ceIntList                                0x2000296c   Data          48  ceint.o(.bss)
    ceAppendStringBuf                        0x2000299c   Data        1024  cesystem.o(.bss)
    ceDebugUart                              0x20002d9c   Data          64  cesystem.o(.bss)
    ceDebugRecvBuf                           0x20002ddc   Data         128  cesystem.o(.bss)
    CE_MAIN_TASK_STACK                       0x20002e5c   Data        8192  cetask.o(.bss)
    ceTaskRtos                               0x20004e5c   Data          36  cetask.o(.bss)
    CE_TICKER_TASK_STACK_BUF                 0x20004e80   Data        4096  ceticker.o(.bss)
    ceTickerTask                             0x20005e80   Data          36  ceticker.o(.bss)
    ceTimerList                              0x20005ea4   Data          32  cetimer.o(.bss)
    ceUart5Base                              0x20005ec4   Data          12  ceuart.o(.bss)
    ceUartList                               0x20005ed0   Data          16  ceuart.o(.bss)
    ceUart1DmaBuf                            0x20005ee0   Data         512  ceuart.o(.bss)
    ceUart2DmaBuf                            0x200060e0   Data         512  ceuart.o(.bss)
    ceUart3DmaBuf                            0x200062e0   Data         512  ceuart.o(.bss)
    __libspace_start                         0x200064e0   Data          96  libspace.o(.bss)
    __temporary_stack_top$libspace           0x20006540   Data           0  libspace.o(.bss)



==============================================================================

Memory Map of the image

  Image Entry point : 0x08000131

  Load Region LR_IROM1 (Base: 0x08000000, Size: 0x000051bc, Max: 0x00080000, ABSOLUTE)

    Execution Region ER_IROM1 (Base: 0x08000000, Size: 0x000050d8, Max: 0x00080000, ABSOLUTE)

    Base Addr    Size         Type   Attr      Idx    E Section Name        Object

    0x08000000   0x00000130   Data   RO          138    RESET               startup_stm32f10x_hd.o
    0x08000130   0x00000008   Code   RO         5606  * !!!main             c_w.l(__main.o)
    0x08000138   0x00000034   Code   RO         5799    !!!scatter          c_w.l(__scatter.o)
    0x0800016c   0x0000001a   Code   RO         5801    !!handler_copy      c_w.l(__scatter_copy.o)
    0x08000186   0x00000002   PAD
    0x08000188   0x0000001c   Code   RO         5803    !!handler_zi        c_w.l(__scatter_zi.o)
    0x080001a4   0x00000002   Code   RO         5670    .ARM.Collect$$libinit$$00000000  c_w.l(libinit.o)
    0x080001a6   0x00000000   Code   RO         5683    .ARM.Collect$$libinit$$00000002  c_w.l(libinit2.o)
    0x080001a6   0x00000000   Code   RO         5685    .ARM.Collect$$libinit$$00000004  c_w.l(libinit2.o)
    0x080001a6   0x00000000   Code   RO         5688    .ARM.Collect$$libinit$$0000000A  c_w.l(libinit2.o)
    0x080001a6   0x00000000   Code   RO         5690    .ARM.Collect$$libinit$$0000000C  c_w.l(libinit2.o)
    0x080001a6   0x00000000   Code   RO         5692    .ARM.Collect$$libinit$$0000000E  c_w.l(libinit2.o)
    0x080001a6   0x00000000   Code   RO         5695    .ARM.Collect$$libinit$$00000011  c_w.l(libinit2.o)
    0x080001a6   0x00000000   Code   RO         5697    .ARM.Collect$$libinit$$00000013  c_w.l(libinit2.o)
    0x080001a6   0x00000000   Code   RO         5699    .ARM.Collect$$libinit$$00000015  c_w.l(libinit2.o)
    0x080001a6   0x00000000   Code   RO         5701    .ARM.Collect$$libinit$$00000017  c_w.l(libinit2.o)
    0x080001a6   0x00000000   Code   RO         5703    .ARM.Collect$$libinit$$00000019  c_w.l(libinit2.o)
    0x080001a6   0x00000000   Code   RO         5705    .ARM.Collect$$libinit$$0000001B  c_w.l(libinit2.o)
    0x080001a6   0x00000000   Code   RO         5707    .ARM.Collect$$libinit$$0000001D  c_w.l(libinit2.o)
    0x080001a6   0x00000000   Code   RO         5709    .ARM.Collect$$libinit$$0000001F  c_w.l(libinit2.o)
    0x080001a6   0x00000000   Code   RO         5711    .ARM.Collect$$libinit$$00000021  c_w.l(libinit2.o)
    0x080001a6   0x00000000   Code   RO         5713    .ARM.Collect$$libinit$$00000023  c_w.l(libinit2.o)
    0x080001a6   0x00000000   Code   RO         5715    .ARM.Collect$$libinit$$00000025  c_w.l(libinit2.o)
    0x080001a6   0x00000000   Code   RO         5719    .ARM.Collect$$libinit$$0000002C  c_w.l(libinit2.o)
    0x080001a6   0x00000000   Code   RO         5721    .ARM.Collect$$libinit$$0000002E  c_w.l(libinit2.o)
    0x080001a6   0x00000000   Code   RO         5723    .ARM.Collect$$libinit$$00000030  c_w.l(libinit2.o)
    0x080001a6   0x00000000   Code   RO         5725    .ARM.Collect$$libinit$$00000032  c_w.l(libinit2.o)
    0x080001a6   0x00000002   Code   RO         5726    .ARM.Collect$$libinit$$00000033  c_w.l(libinit2.o)
    0x080001a8   0x00000002   Code   RO         5757    .ARM.Collect$$libshutdown$$00000000  c_w.l(libshutdown.o)
    0x080001aa   0x00000000   Code   RO         5784    .ARM.Collect$$libshutdown$$00000003  c_w.l(libshutdown2.o)
    0x080001aa   0x00000000   Code   RO         5787    .ARM.Collect$$libshutdown$$00000006  c_w.l(libshutdown2.o)
    0x080001aa   0x00000000   Code   RO         5790    .ARM.Collect$$libshutdown$$00000009  c_w.l(libshutdown2.o)
    0x080001aa   0x00000000   Code   RO         5792    .ARM.Collect$$libshutdown$$0000000B  c_w.l(libshutdown2.o)
    0x080001aa   0x00000000   Code   RO         5795    .ARM.Collect$$libshutdown$$0000000E  c_w.l(libshutdown2.o)
    0x080001aa   0x00000002   Code   RO         5796    .ARM.Collect$$libshutdown$$0000000F  c_w.l(libshutdown2.o)
    0x080001ac   0x00000000   Code   RO         5628    .ARM.Collect$$rtentry$$00000000  c_w.l(__rtentry.o)
    0x080001ac   0x00000000   Code   RO         5641    .ARM.Collect$$rtentry$$00000002  c_w.l(__rtentry2.o)
    0x080001ac   0x00000006   Code   RO         5653    .ARM.Collect$$rtentry$$00000004  c_w.l(__rtentry4.o)
    0x080001b2   0x00000000   Code   RO         5643    .ARM.Collect$$rtentry$$00000009  c_w.l(__rtentry2.o)
    0x080001b2   0x00000004   Code   RO         5644    .ARM.Collect$$rtentry$$0000000A  c_w.l(__rtentry2.o)
    0x080001b6   0x00000000   Code   RO         5646    .ARM.Collect$$rtentry$$0000000C  c_w.l(__rtentry2.o)
    0x080001b6   0x00000008   Code   RO         5647    .ARM.Collect$$rtentry$$0000000D  c_w.l(__rtentry2.o)
    0x080001be   0x00000002   Code   RO         5674    .ARM.Collect$$rtexit$$00000000  c_w.l(rtexit.o)
    0x080001c0   0x00000000   Code   RO         5730    .ARM.Collect$$rtexit$$00000002  c_w.l(rtexit2.o)
    0x080001c0   0x00000004   Code   RO         5731    .ARM.Collect$$rtexit$$00000003  c_w.l(rtexit2.o)
    0x080001c4   0x00000006   Code   RO         5732    .ARM.Collect$$rtexit$$00000004  c_w.l(rtexit2.o)
    0x080001ca   0x00000002   PAD
    0x080001cc   0x00000040   Code   RO          139    .text               startup_stm32f10x_hd.o
    0x0800020c   0x000000a4   Code   RO         4009    .text               os_cpu_a.o
    0x080002b0   0x00000064   Code   RO         5602    .text               c_w.l(rt_memcpy_w.o)
    0x08000314   0x00000006   Code   RO         5604    .text               c_w.l(heapauxi.o)
    0x0800031a   0x0000004a   Code   RO         5657    .text               c_w.l(sys_stackheap_outer.o)
    0x08000364   0x0000000c   Code   RO         5659    .text               c_w.l(exit.o)
    0x08000370   0x00000008   Code   RO         5671    .text               c_w.l(libspace.o)
    0x08000378   0x0000000c   Code   RO         5727    .text               c_w.l(sys_exit.o)
    0x08000384   0x00000002   Code   RO         5746    .text               c_w.l(use_no_semi.o)
    0x08000386   0x00000000   Code   RO         5748    .text               c_w.l(indicate_semi.o)
    0x08000386   0x00000002   PAD
    0x08000388   0x00000028   Code   RO          730    i.DAC_Cmd           stm32f10x_dac.o
    0x080003b0   0x0000002c   Code   RO          731    i.DAC_DMACmd        stm32f10x_dac.o
    0x080003dc   0x00000002   Code   RO         4012    i.DMA1_Channel1_IRQHandler  cead.o
    0x080003de   0x00000002   PAD
    0x080003e0   0x0000002c   Code   RO         5401    i.DMA1_Channel2_IRQHandler  ceuart.o
    0x0800040c   0x00000030   Code   RO         5402    i.DMA1_Channel4_IRQHandler  ceuart.o
    0x0800043c   0x00000030   Code   RO         5403    i.DMA1_Channel7_IRQHandler  ceuart.o
    0x0800046c   0x00000070   Code   RO         4118    i.DMA2_Channel3_IRQHandler  ceda.o
    0x080004dc   0x0000006c   Code   RO         4119    i.DMA2_Channel4_5_IRQHandler  ceda.o
    0x08000548   0x0000001c   Code   RO          832    i.DMA_ClearFlag     stm32f10x_dma.o
    0x08000564   0x00000018   Code   RO          834    i.DMA_Cmd           stm32f10x_dma.o
    0x0800057c   0x0000014c   Code   RO          835    i.DMA_DeInit        stm32f10x_dma.o
    0x080006c8   0x00000008   Code   RO          836    i.DMA_GetCurrDataCounter  stm32f10x_dma.o
    0x080006d0   0x0000002c   Code   RO          838    i.DMA_GetITStatus   stm32f10x_dma.o
    0x080006fc   0x00000012   Code   RO          839    i.DMA_ITConfig      stm32f10x_dma.o
    0x0800070e   0x0000003c   Code   RO          840    i.DMA_Init          stm32f10x_dma.o
    0x0800074a   0x00000002   PAD
    0x0800074c   0x0000002c   Code   RO         4529    i.EXTI0_IRQHandler  ceint.o
    0x08000778   0x000000c4   Code   RO         4530    i.EXTI15_10_IRQHandler  ceint.o
    0x0800083c   0x0000002c   Code   RO         4531    i.EXTI1_IRQHandler  ceint.o
    0x08000868   0x0000002c   Code   RO         4532    i.EXTI2_IRQHandler  ceint.o
    0x08000894   0x0000002c   Code   RO         4533    i.EXTI3_IRQHandler  ceint.o
    0x080008c0   0x0000002c   Code   RO         4534    i.EXTI4_IRQHandler  ceint.o
    0x080008ec   0x000000bc   Code   RO         4535    i.EXTI9_5_IRQHandler  ceint.o
    0x080009a8   0x0000000c   Code   RO          904    i.EXTI_ClearFlag    stm32f10x_exti.o
    0x080009b4   0x00000018   Code   RO          908    i.EXTI_GetFlagStatus  stm32f10x_exti.o
    0x080009cc   0x00000116   Code   RO         1258    i.GPIO_Init         stm32f10x_gpio.o
    0x08000ae2   0x00000002   PAD
    0x08000ae4   0x00000090   Code   RO         1260    i.GPIO_PinRemapConfig  stm32f10x_gpio.o
    0x08000b74   0x00000070   Code   RO           17    i.NVIC_Init         misc.o
    0x08000be4   0x00000014   Code   RO           18    i.NVIC_PriorityGroupConfig  misc.o
    0x08000bf8   0x00000014   Code   RO           19    i.NVIC_SetVectorTable  misc.o
    0x08000c0c   0x00000114   Code   RO         3419    i.OSDebugInit       os_dbg_1.o
    0x08000d20   0x00000090   Code   RO         3109    i.OSEventNameSet    os_core_1.o
    0x08000db0   0x00000038   Code   RO         3111    i.OSInit            os_core_1.o
    0x08000de8   0x0000000c   Code   RO         3331    i.OSInitHookBegin   os_cpu_c_1.o
    0x08000df4   0x00000002   Code   RO         3332    i.OSInitHookEnd     os_cpu_c_1.o
    0x08000df6   0x00000002   PAD
    0x08000df8   0x00000058   Code   RO         3742    i.OSSemCreate       os_sem_1.o
    0x08000e50   0x00000104   Code   RO         3744    i.OSSemPend         os_sem_1.o
    0x08000f54   0x0000005e   Code   RO         3746    i.OSSemPost         os_sem_1.o
    0x08000fb2   0x00000002   PAD
    0x08000fb4   0x00000048   Code   RO         3116    i.OSStart           os_core_1.o
    0x08000ffc   0x00000002   Code   RO         3333    i.OSTCBInitHook     os_cpu_c_1.o
    0x08000ffe   0x00000002   PAD
    0x08001000   0x000000c0   Code   RO         3797    i.OSTaskCreateExt   os_task_1.o
    0x080010c0   0x00000002   Code   RO         3334    i.OSTaskCreateHook  os_cpu_c_1.o
    0x080010c2   0x00000002   Code   RO         3336    i.OSTaskIdleHook    os_cpu_c_1.o
    0x080010c4   0x000000ac   Code   RO         3801    i.OSTaskNameSet     os_task_1.o
    0x08001170   0x00000002   Code   RO         3337    i.OSTaskStatHook    os_cpu_c_1.o
    0x08001172   0x00000002   PAD
    0x08001174   0x000000a0   Code   RO         3804    i.OSTaskStkChk      os_task_1.o
    0x08001214   0x0000009a   Code   RO         3338    i.OSTaskStkInit     os_cpu_c_1.o
    0x080012ae   0x00000002   PAD
    0x080012b0   0x000000bc   Code   RO         3805    i.OSTaskSuspend     os_task_1.o
    0x0800136c   0x00000002   Code   RO         3339    i.OSTaskSwHook      os_cpu_c_1.o
    0x0800136e   0x00000002   PAD
    0x08001370   0x00000070   Code   RO         3873    i.OSTimeDly         os_time_1.o
    0x080013e0   0x0000001c   Code   RO         3876    i.OSTimeGet         os_time_1.o
    0x080013fc   0x000000dc   Code   RO         3919    i.OSTmr_Init        os_tmr_1.o
    0x080014d8   0x00000050   Code   RO         3920    i.OSTmr_InitTask    os_tmr_1.o
    0x08001528   0x0000006c   Code   RO         3921    i.OSTmr_Link        os_tmr_1.o
    0x08001594   0x00000014   Code   RO         3922    i.OSTmr_Lock        os_tmr_1.o
    0x080015a8   0x0000007c   Code   RO         3923    i.OSTmr_Task        os_tmr_1.o
    0x08001624   0x00000044   Code   RO         3924    i.OSTmr_Unlink      os_tmr_1.o
    0x08001668   0x00000010   Code   RO         3925    i.OSTmr_Unlock      os_tmr_1.o
    0x08001678   0x00000040   Code   RO         3342    i.OS_CPU_SysTickInit  os_cpu_c_1.o
    0x080016b8   0x00000090   Code   RO         3121    i.OS_EventTaskRdy   os_core_1.o
    0x08001748   0x0000002a   Code   RO         3122    i.OS_EventTaskRemove  os_core_1.o
    0x08001772   0x0000003a   Code   RO         3123    i.OS_EventTaskRemoveMulti  os_core_1.o
    0x080017ac   0x0000007c   Code   RO         3124    i.OS_EventTaskWait  os_core_1.o
    0x08001828   0x0000001c   Code   RO         3126    i.OS_EventWaitListInit  os_core_1.o
    0x08001844   0x0000004c   Code   RO         3448    i.OS_FlagInit       os_flag_1.o
    0x08001890   0x00000050   Code   RO         3127    i.OS_InitEventList  os_core_1.o
    0x080018e0   0x00000054   Code   RO         3128    i.OS_InitMisc       os_core_1.o
    0x08001934   0x00000048   Code   RO         3129    i.OS_InitRdyList    os_core_1.o
    0x0800197c   0x00000068   Code   RO         3130    i.OS_InitTCBList    os_core_1.o
    0x080019e4   0x00000050   Code   RO         3131    i.OS_InitTaskIdle   os_core_1.o
    0x08001a34   0x00000050   Code   RO         3132    i.OS_InitTaskStat   os_core_1.o
    0x08001a84   0x00000012   Code   RO         3133    i.OS_MemClr         os_core_1.o
    0x08001a96   0x00000002   PAD
    0x08001a98   0x0000004c   Code   RO         3580    i.OS_MemInit        os_mem_1.o
    0x08001ae4   0x00000038   Code   RO         3679    i.OS_QInit          os_q_1.o
    0x08001b1c   0x00000074   Code   RO         3135    i.OS_Sched          os_core_1.o
    0x08001b90   0x0000002c   Code   RO         3136    i.OS_SchedNew       os_core_1.o
    0x08001bbc   0x0000001c   Code   RO         3137    i.OS_StrCopy        os_core_1.o
    0x08001bd8   0x00000014   Code   RO         3138    i.OS_StrLen         os_core_1.o
    0x08001bec   0x00000120   Code   RO         3139    i.OS_TCBInit        os_core_1.o
    0x08001d0c   0x00000024   Code   RO         3140    i.OS_TaskIdle       os_core_1.o
    0x08001d30   0x00000088   Code   RO         3141    i.OS_TaskStat       os_core_1.o
    0x08001db8   0x0000003c   Code   RO         3142    i.OS_TaskStatStkChk  os_core_1.o
    0x08001df4   0x0000001a   Code   RO         3806    i.OS_TaskStkClr     os_task_1.o
    0x08001e0e   0x00000002   PAD
    0x08001e10   0x00000020   Code   RO         1673    i.RCC_AHBPeriphClockCmd  stm32f10x_rcc.o
    0x08001e30   0x00000020   Code   RO         1674    i.RCC_APB1PeriphClockCmd  stm32f10x_rcc.o
    0x08001e50   0x00000020   Code   RO         1675    i.RCC_APB1PeriphResetCmd  stm32f10x_rcc.o
    0x08001e70   0x00000020   Code   RO         1676    i.RCC_APB2PeriphClockCmd  stm32f10x_rcc.o
    0x08001e90   0x00000020   Code   RO         1677    i.RCC_APB2PeriphResetCmd  stm32f10x_rcc.o
    0x08001eb0   0x000000d4   Code   RO         1684    i.RCC_GetClocksFreq  stm32f10x_rcc.o
    0x08001f84   0x00000010   Code   RO         1873    i.RTC_ClearITPendingBit  stm32f10x_rtc.o
    0x08001f94   0x00000024   Code   RO         1879    i.RTC_GetITStatus   stm32f10x_rtc.o
    0x08001fb8   0x00000022   Code   RO         4682    i.RTC_IRQHandler    cemcu.o
    0x08001fda   0x00000002   PAD
    0x08001fdc   0x00000014   Code   RO         1884    i.RTC_WaitForLastTask  stm32f10x_rtc.o
    0x08001ff0   0x00000008   Code   RO         3074    i.SetSysClock       system_stm32f10x.o
    0x08001ff8   0x000000e0   Code   RO         3075    i.SetSysClockTo72   system_stm32f10x.o
    0x080020d8   0x00000060   Code   RO         3077    i.SystemInit        system_stm32f10x.o
    0x08002138   0x00000038   Code   RO         5316    i.TIM1_UP_IRQHandler  cetimer.o
    0x08002170   0x00000044   Code   RO         4057    i.TIM2_IRQHandler   ceccp.o
    0x080021b4   0x00000038   Code   RO         5317    i.TIM3_IRQHandler   cetimer.o
    0x080021ec   0x00000038   Code   RO         5318    i.TIM4_IRQHandler   cetimer.o
    0x08002224   0x00000028   Code   RO         4862    i.TIM5_IRQHandler   cesystem.o
    0x0800224c   0x00000038   Code   RO         5319    i.TIM6_IRQHandler   cetimer.o
    0x08002284   0x00000038   Code   RO         5320    i.TIM7_IRQHandler   cetimer.o
    0x080022bc   0x00000038   Code   RO         5321    i.TIM8_UP_IRQHandler  cetimer.o
    0x080022f4   0x00000006   Code   RO         2302    i.TIM_ClearFlag     stm32f10x_tim.o
    0x080022fa   0x00000018   Code   RO         2308    i.TIM_Cmd           stm32f10x_tim.o
    0x08002312   0x00000002   PAD
    0x08002314   0x000001e8   Code   RO         2313    i.TIM_DeInit        stm32f10x_tim.o
    0x080024fc   0x00000012   Code   RO         2328    i.TIM_GetFlagStatus  stm32f10x_tim.o
    0x0800250e   0x00000012   Code   RO         2333    i.TIM_ITConfig      stm32f10x_tim.o
    0x08002520   0x00000004   Code   RO         2373    i.TIM_SetCounter    stm32f10x_tim.o
    0x08002524   0x000000a4   Code   RO         2379    i.TIM_TimeBaseInit  stm32f10x_tim.o
    0x080025c8   0x000000a0   Code   RO         5404    i.UART5_IRQHandler  ceuart.o
    0x08002668   0x00000070   Code   RO         5405    i.USART1_IRQHandler  ceuart.o
    0x080026d8   0x00000070   Code   RO         5406    i.USART2_IRQHandler  ceuart.o
    0x08002748   0x00000070   Code   RO         5407    i.USART3_IRQHandler  ceuart.o
    0x080027b8   0x00000018   Code   RO         2844    i.USART_Cmd         stm32f10x_usart.o
    0x080027d0   0x00000012   Code   RO         2845    i.USART_DMACmd      stm32f10x_usart.o
    0x080027e2   0x0000001a   Code   RO         2847    i.USART_GetFlagStatus  stm32f10x_usart.o
    0x080027fc   0x00000054   Code   RO         2848    i.USART_GetITStatus  stm32f10x_usart.o
    0x08002850   0x0000004a   Code   RO         2850    i.USART_ITConfig    stm32f10x_usart.o
    0x0800289a   0x00000002   PAD
    0x0800289c   0x000000d8   Code   RO         2851    i.USART_Init        stm32f10x_usart.o
    0x08002974   0x0000000a   Code   RO         2858    i.USART_ReceiveData  stm32f10x_usart.o
    0x0800297e   0x00000008   Code   RO         2861    i.USART_SendData    stm32f10x_usart.o
    0x08002986   0x00000002   PAD
    0x08002988   0x0000005c   Code   RO         5259    i.cTicker_stop      ceticker.o
    0x080029e4   0x0000000e   Code   RO         4179    i.ceAbs             ceextra.o
    0x080029f2   0x00000066   Code   RO         4180    i.ceAtoi            ceextra.o
    0x08002a58   0x0000003e   Code   RO         5089    i.ceCheckCeTask     cetask.o
    0x08002a96   0x0000001c   Code   RO         5260    i.ceCheckCeTicker   ceticker.o
    0x08002ab2   0x0000001c   Code   RO         5408    i.ceCheckCeUart     ceuart.o
    0x08002ace   0x00000002   PAD
    0x08002ad0   0x0000001c   Code   RO         4181    i.ceDoubleFifo_clear  ceextra.o
    0x08002aec   0x0000001c   Code   RO         4182    i.ceDoubleFifo_getCanReadSize  ceextra.o
    0x08002b08   0x0000001c   Code   RO         4183    i.ceDoubleFifo_getCanWriteSize  ceextra.o
    0x08002b24   0x0000001c   Code   RO         4184    i.ceDoubleFifo_initial  ceextra.o
    0x08002b40   0x0000001c   Code   RO         4185    i.ceDoubleFifo_isEmpty  ceextra.o
    0x08002b5c   0x00000024   Code   RO         4186    i.ceDoubleFifo_read  ceextra.o
    0x08002b80   0x00000060   Code   RO         4187    i.ceDoubleFifo_updata  ceextra.o
    0x08002be0   0x00000038   Code   RO         4188    i.ceDoubleFifo_write  ceextra.o
    0x08002c18   0x00000040   Code   RO         4189    i.ceFifo_clear      ceextra.o
    0x08002c58   0x00000028   Code   RO         4190    i.ceFifo_getCanReadSize  ceextra.o
    0x08002c80   0x00000038   Code   RO         4191    i.ceFifo_getCanWriteSize  ceextra.o
    0x08002cb8   0x00000006   Code   RO         4193    i.ceFifo_getWriteLockStatus  ceextra.o
    0x08002cbe   0x00000010   Code   RO         4194    i.ceFifo_initial    ceextra.o
    0x08002cce   0x00000022   Code   RO         4195    i.ceFifo_isEmpty    ceextra.o
    0x08002cf0   0x00000094   Code   RO         4196    i.ceFifo_read       ceextra.o
    0x08002d84   0x0000007c   Code   RO         4197    i.ceFifo_write      ceextra.o
    0x08002e00   0x00000004   Code   RO         4330    i.ceFlash_initialBySystem  ceflash.o
    0x08002e04   0x00000006   Code   RO         4331    i.ceFlash_read      ceflash.o
    0x08002e0a   0x00000006   Code   RO         4332    i.ceFlash_wape      ceflash.o
    0x08002e10   0x00000006   Code   RO         4333    i.ceFlash_write     ceflash.o
    0x08002e16   0x00000002   PAD
    0x08002e18   0x000000ac   Code   RO         4198    i.ceItoa            ceextra.o
    0x08002ec4   0x00000038   Code   RO         4199    i.ceStrcmp          ceextra.o
    0x08002efc   0x00000020   Code   RO         4200    i.ceStrcpy          ceextra.o
    0x08002f1c   0x00000010   Code   RO         4201    i.ceStrlen          ceextra.o
    0x08002f2c   0x00000018   Code   RO         4863    i.ceSystem_NVICInitial  cesystem.o
    0x08002f44   0x00000078   Code   RO         4864    i.ceSystem_SystemTickUsTimerInitial  cesystem.o
    0x08002fbc   0x00000028   Code   RO         4865    i.ceSystem_delayInit  cesystem.o
    0x08002fe4   0x00000030   Code   RO         4866    i.ceSystem_delayMs  cesystem.o
    0x08003014   0x0000003c   Code   RO         4867    i.ceSystem_delayNs  cesystem.o
    0x08003050   0x00000034   Code   RO         4868    i.ceSystem_delayUs  cesystem.o
    0x08003084   0x00000020   Code   RO         4869    i.ceSystem_getDebugRecvData  cesystem.o
    0x080030a4   0x00000018   Code   RO         4870    i.ceSystem_getDebugRecvDataCount  cesystem.o
    0x080030bc   0x0000006c   Code   RO         4871    i.ceSystem_getErrorMsg  cesystem.o
    0x08003128   0x00000008   Code   RO         4872    i.ceSystem_getSystemTickMs  cesystem.o
    0x08003130   0x00000030   Code   RO         4873    i.ceSystem_getSystemTickUs  cesystem.o
    0x08003160   0x00000010   Code   RO         4874    i.ceSystem_inCriticalSection  cesystem.o
    0x08003170   0x00000034   Code   RO         4875    i.ceSystem_initial  cesystem.o
    0x080031a4   0x0000004c   Code   RO         4876    i.ceSystem_initialDebug  cesystem.o
    0x080031f0   0x0000000e   Code   RO         4877    i.ceSystem_mainTask  cesystem.o
    0x080031fe   0x00000002   PAD
    0x08003200   0x00000018   Code   RO         4878    i.ceSystem_outCriticalSection  cesystem.o
    0x08003218   0x000001c8   Code   RO         4879    i.ceSystem_printf   cesystem.o
    0x080033e0   0x0000002c   Code   RO         4880    i.ceSystem_printfBin  cesystem.o
    0x0800340c   0x0000005c   Code   RO         4881    i.ceSystem_printfChar  cesystem.o
    0x08003468   0x00000084   Code   RO         4882    i.ceSystem_printfFp64  cesystem.o
    0x080034ec   0x00000090   Code   RO         4883    i.ceSystem_printfHex  cesystem.o
    0x0800357c   0x00000084   Code   RO         4884    i.ceSystem_printfInt32  cesystem.o
    0x08003600   0x0000001e   Code   RO         4885    i.ceSystem_printfStr  cesystem.o
    0x0800361e   0x00000072   Code   RO         4886    i.ceSystem_printfUint32  cesystem.o
    0x08003690   0x000001a8   Code   RO         4887    i.ceSystem_registerAppendString  cesystem.o
    0x08003838   0x000001b0   Code   RO         4888    i.ceSystem_sprintf  cesystem.o
    0x080039e8   0x00000010   Code   RO         4889    i.ceSystem_taskSchedule  cesystem.o
    0x080039f8   0x0000000c   Code   RO         4890    i.ceSystem_unRegisterAppendString  cesystem.o
    0x08003a04   0x00000048   Code   RO         5090    i.ceTask_initialBySystem  cetask.o
    0x08003a4c   0x0000027c   Code   RO         5091    i.ceTask_register   cetask.o
    0x08003cc8   0x00000034   Code   RO         5092    i.ceTask_start      cetask.o
    0x08003cfc   0x00000034   Code   RO         5093    i.ceTask_stop       cetask.o
    0x08003d30   0x00000058   Code   RO         5094    i.ceTask_taskBySystem  cetask.o
    0x08003d88   0x0000000c   Code   RO         5095    i.ceTask_uCOSIITaskPlam  cetask.o
    0x08003d94   0x0000004c   Code   RO         5096    i.ceTask_unRegister  cetask.o
    0x08003de0   0x00000058   Code   RO         5261    i.ceTicker_initial  ceticker.o
    0x08003e38   0x0000006c   Code   RO         5262    i.ceTicker_register  ceticker.o
    0x08003ea4   0x00000060   Code   RO         5263    i.ceTicker_start    ceticker.o
    0x08003f04   0x0000007c   Code   RO         5264    i.ceTicker_tickerTickerMs  ceticker.o
    0x08003f80   0x00000078   Code   RO         5265    i.ceTicker_unRegister  ceticker.o
    0x08003ff8   0x00000014   Code   RO         5409    i.ceUart_clearRecvBuf  ceuart.o
    0x0800400c   0x00000014   Code   RO         5410    i.ceUart_getRecvDataCount  ceuart.o
    0x08004020   0x00000478   Code   RO         5411    i.ceUart_initial    ceuart.o
    0x08004498   0x0000001c   Code   RO         5412    i.ceUart_readData   ceuart.o
    0x080044b4   0x00000098   Code   RO         5413    i.ceUart_sendData   ceuart.o
    0x0800454c   0x00000038   Code   RO         5414    i.ceUart_start      ceuart.o
    0x08004584   0x00000038   Code   RO         5415    i.ceUart_stop       ceuart.o
    0x080045bc   0x00000078   Code   RO         4891    i.ce_assert_failed  cesystem.o
    0x08004634   0x00000020   Code   RO         5586    i.main              main.o
    0x08004654   0x00000030   Code   RO         4892    i.startCalTimeCostUs  cesystem.o
    0x08004684   0x00000050   Code   RO         4893    i.stopCalTimeCostUs  cesystem.o
    0x080046d4   0x00000150   Code   RO         5608    x$fpl$dadd          fz_ws.l(daddsub_clz.o)
    0x08004824   0x00000018   Code   RO         5633    x$fpl$dcmpinf       fz_ws.l(dcmpi.o)
    0x0800483c   0x0000005e   Code   RO         5614    x$fpl$dfix          fz_ws.l(dfix.o)
    0x0800489a   0x0000002e   Code   RO         5619    x$fpl$dflt          fz_ws.l(dflt_clz.o)
    0x080048c8   0x00000078   Code   RO         5624    x$fpl$dleqf         fz_ws.l(dleqf.o)
    0x08004940   0x00000154   Code   RO         5626    x$fpl$dmul          fz_ws.l(dmul.o)
    0x08004a94   0x0000009c   Code   RO         5635    x$fpl$dnaninf       fz_ws.l(dnaninf.o)
    0x08004b30   0x0000000c   Code   RO         5637    x$fpl$dretinf       fz_ws.l(dretinf.o)
    0x08004b3c   0x00000016   Code   RO         5609    x$fpl$drsb          fz_ws.l(daddsub_clz.o)
    0x08004b52   0x00000002   PAD
    0x08004b54   0x000001d4   Code   RO         5610    x$fpl$dsub          fz_ws.l(daddsub_clz.o)
    0x08004d28   0x00000000   Code   RO         5639    x$fpl$usenofp       fz_ws.l(usenofp.o)
    0x08004d28   0x00000100   Data   RO         3144    .constdata          os_core_1.o
    0x08004e28   0x0000005e   Data   RO         3420    .constdata          os_dbg_1.o
    0x08004e86   0x00000002   PAD
    0x08004e88   0x00000058   Data   RO         4202    .constdata          ceextra.o
    0x08004ee0   0x00000010   Data   RO         4336    .constdata          ceflash.o
    0x08004ef0   0x00000060   Data   RO         4895    .constdata          cesystem.o
    0x08004f50   0x00000018   Data   RO         5098    .constdata          cetask.o
    0x08004f68   0x00000014   Data   RO         5267    .constdata          ceticker.o
    0x08004f7c   0x0000001c   Data   RO         5417    .constdata          ceuart.o
    0x08004f98   0x00000120   Data   RO         4896    .conststring        cesystem.o
    0x080050b8   0x00000020   Data   RO         5797    Region$$Table       anon$$obj.o


    Execution Region RW_IRAM1 (Base: 0x20000000, Size: 0x00006b40, Max: 0x00010000, ABSOLUTE)

    Base Addr    Size         Type   Attr      Idx    E Section Name        Object

    0x20000000   0x00000014   Data   RW         1704    .data               stm32f10x_rcc.o
    0x20000014   0x00000014   Data   RW         3078    .data               system_stm32f10x.o
    0x20000028   0x00000060   Data   RW         3145    .data               os_core_1.o
    0x20000088   0x00000002   Data   RW         3343    .data               os_cpu_c_1.o
    0x2000008a   0x00000002   PAD
    0x2000008c   0x00000004   Data   RW         4066    .data               ceccp.o
    0x20000090   0x00000008   Data   RW         4127    .data               ceda.o
    0x20000098   0x00000038   Data   RW         4897    .data               cesystem.o
    0x200000d0   0x0000000c   Data   RW         5099    .data               cetask.o
    0x200000dc   0x00000004   Data   RW         5268    .data               ceticker.o
    0x200000e0   0x00000001   Data   RW         5418    .data               ceuart.o
    0x200000e1   0x00000003   PAD
    0x200000e4   0x00002888   Zero   RW         3143    .bss                os_core_1.o
    0x2000296c   0x00000030   Zero   RW         4542    .bss                ceint.o
    0x2000299c   0x000004c0   Zero   RW         4894    .bss                cesystem.o
    0x20002e5c   0x00002024   Zero   RW         5097    .bss                cetask.o
    0x20004e80   0x00001024   Zero   RW         5266    .bss                ceticker.o
    0x20005ea4   0x00000020   Zero   RW         5328    .bss                cetimer.o
    0x20005ec4   0x0000061c   Zero   RW         5416    .bss                ceuart.o
    0x200064e0   0x00000060   Zero   RW         5672    .bss                c_w.l(libspace.o)
    0x20006540   0x00000200   Zero   RW          137    HEAP                startup_stm32f10x_hd.o
    0x20006740   0x00000400   Zero   RW          136    STACK               startup_stm32f10x_hd.o


==============================================================================

Image component sizes


      Code (inc. data)   RO Data    RW Data    ZI Data      Debug   Object Name

         2          0          0          0          0       7021   cead.o
        68          4          0          4          0       2054   ceccp.o
       220         40          0          8          0       2923   ceda.o
      1208         78         88          0          0      16571   ceextra.o
        22          0         16          0          0       3867   ceflash.o
       604         32          0          0         48       6111   ceint.o
        34          0          0          0          0        525   cemcu.o
      3062        656        384         56       1216      28188   cesystem.o
      1050        122         24         12       8228       7902   cetask.o
       656        186         20          4       4132       6410   ceticker.o
       336         60          0          0         32       5553   cetimer.o
      2140        270         28          1       1564      13164   ceuart.o
         0          0          0          0          0       4536   core_cm3.o
        32          8          0          0          0        503   main.o
       152         30          0          0          0     262841   misc.o
      1914        312        256         96      10376      25839   os_core_1.o
       164         32          0          0          0        368   os_cpu_a.o
       242         14          0          2          0      16904   os_cpu_c_1.o
       276        182         94          0          0      13260   os_dbg_1.o
        76          8          0          0          0        614   os_flag_1.o
        76          8          0          0          0        585   os_mem_1.o
        56         10          0          0          0        571   os_q_1.o
       442         24          0          0          0       2590   os_sem_1.o
       738         50          0          0          0       4829   os_task_1.o
       140         20          0          0          0       1232   os_time_1.o
       636        122          0          0          0       4545   os_tmr_1.o
        64         26        304          0       1536        860   startup_stm32f10x_hd.o
        84         12          0          0          0       1163   stm32f10x_dac.o
       514         26          0          0          0       5980   stm32f10x_dma.o
        36         10          0          0          0       1158   stm32f10x_exti.o
       422          6          0          0          0       2882   stm32f10x_gpio.o
       372         50          0         20          0       6476   stm32f10x_rcc.o
        72         12          0          0          0       1680   stm32f10x_rtc.o
       722        106          0          0          0       5078   stm32f10x_tim.o
       460          6          0          0          0       7044   stm32f10x_usart.o
       328         28          0         20          0       2509   system_stm32f10x.o

    ----------------------------------------------------------------------
     17456       2550       1248        228      27132     474336   Object Totals
         0          0         32          0          0          0   (incl. Generated)
        36          0          2          5          0          0   (incl. Padding)

    ----------------------------------------------------------------------

      Code (inc. data)   RO Data    RW Data    ZI Data      Debug   Library Member Name

         8          0          0          0          0         68   __main.o
         0          0          0          0          0          0   __rtentry.o
        12          0          0          0          0          0   __rtentry2.o
         6          0          0          0          0          0   __rtentry4.o
        52          8          0          0          0          0   __scatter.o
        26          0          0          0          0          0   __scatter_copy.o
        28          0          0          0          0          0   __scatter_zi.o
        12          0          0          0          0         72   exit.o
         6          0          0          0          0        152   heapauxi.o
         0          0          0          0          0          0   indicate_semi.o
         2          0          0          0          0          0   libinit.o
         2          0          0          0          0          0   libinit2.o
         2          0          0          0          0          0   libshutdown.o
         2          0          0          0          0          0   libshutdown2.o
         8          4          0          0         96         68   libspace.o
       100          0          0          0          0         80   rt_memcpy_w.o
         2          0          0          0          0          0   rtexit.o
        10          0          0          0          0          0   rtexit2.o
        12          4          0          0          0         68   sys_exit.o
        74          0          0          0          0         80   sys_stackheap_outer.o
         2          0          0          0          0         68   use_no_semi.o
       826         16          0          0          0        348   daddsub_clz.o
        24          0          0          0          0         68   dcmpi.o
        94          4          0          0          0         92   dfix.o
        46          0          0          0          0         68   dflt_clz.o
       120          4          0          0          0         92   dleqf.o
       340         12          0          0          0        104   dmul.o
       156          4          0          0          0         92   dnaninf.o
        12          0          0          0          0         68   dretinf.o
         0          0          0          0          0          0   usenofp.o

    ----------------------------------------------------------------------
      1992         56          0          0         96       1588   Library Totals
         8          0          0          0          0          0   (incl. Padding)

    ----------------------------------------------------------------------

      Code (inc. data)   RO Data    RW Data    ZI Data      Debug   Library Name

       366         16          0          0         96        656   c_w.l
      1618         40          0          0          0        932   fz_ws.l

    ----------------------------------------------------------------------
      1992         56          0          0         96       1588   Library Totals

    ----------------------------------------------------------------------

==============================================================================


      Code (inc. data)   RO Data    RW Data    ZI Data      Debug   

     19448       2606       1248        228      27228     464896   Grand Totals
     19448       2606       1248        228      27228     464896   ELF Image Totals
     19448       2606       1248        228          0          0   ROM Totals

==============================================================================

    Total RO  Size (Code + RO Data)                20696 (  20.21kB)
    Total RW  Size (RW Data + ZI Data)             27456 (  26.81kB)
    Total ROM Size (Code + RO Data + RW Data)      20924 (  20.43kB)

==============================================================================

