Component: ARM Compiler 5.05 update 1 (build 106) Tool: armlink [4d0efa]

==============================================================================

Section Cross References

    startup_stm32f10x_hd.o(STACK) refers (Special) to heapauxi.o(.text) for __use_two_region_memory
    startup_stm32f10x_hd.o(HEAP) refers (Special) to heapauxi.o(.text) for __use_two_region_memory
    startup_stm32f10x_hd.o(RESET) refers (Special) to heapauxi.o(.text) for __use_two_region_memory
    startup_stm32f10x_hd.o(RESET) refers to startup_stm32f10x_hd.o(STACK) for __initial_sp
    startup_stm32f10x_hd.o(RESET) refers to startup_stm32f10x_hd.o(.text) for Reset_Handler
    startup_stm32f10x_hd.o(RESET) refers to ceint.o(i.EXTI0_IRQHandler) for EXTI0_IRQHandler
    startup_stm32f10x_hd.o(RESET) refers to ceint.o(i.EXTI1_IRQHandler) for EXTI1_IRQHandler
    startup_stm32f10x_hd.o(RESET) refers to ceint.o(i.EXTI2_IRQHandler) for EXTI2_IRQHandler
    startup_stm32f10x_hd.o(RESET) refers to ceint.o(i.EXTI3_IRQHandler) for EXTI3_IRQHandler
    startup_stm32f10x_hd.o(RESET) refers to ceint.o(i.EXTI4_IRQHandler) for EXTI4_IRQHandler
    startup_stm32f10x_hd.o(RESET) refers to cead.o(i.DMA1_Channel1_IRQHandler) for DMA1_Channel1_IRQHandler
    startup_stm32f10x_hd.o(RESET) refers to ceuart.o(i.DMA1_Channel2_IRQHandler) for DMA1_Channel2_IRQHandler
    startup_stm32f10x_hd.o(RESET) refers to ceuart.o(i.DMA1_Channel4_IRQHandler) for DMA1_Channel4_IRQHandler
    startup_stm32f10x_hd.o(RESET) refers to ceuart.o(i.DMA1_Channel7_IRQHandler) for DMA1_Channel7_IRQHandler
    startup_stm32f10x_hd.o(RESET) refers to ceint.o(i.EXTI9_5_IRQHandler) for EXTI9_5_IRQHandler
    startup_stm32f10x_hd.o(RESET) refers to cetimer.o(i.TIM1_UP_IRQHandler) for TIM1_UP_IRQHandler
    startup_stm32f10x_hd.o(RESET) refers to ceccp.o(i.TIM2_IRQHandler) for TIM2_IRQHandler
    startup_stm32f10x_hd.o(RESET) refers to cetimer.o(i.TIM3_IRQHandler) for TIM3_IRQHandler
    startup_stm32f10x_hd.o(RESET) refers to cetimer.o(i.TIM4_IRQHandler) for TIM4_IRQHandler
    startup_stm32f10x_hd.o(RESET) refers to ceuart.o(i.USART1_IRQHandler) for USART1_IRQHandler
    startup_stm32f10x_hd.o(RESET) refers to ceuart.o(i.USART2_IRQHandler) for USART2_IRQHandler
    startup_stm32f10x_hd.o(RESET) refers to ceuart.o(i.USART3_IRQHandler) for USART3_IRQHandler
    startup_stm32f10x_hd.o(RESET) refers to ceint.o(i.EXTI15_10_IRQHandler) for EXTI15_10_IRQHandler
    startup_stm32f10x_hd.o(RESET) refers to cetimer.o(i.TIM8_UP_IRQHandler) for TIM8_UP_IRQHandler
    startup_stm32f10x_hd.o(RESET) refers to cetimer.o(i.TIM5_IRQHandler) for TIM5_IRQHandler
    startup_stm32f10x_hd.o(RESET) refers to ceuart.o(i.UART4_IRQHandler) for UART4_IRQHandler
    startup_stm32f10x_hd.o(RESET) refers to ceuart.o(i.UART5_IRQHandler) for UART5_IRQHandler
    startup_stm32f10x_hd.o(RESET) refers to cetimer.o(i.TIM6_IRQHandler) for TIM6_IRQHandler
    startup_stm32f10x_hd.o(RESET) refers to cetimer.o(i.TIM7_IRQHandler) for TIM7_IRQHandler
    startup_stm32f10x_hd.o(RESET) refers to ceda.o(i.DMA2_Channel3_IRQHandler) for DMA2_Channel3_IRQHandler
    startup_stm32f10x_hd.o(RESET) refers to ceda.o(i.DMA2_Channel4_5_IRQHandler) for DMA2_Channel4_5_IRQHandler
    startup_stm32f10x_hd.o(.text) refers (Special) to heapauxi.o(.text) for __use_two_region_memory
    startup_stm32f10x_hd.o(.text) refers to system_stm32f10x.o(i.SystemInit) for SystemInit
    startup_stm32f10x_hd.o(.text) refers to __main.o(!!!main) for __main
    startup_stm32f10x_hd.o(.text) refers to startup_stm32f10x_hd.o(HEAP) for Heap_Mem
    startup_stm32f10x_hd.o(.text) refers to startup_stm32f10x_hd.o(STACK) for Stack_Mem
    stm32f10x_adc.o(i.ADC_DeInit) refers to stm32f10x_rcc.o(i.RCC_APB2PeriphResetCmd) for RCC_APB2PeriphResetCmd
    stm32f10x_bkp.o(i.BKP_DeInit) refers to stm32f10x_rcc.o(i.RCC_BackupResetCmd) for RCC_BackupResetCmd
    stm32f10x_can.o(i.CAN_DeInit) refers to stm32f10x_rcc.o(i.RCC_APB1PeriphResetCmd) for RCC_APB1PeriphResetCmd
    stm32f10x_can.o(i.CAN_GetITStatus) refers to stm32f10x_can.o(i.CheckITStatus) for CheckITStatus
    stm32f10x_cec.o(i.CEC_DeInit) refers to stm32f10x_rcc.o(i.RCC_APB1PeriphResetCmd) for RCC_APB1PeriphResetCmd
    stm32f10x_dac.o(i.DAC_DeInit) refers to stm32f10x_rcc.o(i.RCC_APB1PeriphResetCmd) for RCC_APB1PeriphResetCmd
    stm32f10x_flash.o(i.FLASH_EnableWriteProtection) refers to stm32f10x_flash.o(i.FLASH_WaitForLastOperation) for FLASH_WaitForLastOperation
    stm32f10x_flash.o(i.FLASH_EraseAllBank1Pages) refers to stm32f10x_flash.o(i.FLASH_WaitForLastBank1Operation) for FLASH_WaitForLastBank1Operation
    stm32f10x_flash.o(i.FLASH_EraseAllPages) refers to stm32f10x_flash.o(i.FLASH_WaitForLastOperation) for FLASH_WaitForLastOperation
    stm32f10x_flash.o(i.FLASH_EraseOptionBytes) refers to stm32f10x_flash.o(i.FLASH_GetReadOutProtectionStatus) for FLASH_GetReadOutProtectionStatus
[...]
    .ARM.Collect$$libshutdown$$0000000B      0x080001aa   Section        0  libshutdown2.o(.ARM.Collect$$libshutdown$$0000000B)
    .ARM.Collect$$libshutdown$$0000000E      0x080001aa   Section        0  libshutdown2.o(.ARM.Collect$$libshutdown$$0000000E)
    .ARM.Collect$$libshutdown$$0000000F      0x080001aa   Section        2  libshutdown2.o(.ARM.Collect$$libshutdown$$0000000F)
    .ARM.Collect$$rtentry$$00000000          0x080001ac   Section        0  __rtentry.o(.ARM.Collect$$rtentry$$00000000)
    .ARM.Collect$$rtentry$$00000002          0x080001ac   Section        0  __rtentry2.o(.ARM.Collect$$rtentry$$00000002)
    .ARM.Collect$$rtentry$$00000004          0x080001ac   Section        6  __rtentry4.o(.ARM.Collect$$rtentry$$00000004)
    .ARM.Collect$$rtentry$$00000009          0x080001b2   Section        0  __rtentry2.o(.ARM.Collect$$rtentry$$00000009)
    .ARM.Collect$$rtentry$$0000000A          0x080001b2   Section        4  __rtentry2.o(.ARM.Collect$$rtentry$$0000000A)
    .ARM.Collect$$rtentry$$0000000C          0x080001b6   Section        0  __rtentry2.o(.ARM.Collect$$rtentry$$0000000C)
    .ARM.Collect$$rtentry$$0000000D          0x080001b6   Section        8  __rtentry2.o(.ARM.Collect$$rtentry$$0000000D)
    .ARM.Collect$$rtexit$$00000000           0x080001be   Section        2  rtexit.o(.ARM.Collect$$rtexit$$00000000)
    .ARM.Collect$$rtexit$$00000002           0x080001c0   Section        0  rtexit2.o(.ARM.Collect$$rtexit$$00000002)
    .ARM.Collect$$rtexit$$00000003           0x080001c0   Section        4  rtexit2.o(.ARM.Collect$$rtexit$$00000003)
    .ARM.Collect$$rtexit$$00000004           0x080001c4   Section        6  rtexit2.o(.ARM.Collect$$rtexit$$00000004)
    .text                                    0x080001cc   Section       64  startup_stm32f10x_hd.o(.text)
    .text                                    0x0800020c   Section      238  lludivv7m.o(.text)
    .text                                    0x080002fa   Section      100  rt_memcpy_w.o(.text)
    .text                                    0x0800035e   Section        0  heapauxi.o(.text)
    .text                                    0x08000364   Section       74  sys_stackheap_outer.o(.text)
    .text                                    0x080003ae   Section        0  exit.o(.text)
    .text                                    0x080003bc   Section        8  libspace.o(.text)
    .text                                    0x080003c4   Section        0  sys_exit.o(.text)
    .text                                    0x080003d0   Section        2  use_no_semi.o(.text)
    .text                                    0x080003d2   Section        0  indicate_semi.o(.text)
    i.DAC_Cmd                                0x080003d4   Section        0  stm32f10x_dac.o(i.DAC_Cmd)
    i.DAC_DMACmd                             0x080003fc   Section        0  stm32f10x_dac.o(i.DAC_DMACmd)
    i.DMA1_Channel1_IRQHandler               0x08000428   Section        0  cead.o(i.DMA1_Channel1_IRQHandler)
    i.DMA1_Channel2_IRQHandler               0x0800042c   Section        0  ceuart.o(i.DMA1_Channel2_IRQHandler)
    i.DMA1_Channel4_IRQHandler               0x08000458   Section        0  ceuart.o(i.DMA1_Channel4_IRQHandler)
    i.DMA1_Channel7_IRQHandler               0x08000488   Section        0  ceuart.o(i.DMA1_Channel7_IRQHandler)
    i.DMA2_Channel3_IRQHandler               0x080004b8   Section        0  ceda.o(i.DMA2_Channel3_IRQHandler)
    i.DMA2_Channel4_5_IRQHandler             0x08000528   Section        0  ceda.o(i.DMA2_Channel4_5_IRQHandler)
    i.DMA_ClearFlag                          0x08000594   Section        0  stm32f10x_dma.o(i.DMA_ClearFlag)
    i.DMA_Cmd                                0x080005b0   Section        0  stm32f10x_dma.o(i.DMA_Cmd)
    i.DMA_DeInit                             0x080005c8   Section        0  stm32f10x_dma.o(i.DMA_DeInit)
    i.DMA_GetCurrDataCounter                 0x08000714   Section        0  stm32f10x_dma.o(i.DMA_GetCurrDataCounter)
    i.DMA_GetITStatus                        0x0800071c   Section        0  stm32f10x_dma.o(i.DMA_GetITStatus)
    i.DMA_ITConfig                           0x08000748   Section        0  stm32f10x_dma.o(i.DMA_ITConfig)
    i.DMA_Init                               0x0800075a   Section        0  stm32f10x_dma.o(i.DMA_Init)
    i.EXTI0_IRQHandler                       0x08000798   Section        0  ceint.o(i.EXTI0_IRQHandler)
    i.EXTI15_10_IRQHandler                   0x080007c4   Section        0  ceint.o(i.EXTI15_10_IRQHandler)
    i.EXTI1_IRQHandler                       0x080008cc   Section        0  ceint.o(i.EXTI1_IRQHandler)
    i.EXTI2_IRQHandler                       0x080008f8   Section        0  ceint.o(i.EXTI2_IRQHandler)
    i.EXTI3_IRQHandler                       0x08000924   Section        0  ceint.o(i.EXTI3_IRQHandler)
    i.EXTI4_IRQHandler                       0x08000950   Section        0  ceint.o(i.EXTI4_IRQHandler)
    i.EXTI9_5_IRQHandler                     0x0800097c   Section        0  ceint.o(i.EXTI9_5_IRQHandler)
    i.EXTI_ClearFlag                         0x08000a4c   Section        0  stm32f10x_exti.o(i.EXTI_ClearFlag)
    i.EXTI_GenerateSWInterrupt               0x08000a58   Section        0  stm32f10x_exti.o(i.EXTI_GenerateSWInterrupt)
    i.EXTI_GetFlagStatus                     0x08000a68   Section        0  stm32f10x_exti.o(i.EXTI_GetFlagStatus)
    i.EXTI_Init                              0x08000a80   Section        0  stm32f10x_exti.o(i.EXTI_Init)
    i.GPIO_EXTILineConfig                    0x08000b14   Section        0  stm32f10x_gpio.o(i.GPIO_EXTILineConfig)
    i.GPIO_Init                              0x08000b54   Section        0  stm32f10x_gpio.o(i.GPIO_Init)
    i.GPIO_ReadInputDataBit                  0x08000c6a   Section        0  stm32f10x_gpio.o(i.GPIO_ReadInputDataBit)
    i.NVIC_Init                              0x08000c7c   Section        0  misc.o(i.NVIC_Init)
    i.NVIC_PriorityGroupConfig               0x08000cec   Section        0  misc.o(i.NVIC_PriorityGroupConfig)
    i.NVIC_SetVectorTable                    0x08000d00   Section        0  misc.o(i.NVIC_SetVectorTable)
    i.RCC_AHBPeriphClockCmd                  0x08000d14   Section        0  stm32f10x_rcc.o(i.RCC_AHBPeriphClockCmd)
    i.RCC_APB1PeriphClockCmd                 0x08000d34   Section        0  stm32f10x_rcc.o(i.RCC_APB1PeriphClockCmd)
    i.RCC_APB1PeriphResetCmd                 0x08000d54   Section        0  stm32f10x_rcc.o(i.RCC_APB1PeriphResetCmd)
    i.RCC_APB2PeriphClockCmd                 0x08000d74   Section        0  stm32f10x_rcc.o(i.RCC_APB2PeriphClockCmd)
    i.RCC_APB2PeriphResetCmd                 0x08000d94   Section        0  stm32f10x_rcc.o(i.RCC_APB2PeriphResetCmd)
    i.RCC_GetClocksFreq                      0x08000db4   Section        0  stm32f10x_rcc.o(i.RCC_GetClocksFreq)
    i.SetSysClock                            0x08000e88   Section        0  system_stm32f10x.o(i.SetSysClock)
    SetSysClock                              0x08000e89   Thumb Code     8  system_stm32f10x.o(i.SetSysClock)
    i.SetSysClockTo72                        0x08000e90   Section        0  system_stm32f10x.o(i.SetSysClockTo72)
    SetSysClockTo72                          0x08000e91   Thumb Code   214  system_stm32f10x.o(i.SetSysClockTo72)
    i.SystemInit                             0x08000f70   Section        0  system_stm32f10x.o(i.SystemInit)
    i.TIM1_UP_IRQHandler                     0x08000fd0   Section        0  cetimer.o(i.TIM1_UP_IRQHandler)
    i.TIM2_IRQHandler                        0x08001008   Section        0  ceccp.o(i.TIM2_IRQHandler)
    i.TIM3_IRQHandler                        0x0800104c   Section        0  cetimer.o(i.TIM3_IRQHandler)
    i.TIM4_IRQHandler                        0x08001084   Section        0  cetimer.o(i.TIM4_IRQHandler)
    i.TIM5_IRQHandler                        0x080010bc   Section        0  cetimer.o(i.TIM5_IRQHandler)
    i.TIM6_IRQHandler                        0x080010f4   Section        0  cetimer.o(i.TIM6_IRQHandler)
    i.TIM7_IRQHandler                        0x0800112c   Section        0  cetimer.o(i.TIM7_IRQHandler)
    i.TIM8_UP_IRQHandler                     0x08001164   Section        0  cetimer.o(i.TIM8_UP_IRQHandler)
    i.TIM_ClearFlag                          0x0800119c   Section        0  stm32f10x_tim.o(i.TIM_ClearFlag)
    i.TIM_Cmd                                0x080011a2   Section        0  stm32f10x_tim.o(i.TIM_Cmd)
    i.TIM_DeInit                             0x080011bc   Section        0  stm32f10x_tim.o(i.TIM_DeInit)
    i.TIM_GetFlagStatus                      0x080013a4   Section        0  stm32f10x_tim.o(i.TIM_GetFlagStatus)
    i.TIM_ITConfig                           0x080013b6   Section        0  stm32f10x_tim.o(i.TIM_ITConfig)
    i.TIM_SetCounter                         0x080013c8   Section        0  stm32f10x_tim.o(i.TIM_SetCounter)
    i.TIM_TimeBaseInit                       0x080013cc   Section        0  stm32f10x_tim.o(i.TIM_TimeBaseInit)
    i.UART4_IRQHandler                       0x08001470   Section        0  ceuart.o(i.UART4_IRQHandler)
    i.UART5_IRQHandler                       0x08001510   Section        0  ceuart.o(i.UART5_IRQHandler)
    i.USART1_IRQHandler                      0x080015b0   Section        0  ceuart.o(i.USART1_IRQHandler)
    i.USART2_IRQHandler                      0x08001620   Section        0  ceuart.o(i.USART2_IRQHandler)
    i.USART3_IRQHandler                      0x08001690   Section        0  ceuart.o(i.USART3_IRQHandler)
    i.USART_Cmd                              0x08001700   Section        0  stm32f10x_usart.o(i.USART_Cmd)
    i.USART_DMACmd                           0x08001718   Section        0  stm32f10x_usart.o(i.USART_DMACmd)
    i.USART_GetFlagStatus                    0x0800172a   Section        0  stm32f10x_usart.o(i.USART_GetFlagStatus)
    i.USART_GetITStatus                      0x08001744   Section        0  stm32f10x_usart.o(i.USART_GetITStatus)
    i.USART_ITConfig                         0x08001798   Section        0  stm32f10x_usart.o(i.USART_ITConfig)
    i.USART_Init                             0x080017e4   Section        0  stm32f10x_usart.o(i.USART_Init)
    i.USART_ReceiveData                      0x080018bc   Section        0  stm32f10x_usart.o(i.USART_ReceiveData)
    i.USART_SendData                         0x080018c6   Section        0  stm32f10x_usart.o(i.USART_SendData)
    i.cTicker_stop                           0x080018d0   Section        0  ceticker.o(i.cTicker_stop)
    i.ceAbs                                  0x08001930   Section        0  ceextra.o(i.ceAbs)
    i.ceAtoi                                 0x08001948   Section        0  ceextra.o(i.ceAtoi)
    i.ceCalTimerPrescalerAndPeriod           0x080019b0   Section        0  cetimer.o(i.ceCalTimerPrescalerAndPeriod)
    i.ceCheckCeInt                           0x08001a50   Section        0  ceint.o(i.ceCheckCeInt)
    i.ceCheckCeTask                          0x08001a78   Section        0  cetask.o(i.ceCheckCeTask)
    i.ceCheckCeTicker                        0x08001a8c   Section        0  ceticker.o(i.ceCheckCeTicker)
    i.ceCheckCeTimer                         0x08001aa8   Section        0  cetimer.o(i.ceCheckCeTimer)
    i.ceCheckCeUart                          0x08001ad8   Section        0  ceuart.o(i.ceCheckCeUart)
    i.ceDebug_getRecvData                    0x08001af4   Section        0  cedebug.o(i.ceDebug_getRecvData)
    i.ceDebug_getRecvDataCount               0x08001b1c   Section        0  cedebug.o(i.ceDebug_getRecvDataCount)
    i.ceDebug_initial                        0x08001b3c   Section        0  cedebug.o(i.ceDebug_initial)
    i.ceDebug_printf                         0x08001ba0   Section        0  cedebug.o(i.ceDebug_printf)
    i.ceDebug_printfBin                      0x08001d74   Section        0  cedebug.o(i.ceDebug_printfBin)
    i.ceDebug_printfChar                     0x08001da0   Section        0  cedebug.o(i.ceDebug_printfChar)
    i.ceDebug_printfFp64                     0x08001dfc   Section        0  cedebug.o(i.ceDebug_printfFp64)
    i.ceDebug_printfHex                      0x08001e80   Section        0  cedebug.o(i.ceDebug_printfHex)
    i.ceDebug_printfInt32                    0x08001f10   Section        0  cedebug.o(i.ceDebug_printfInt32)
    i.ceDebug_printfStr                      0x08001f94   Section        0  cedebug.o(i.ceDebug_printfStr)
    i.ceDebug_printfUint32                   0x08001fb2   Section        0  cedebug.o(i.ceDebug_printfUint32)
    i.ceDebug_registerAppendString           0x08002024   Section        0  cedebug.o(i.ceDebug_registerAppendString)
    i.ceDebug_sprintf                        0x080021c8   Section        0  cedebug.o(i.ceDebug_sprintf)
    i.ceDebug_unRegisterAppendString         0x08002380   Section        0  cedebug.o(i.ceDebug_unRegisterAppendString)
    i.ceDoubleFifo_clear                     0x0800238c   Section        0  ceextra.o(i.ceDoubleFifo_clear)
    i.ceDoubleFifo_getCanReadSize            0x080023a8   Section        0  ceextra.o(i.ceDoubleFifo_getCanReadSize)
    i.ceDoubleFifo_getCanWriteSize           0x080023c4   Section        0  ceextra.o(i.ceDoubleFifo_getCanWriteSize)
    i.ceDoubleFifo_initial                   0x080023e0   Section        0  ceextra.o(i.ceDoubleFifo_initial)
    i.ceDoubleFifo_isEmpty                   0x080023fc   Section        0  ceextra.o(i.ceDoubleFifo_isEmpty)
    i.ceDoubleFifo_read                      0x08002418   Section        0  ceextra.o(i.ceDoubleFifo_read)
    i.ceDoubleFifo_updata                    0x0800243c   Section        0  ceextra.o(i.ceDoubleFifo_updata)
    i.ceDoubleFifo_write                     0x0800249c   Section        0  ceextra.o(i.ceDoubleFifo_write)
    i.ceFifo_clear                           0x080024d4   Section        0  ceextra.o(i.ceFifo_clear)
    i.ceFifo_getCanReadSize                  0x08002514   Section        0  ceextra.o(i.ceFifo_getCanReadSize)
    i.ceFifo_getCanWriteSize                 0x0800253c   Section        0  ceextra.o(i.ceFifo_getCanWriteSize)
    i.ceFifo_getWriteLockStatus              0x08002574   Section        0  ceextra.o(i.ceFifo_getWriteLockStatus)
    i.ceFifo_initial                         0x0800257a   Section        0  ceextra.o(i.ceFifo_initial)
    i.ceFifo_isEmpty                         0x0800258a   Section        0  ceextra.o(i.ceFifo_isEmpty)
    i.ceFifo_read                            0x080025ac   Section        0  ceextra.o(i.ceFifo_read)
    i.ceFifo_write                           0x08002640   Section        0  ceextra.o(i.ceFifo_write)
    i.ceInt_getBit                           0x080026bc   Section        0  ceint.o(i.ceInt_getBit)
    i.ceInt_initial                          0x080026f8   Section        0  ceint.o(i.ceInt_initial)
    i.ceInt_setMode                          0x0800285c   Section        0  ceint.o(i.ceInt_setMode)
    i.ceInt_start                            0x080028b8   Section        0  ceint.o(i.ceInt_start)
    i.ceInt_stop                             0x08002900   Section        0  ceint.o(i.ceInt_stop)
    i.ceItoa                                 0x080029c0   Section        0  ceextra.o(i.ceItoa)
    i.ceStrcmp                               0x08002a6c   Section        0  ceextra.o(i.ceStrcmp)
    i.ceStrcpy                               0x08002aa4   Section        0  ceextra.o(i.ceStrcpy)
    i.ceStrlen                               0x08002ac4   Section        0  ceextra.o(i.ceStrlen)
    i.ceSystem_GolbalInterruptInitial        0x08002ad4   Section        0  cesystem.o(i.ceSystem_GolbalInterruptInitial)
    i.ceSystem_callBackTickTimer             0x08002aec   Section        0  cesystem.o(i.ceSystem_callBackTickTimer)
    i.ceSystem_delayMs                       0x08002b0c   Section        0  cesystem.o(i.ceSystem_delayMs)
    i.ceSystem_delayNs                       0x08002b8c   Section        0  cesystem.o(i.ceSystem_delayNs)
    i.ceSystem_delayUs                       0x08002ba0   Section        0  cesystem.o(i.ceSystem_delayUs)
    i.ceSystem_getErrorMsg                   0x08002c28   Section        0  cesystem.o(i.ceSystem_getErrorMsg)
    i.ceSystem_getSystemTickMs               0x08002c84   Section        0  cesystem.o(i.ceSystem_getSystemTickMs)
    i.ceSystem_getSystemTickUs               0x08002c98   Section        0  cesystem.o(i.ceSystem_getSystemTickUs)
    i.ceSystem_initial                       0x08002cd8   Section        0  cesystem.o(i.ceSystem_initial)
    i.ceSystem_initialTickTimer              0x08002ce8   Section        0  cesystem.o(i.ceSystem_initialTickTimer)
    i.ceTask_getCriticalStatus               0x08002d28   Section        0  cetask.o(i.ceTask_getCriticalStatus)
    i.ceTask_inCriticalSection               0x08002d3c   Section        0  cetask.o(i.ceTask_inCriticalSection)
    i.ceTask_mainTask                        0x08002d4c   Section        0  cetask.o(i.ceTask_mainTask)
    i.ceTask_outCriticalSection              0x08002d78   Section        0  cetask.o(i.ceTask_outCriticalSection)
    i.ceTask_register                        0x08002d90   Section        0  cetask.o(i.ceTask_register)
    i.ceTask_start                           0x08002df8   Section        0  cetask.o(i.ceTask_start)
    i.ceTask_stop                            0x08002e28   Section        0  cetask.o(i.ceTask_stop)
    i.ceTask_taskSchedule                    0x08002e58   Section        0  cetask.o(i.ceTask_taskSchedule)
    i.ceTask_unRegister                      0x08002e5c   Section        0  cetask.o(i.ceTask_unRegister)
    i.ceTicker_callBySystem                  0x08002ea8   Section        0  ceticker.o(i.ceTicker_callBySystem)
    i.ceTicker_register                      0x08002f18   Section        0  ceticker.o(i.ceTicker_register)
    i.ceTicker_start                         0x08002f88   Section        0  ceticker.o(i.ceTicker_start)
    i.ceTicker_unRegister                    0x08002fec   Section        0  ceticker.o(i.ceTicker_unRegister)
    i.ceTimer_getTimerMaxCnt                 0x08003068   Section        0  cetimer.o(i.ceTimer_getTimerMaxCnt)
    i.ceTimer_getTimreNowCnt                 0x08003074   Section        0  cetimer.o(i.ceTimer_getTimreNowCnt)
    i.ceTimer_initial                        0x080030b4   Section        0  cetimer.o(i.ceTimer_initial)
    i.ceTimer_start                          0x080031d0   Section        0  cetimer.o(i.ceTimer_start)
    i.ceTimer_stop                           0x080031fc   Section        0  cetimer.o(i.ceTimer_stop)
    i.ceTimer_upData                         0x08003220   Section        0  cetimer.o(i.ceTimer_upData)
    i.ceUart_clearRecvBuf                    0x080032b8   Section        0  ceuart.o(i.ceUart_clearRecvBuf)
    i.ceUart_getRecvDataCount                0x080032cc   Section        0  ceuart.o(i.ceUart_getRecvDataCount)
    i.ceUart_initial                         0x080032e0   Section        0  ceuart.o(i.ceUart_initial)
    i.ceUart_readData                        0x08003708   Section        0  ceuart.o(i.ceUart_readData)
    i.ceUart_sendData                        0x08003724   Section        0  ceuart.o(i.ceUart_sendData)
    i.ceUart_start                           0x080037e8   Section        0  ceuart.o(i.ceUart_start)
    i.ceUart_stop                            0x08003824   Section        0  ceuart.o(i.ceUart_stop)
    i.ce_assert_failed                       0x08003860   Section        0  cesystem.o(i.ce_assert_failed)
    i.intEventCallBack                       0x080038dc   Section        0  main.o(i.intEventCallBack)
    i.main                                   0x08003928   Section        0  main.o(i.main)
    x$fpl$dadd                               0x08003984   Section      336  daddsub_clz.o(x$fpl$dadd)
    _dadd1                                   0x08003995   Thumb Code     0  daddsub_clz.o(x$fpl$dadd)
    x$fpl$dcmpinf                            0x08003ad4   Section       24  dcmpi.o(x$fpl$dcmpinf)
    x$fpl$dfix                               0x08003aec   Section       94  dfix.o(x$fpl$dfix)
    x$fpl$dflt                               0x08003b4a   Section       46  dflt_clz.o(x$fpl$dflt)
    x$fpl$dleqf                              0x08003b78   Section      120  dleqf.o(x$fpl$dleqf)
    x$fpl$dmul                               0x08003bf0   Section      340  dmul.o(x$fpl$dmul)
    x$fpl$dnaninf                            0x08003d44   Section      156  dnaninf.o(x$fpl$dnaninf)
    x$fpl$dretinf                            0x08003de0   Section       12  dretinf.o(x$fpl$dretinf)
    x$fpl$drsb                               0x08003dec   Section       22  daddsub_clz.o(x$fpl$drsb)
    x$fpl$dsub                               0x08003e04   Section      468  daddsub_clz.o(x$fpl$dsub)
    _dsub1                                   0x08003e15   Thumb Code     0  daddsub_clz.o(x$fpl$dsub)
    x$fpl$fcmpinf                            0x08003fd8   Section       24  fcmpi.o(x$fpl$fcmpinf)
    x$fpl$fleqf                              0x08003ff0   Section      104  fleqf.o(x$fpl$fleqf)
    x$fpl$fnaninf                            0x08004058   Section      140  fnaninf.o(x$fpl$fnaninf)
    .constdata                               0x080040e4   Section      132  ceint.o(.constdata)
    x$fpl$usenofp                            0x080040e4   Section        0  usenofp.o(x$fpl$usenofp)
    .constdata                               0x08004168   Section      300  cesystem.o(.constdata)
    .constdata                               0x08004294   Section       44  cetimer.o(.constdata)
    .constdata                               0x080042c0   Section       40  ceuart.o(.constdata)
    .constdata                               0x080042e8   Section       44  cedebug.o(.constdata)
    .constdata                               0x08004314   Section       88  ceextra.o(.constdata)
    .constdata                               0x0800436c   Section       36  cetask.o(.constdata)
    .constdata                               0x08004390   Section       20  ceticker.o(.constdata)
    .conststring                             0x080043a4   Section       97  cedebug.o(.conststring)
    .data                                    0x20000000   Section       20  stm32f10x_rcc.o(.data)
    APBAHBPrescTable                         0x20000000   Data          16  stm32f10x_rcc.o(.data)
    ADCPrescTable                            0x20000010   Data           4  stm32f10x_rcc.o(.data)
    .data                                    0x20000014   Section        4  ceccp.o(.data)
    .data                                    0x20000018   Section        8  ceda.o(.data)
    .data                                    0x20000020   Section       28  ceint.o(.data)
    .data                                    0x2000003c   Section      124  cetimer.o(.data)
    .data                                    0x200000b8   Section        1  ceuart.o(.data)
    .data                                    0x200000bc   Section        6  cetask.o(.data)
    .data                                    0x200000c8   Section       16  ceticker.o(.data)
    .bss                                     0x200000d8   Section       64  ceint.o(.bss)
    .bss                                     0x20000118   Section       48  cesystem.o(.bss)
    .bss                                     0x20000148   Section       68  cetimer.o(.bss)
    .bss                                     0x2000018c   Section     1580  ceuart.o(.bss)
    .bss                                     0x200007b8   Section      360  cedebug.o(.bss)
    .bss                                     0x20000920   Section       36  main.o(.bss)
    .bss                                     0x20000944   Section       96  libspace.o(.bss)
    HEAP                                     0x200009a8   Section      512  startup_stm32f10x_hd.o(HEAP)
    Heap_Mem                                 0x200009a8   Data         512  startup_stm32f10x_hd.o(HEAP)
    STACK                                    0x20000ba8   Section     1024  startup_stm32f10x_hd.o(STACK)
    Stack_Mem                                0x20000ba8   Data        1024  startup_stm32f10x_hd.o(STACK)
    __initial_sp                             0x20000fa8   Data           0  startup_stm32f10x_hd.o(STACK)

    Global Symbols

    Symbol Name                              Value     Ov Type        Size  Object(Section)

    BuildAttributes$$THM_ISAv4$P$D$K$B$S$PE$A:L22UL41UL21$X:L11$S22US41US21$IEEE1$IW$USESV6$~STKCKD$USESV7$~SHL$OSPACE$ROPI$EBA8$UX$STANDARDLIB$REQ8$PRES8$EABIv2 0x00000000   Number         0  anon$$obj.o ABSOLUTE
    __ARM_use_no_argv                        0x00000000   Number         0  main.o ABSOLUTE
    __ARM_exceptions_init                     - Undefined Weak Reference
    __alloca_initialize                       - Undefined Weak Reference
    __arm_preinit_                            - Undefined Weak Reference
    __cpp_initialize__aeabi_                  - Undefined Weak Reference
    __cxa_finalize                            - Undefined Weak Reference
    __rt_locale                               - Undefined Weak Reference
    __sigvec_lookup                           - Undefined Weak Reference
    _atexit_init                              - Undefined Weak Reference
    _call_atexit_fns                          - Undefined Weak Reference
    _clock_init                               - Undefined Weak Reference
    _fp_trap_init                             - Undefined Weak Reference
    _fp_trap_shutdown                         - Undefined Weak Reference
    _get_lc_collate                           - Undefined Weak Reference
    _get_lc_ctype                             - Undefined Weak Reference
    _get_lc_monetary                          - Undefined Weak Reference
    _get_lc_numeric                           - Undefined Weak Reference
    _get_lc_time                              - Undefined Weak Reference
    _getenv_init                              - Undefined Weak Reference
    _handle_redirection                       - Undefined Weak Reference
    _init_alloc                               - Undefined Weak Reference
    _init_user_alloc                          - Undefined Weak Reference
    _initio                                   - Undefined Weak Reference
    _rand_init                                - Undefined Weak Reference
    _signal_finish                            - Undefined Weak Reference
    _signal_init                              - Undefined Weak Reference
    _terminate_alloc                          - Undefined Weak Reference
    _terminate_user_alloc                     - Undefined Weak Reference
    _terminateio                              - Undefined Weak Reference
    __Vectors_Size                           0x00000130   Number         0  startup_stm32f10x_hd.o ABSOLUTE
    __Vectors                                0x08000000   Data           4  startup_stm32f10x_hd.o(RESET)
    __Vectors_End                            0x08000130   Data           0  startup_stm32f10x_hd.o(RESET)
    __main                                   0x08000131   Thumb Code     8  __main.o(!!!main)
    __scatterload                            0x08000139   Thumb Code     0  __scatter.o(!!!scatter)
    __scatterload_rt2                        0x08000139   Thumb Code    44  __scatter.o(!!!scatter)
    __scatterload_rt2_thumb_only             0x08000139   Thumb Code     0  __scatter.o(!!!scatter)
    __scatterload_null                       0x08000147   Thumb Code     0  __scatter.o(!!!scatter)
    __scatterload_copy                       0x0800016d   Thumb Code    26  __scatter_copy.o(!!handler_copy)
    __scatterload_zeroinit                   0x08000189   Thumb Code    28  __scatter_zi.o(!!handler_zi)
    __rt_lib_init                            0x080001a5   Thumb Code     0  libinit.o(.ARM.Collect$$libinit$$00000000)
    __rt_lib_init_alloca_1                   0x080001a7   Thumb Code     0  libinit2.o(.ARM.Collect$$libinit$$0000002E)
    __rt_lib_init_argv_1                     0x080001a7   Thumb Code     0  libinit2.o(.ARM.Collect$$libinit$$0000002C)
    __rt_lib_init_atexit_1                   0x080001a7   Thumb Code     0  libinit2.o(.ARM.Collect$$libinit$$0000001B)
    __rt_lib_init_clock_1                    0x080001a7   Thumb Code     0  libinit2.o(.ARM.Collect$$libinit$$00000021)
    __rt_lib_init_cpp_1                      0x080001a7   Thumb Code     0  libinit2.o(.ARM.Collect$$libinit$$00000032)
    __rt_lib_init_exceptions_1               0x080001a7   Thumb Code     0  libinit2.o(.ARM.Collect$$libinit$$00000030)
    __rt_lib_init_fp_1                       0x080001a7   Thumb Code     0  libinit2.o(.ARM.Collect$$libinit$$00000002)
    __rt_lib_init_fp_trap_1                  0x080001a7   Thumb Code     0  libinit2.o(.ARM.Collect$$libinit$$0000001F)
    __rt_lib_init_getenv_1                   0x080001a7   Thumb Code     0  libinit2.o(.ARM.Collect$$libinit$$00000023)
    __rt_lib_init_heap_1                     0x080001a7   Thumb Code     0  libinit2.o(.ARM.Collect$$libinit$$0000000A)
    __rt_lib_init_lc_collate_1               0x080001a7   Thumb Code     0  libinit2.o(.ARM.Collect$$libinit$$00000011)
    __rt_lib_init_lc_ctype_1                 0x080001a7   Thumb Code     0  libinit2.o(.ARM.Collect$$libinit$$00000013)
    __rt_lib_init_lc_monetary_1              0x080001a7   Thumb Code     0  libinit2.o(.ARM.Collect$$libinit$$00000015)
    __rt_lib_init_lc_numeric_1               0x080001a7   Thumb Code     0  libinit2.o(.ARM.Collect$$libinit$$00000017)
    __rt_lib_init_lc_time_1                  0x080001a7   Thumb Code     0  libinit2.o(.ARM.Collect$$libinit$$00000019)
    __rt_lib_init_preinit_1                  0x080001a7   Thumb Code     0  libinit2.o(.ARM.Collect$$libinit$$00000004)
    __rt_lib_init_rand_1                     0x080001a7   Thumb Code     0  libinit2.o(.ARM.Collect$$libinit$$0000000E)
    __rt_lib_init_return                     0x080001a7   Thumb Code     0  libinit2.o(.ARM.Collect$$libinit$$00000033)
    __rt_lib_init_signal_1                   0x080001a7   Thumb Code     0  libinit2.o(.ARM.Collect$$libinit$$0000001D)
    __rt_lib_init_stdio_1                    0x080001a7   Thumb Code     0  libinit2.o(.ARM.Collect$$libinit$$00000025)
    __rt_lib_init_user_alloc_1               0x080001a7   Thumb Code     0  libinit2.o(.ARM.Collect$$libinit$$0000000C)
    __rt_lib_shutdown                        0x080001a9   Thumb Code     0  libshutdown.o(.ARM.Collect$$libshutdown$$00000000)
    __rt_lib_shutdown_fp_trap_1              0x080001ab   Thumb Code     0  libshutdown2.o(.ARM.Collect$$libshutdown$$00000006)
    __rt_lib_shutdown_heap_1                 0x080001ab   Thumb Code     0  libshutdown2.o(.ARM.Collect$$libshutdown$$0000000E)
    __rt_lib_shutdown_return                 0x080001ab   Thumb Code     0  libshutdown2.o(.ARM.Collect$$libshutdown$$0000000F)
    __rt_lib_shutdown_signal_1               0x080001ab   Thumb Code     0  libshutdown2.o(.ARM.Collect$$libshutdown$$00000009)
    __rt_lib_shutdown_stdio_1                0x080001ab   Thumb Code     0  libshutdown2.o(.ARM.Collect$$libshutdown$$00000003)
    __rt_lib_shutdown_user_alloc_1           0x080001ab   Thumb Code     0  libshutdown2.o(.ARM.Collect$$libshutdown$$0000000B)
    __rt_entry                               0x080001ad   Thumb Code     0  __rtentry.o(.ARM.Collect$$rtentry$$00000000)
    __rt_entry_presh_1                       0x080001ad   Thumb Code     0  __rtentry2.o(.ARM.Collect$$rtentry$$00000002)
    __rt_entry_sh                            0x080001ad   Thumb Code     0  __rtentry4.o(.ARM.Collect$$rtentry$$00000004)
    __rt_entry_li                            0x080001b3   Thumb Code     0  __rtentry2.o(.ARM.Collect$$rtentry$$0000000A)
    __rt_entry_postsh_1                      0x080001b3   Thumb Code     0  __rtentry2.o(.ARM.Collect$$rtentry$$00000009)
    __rt_entry_main                          0x080001b7   Thumb Code     0  __rtentry2.o(.ARM.Collect$$rtentry$$0000000D)
    __rt_entry_postli_1                      0x080001b7   Thumb Code     0  __rtentry2.o(.ARM.Collect$$rtentry$$0000000C)
    __rt_exit                                0x080001bf   Thumb Code     0  rtexit.o(.ARM.Collect$$rtexit$$00000000)
    __rt_exit_ls                             0x080001c1   Thumb Code     0  rtexit2.o(.ARM.Collect$$rtexit$$00000003)
    __rt_exit_prels_1                        0x080001c1   Thumb Code     0  rtexit2.o(.ARM.Collect$$rtexit$$00000002)
    __rt_exit_exit                           0x080001c5   Thumb Code     0  rtexit2.o(.ARM.Collect$$rtexit$$00000004)
    Reset_Handler                            0x080001cd   Thumb Code     8  startup_stm32f10x_hd.o(.text)
    NMI_Handler                              0x080001d5   Thumb Code     2  startup_stm32f10x_hd.o(.text)
    HardFault_Handler                        0x080001d7   Thumb Code     2  startup_stm32f10x_hd.o(.text)
    MemManage_Handler                        0x080001d9   Thumb Code     2  startup_stm32f10x_hd.o(.text)
    BusFault_Handler                         0x080001db   Thumb Code     2  startup_stm32f10x_hd.o(.text)
    UsageFault_Handler                       0x080001dd   Thumb Code     2  startup_stm32f10x_hd.o(.text)
    SVC_Handler                              0x080001df   Thumb Code     2  startup_stm32f10x_hd.o(.text)
    DebugMon_Handler                         0x080001e1   Thumb Code     2  startup_stm32f10x_hd.o(.text)
    PendSV_Handler                           0x080001e3   Thumb Code     2  startup_stm32f10x_hd.o(.text)
    SysTick_Handler                          0x080001e5   Thumb Code     2  startup_stm32f10x_hd.o(.text)
    ADC1_2_IRQHandler                        0x080001e7   Thumb Code     0  startup_stm32f10x_hd.o(.text)
    ADC3_IRQHandler                          0x080001e7   Thumb Code     0  startup_stm32f10x_hd.o(.text)
    CAN1_RX1_IRQHandler                      0x080001e7   Thumb Code     0  startup_stm32f10x_hd.o(.text)
    CAN1_SCE_IRQHandler                      0x080001e7   Thumb Code     0  startup_stm32f10x_hd.o(.text)
    DMA1_Channel3_IRQHandler                 0x080001e7   Thumb Code     0  startup_stm32f10x_hd.o(.text)
    DMA1_Channel5_IRQHandler                 0x080001e7   Thumb Code     0  startup_stm32f10x_hd.o(.text)
    DMA1_Channel6_IRQHandler                 0x080001e7   Thumb Code     0  startup_stm32f10x_hd.o(.text)
    DMA2_Channel1_IRQHandler                 0x080001e7   Thumb Code     0  startup_stm32f10x_hd.o(.text)
    DMA2_Channel2_IRQHandler                 0x080001e7   Thumb Code     0  startup_stm32f10x_hd.o(.text)
    FLASH_IRQHandler                         0x080001e7   Thumb Code     0  startup_stm32f10x_hd.o(.text)
    FSMC_IRQHandler                          0x080001e7   Thumb Code     0  startup_stm32f10x_hd.o(.text)
    I2C1_ER_IRQHandler                       0x080001e7   Thumb Code     0  startup_stm32f10x_hd.o(.text)
    I2C1_EV_IRQHandler                       0x080001e7   Thumb Code     0  startup_stm32f10x_hd.o(.text)
    I2C2_ER_IRQHandler                       0x080001e7   Thumb Code     0  startup_stm32f10x_hd.o(.text)
    I2C2_EV_IRQHandler                       0x080001e7   Thumb Code     0  startup_stm32f10x_hd.o(.text)
    PVD_IRQHandler                           0x080001e7   Thumb Code     0  startup_stm32f10x_hd.o(.text)
    RCC_IRQHandler                           0x080001e7   Thumb Code     0  startup_stm32f10x_hd.o(.text)
    RTCAlarm_IRQHandler                      0x080001e7   Thumb Code     0  startup_stm32f10x_hd.o(.text)
    RTC_IRQHandler                           0x080001e7   Thumb Code     0  startup_stm32f10x_hd.o(.text)
    SDIO_IRQHandler                          0x080001e7   Thumb Code     0  startup_stm32f10x_hd.o(.text)
    SPI1_IRQHandler                          0x080001e7   Thumb Code     0  startup_stm32f10x_hd.o(.text)
    SPI2_IRQHandler                          0x080001e7   Thumb Code     0  startup_stm32f10x_hd.o(.text)
    SPI3_IRQHandler                          0x080001e7   Thumb Code     0  startup_stm32f10x_hd.o(.text)
    TAMPER_IRQHandler                        0x080001e7   Thumb Code     0  startup_stm32f10x_hd.o(.text)
    TIM1_BRK_IRQHandler                      0x080001e7   Thumb Code     0  startup_stm32f10x_hd.o(.text)
    TIM1_CC_IRQHandler                       0x080001e7   Thumb Code     0  startup_stm32f10x_hd.o(.text)
    TIM1_TRG_COM_IRQHandler                  0x080001e7   Thumb Code     0  startup_stm32f10x_hd.o(.text)
    TIM8_BRK_IRQHandler                      0x080001e7   Thumb Code     0  startup_stm32f10x_hd.o(.text)
    TIM8_CC_IRQHandler                       0x080001e7   Thumb Code     0  startup_stm32f10x_hd.o(.text)
    TIM8_TRG_COM_IRQHandler                  0x080001e7   Thumb Code     0  startup_stm32f10x_hd.o(.text)
    USBWakeUp_IRQHandler                     0x080001e7   Thumb Code     0  startup_stm32f10x_hd.o(.text)
    USB_HP_CAN1_TX_IRQHandler                0x080001e7   Thumb Code     0  startup_stm32f10x_hd.o(.text)
    USB_LP_CAN1_RX0_IRQHandler               0x080001e7   Thumb Code     0  startup_stm32f10x_hd.o(.text)
    WWDG_IRQHandler                          0x080001e7   Thumb Code     0  startup_stm32f10x_hd.o(.text)
    __user_initial_stackheap                 0x080001e9   Thumb Code     0  startup_stm32f10x_hd.o(.text)
    __aeabi_uldivmod                         0x0800020d   Thumb Code     0  lludivv7m.o(.text)
    _ll_udiv                                 0x0800020d   Thumb Code   238  lludivv7m.o(.text)
    __aeabi_memcpy4                          0x080002fb   Thumb Code     0  rt_memcpy_w.o(.text)
    __aeabi_memcpy8                          0x080002fb   Thumb Code     0  rt_memcpy_w.o(.text)
    __rt_memcpy_w                            0x080002fb   Thumb Code   100  rt_memcpy_w.o(.text)
    _memcpy_lastbytes_aligned                0x08000343   Thumb Code     0  rt_memcpy_w.o(.text)
    __use_two_region_memory                  0x0800035f   Thumb Code     2  heapauxi.o(.text)
    __rt_heap_escrow$2region                 0x08000361   Thumb Code     2  heapauxi.o(.text)
    __rt_heap_expand$2region                 0x08000363   Thumb Code     2  heapauxi.o(.text)
    __user_setup_stackheap                   0x08000365   Thumb Code    74  sys_stackheap_outer.o(.text)
    exit                                     0x080003af   Thumb Code    12  exit.o(.text)
    __user_libspace                          0x080003bd   Thumb Code     8  libspace.o(.text)
    __user_perproc_libspace                  0x080003bd   Thumb Code     0  libspace.o(.text)
    __user_perthread_libspace                0x080003bd   Thumb Code     0  libspace.o(.text)
    _sys_exit                                0x080003c5   Thumb Code     8  sys_exit.o(.text)
    __I$use$semihosting                      0x080003d1   Thumb Code     0  use_no_semi.o(.text)
    __use_no_semihosting_swi                 0x080003d1   Thumb Code     2  use_no_semi.o(.text)
    __semihosting_library_function           0x080003d3   Thumb Code     0  indicate_semi.o(.text)
    DAC_Cmd                                  0x080003d5   Thumb Code    34  stm32f10x_dac.o(i.DAC_Cmd)
    DAC_DMACmd                               0x080003fd   Thumb Code    38  stm32f10x_dac.o(i.DAC_DMACmd)
    DMA1_Channel1_IRQHandler                 0x08000429   Thumb Code     2  cead.o(i.DMA1_Channel1_IRQHandler)
    DMA1_Channel2_IRQHandler                 0x0800042d   Thumb Code    36  ceuart.o(i.DMA1_Channel2_IRQHandler)
    DMA1_Channel4_IRQHandler                 0x08000459   Thumb Code    40  ceuart.o(i.DMA1_Channel4_IRQHandler)
    DMA1_Channel7_IRQHandler                 0x08000489   Thumb Code    40  ceuart.o(i.DMA1_Channel7_IRQHandler)
    DMA2_Channel3_IRQHandler                 0x080004b9   Thumb Code    90  ceda.o(i.DMA2_Channel3_IRQHandler)
    DMA2_Channel4_5_IRQHandler               0x08000529   Thumb Code    90  ceda.o(i.DMA2_Channel4_5_IRQHandler)
    DMA_ClearFlag                            0x08000595   Thumb Code    18  stm32f10x_dma.o(i.DMA_ClearFlag)
    DMA_Cmd                                  0x080005b1   Thumb Code    24  stm32f10x_dma.o(i.DMA_Cmd)
    DMA_DeInit                               0x080005c9   Thumb Code   324  stm32f10x_dma.o(i.DMA_DeInit)
    DMA_GetCurrDataCounter                   0x08000715   Thumb Code     8  stm32f10x_dma.o(i.DMA_GetCurrDataCounter)
    DMA_GetITStatus                          0x0800071d   Thumb Code    36  stm32f10x_dma.o(i.DMA_GetITStatus)
    DMA_ITConfig                             0x08000749   Thumb Code    18  stm32f10x_dma.o(i.DMA_ITConfig)
    DMA_Init                                 0x0800075b   Thumb Code    60  stm32f10x_dma.o(i.DMA_Init)
    EXTI0_IRQHandler                         0x08000799   Thumb Code    40  ceint.o(i.EXTI0_IRQHandler)
    EXTI15_10_IRQHandler                     0x080007c5   Thumb Code   260  ceint.o(i.EXTI15_10_IRQHandler)
    EXTI1_IRQHandler                         0x080008cd   Thumb Code    40  ceint.o(i.EXTI1_IRQHandler)
    EXTI2_IRQHandler                         0x080008f9   Thumb Code    40  ceint.o(i.EXTI2_IRQHandler)
    EXTI3_IRQHandler                         0x08000925   Thumb Code    40  ceint.o(i.EXTI3_IRQHandler)
    EXTI4_IRQHandler                         0x08000951   Thumb Code    40  ceint.o(i.EXTI4_IRQHandler)
    EXTI9_5_IRQHandler                       0x0800097d   Thumb Code   204  ceint.o(i.EXTI9_5_IRQHandler)
    EXTI_ClearFlag                           0x08000a4d   Thumb Code     6  stm32f10x_exti.o(i.EXTI_ClearFlag)
    EXTI_GenerateSWInterrupt                 0x08000a59   Thumb Code    12  stm32f10x_exti.o(i.EXTI_GenerateSWInterrupt)
    EXTI_GetFlagStatus                       0x08000a69   Thumb Code    20  stm32f10x_exti.o(i.EXTI_GetFlagStatus)
    EXTI_Init                                0x08000a81   Thumb Code   142  stm32f10x_exti.o(i.EXTI_Init)
    GPIO_EXTILineConfig                      0x08000b15   Thumb Code    60  stm32f10x_gpio.o(i.GPIO_EXTILineConfig)
    GPIO_Init                                0x08000b55   Thumb Code   278  stm32f10x_gpio.o(i.GPIO_Init)
    GPIO_ReadInputDataBit                    0x08000c6b   Thumb Code    18  stm32f10x_gpio.o(i.GPIO_ReadInputDataBit)
    NVIC_Init                                0x08000c7d   Thumb Code   100  misc.o(i.NVIC_Init)
    NVIC_PriorityGroupConfig                 0x08000ced   Thumb Code    10  misc.o(i.NVIC_PriorityGroupConfig)
    NVIC_SetVectorTable                      0x08000d01   Thumb Code    12  misc.o(i.NVIC_SetVectorTable)
    RCC_AHBPeriphClockCmd                    0x08000d15   Thumb Code    26  stm32f10x_rcc.o(i.RCC_AHBPeriphClockCmd)
    RCC_APB1PeriphClockCmd                   0x08000d35   Thumb Code    26  stm32f10x_rcc.o(i.RCC_APB1PeriphClockCmd)
    RCC_APB1PeriphResetCmd                   0x08000d55   Thumb Code    26  stm32f10x_rcc.o(i.RCC_APB1PeriphResetCmd)
    RCC_APB2PeriphClockCmd                   0x08000d75   Thumb Code    26  stm32f10x_rcc.o(i.RCC_APB2PeriphClockCmd)
    RCC_APB2PeriphResetCmd                   0x08000d95   Thumb Code    26  stm32f10x_rcc.o(i.RCC_APB2PeriphResetCmd)
    RCC_GetClocksFreq                        0x08000db5   Thumb Code   192  stm32f10x_rcc.o(i.RCC_GetClocksFreq)
    SystemInit                               0x08000f71   Thumb Code    78  system_stm32f10x.o(i.SystemInit)
    TIM1_UP_IRQHandler                       0x08000fd1   Thumb Code    46  cetimer.o(i.TIM1_UP_IRQHandler)
    TIM2_IRQHandler                          0x08001009   Thumb Code    64  ceccp.o(i.TIM2_IRQHandler)
    TIM3_IRQHandler                          0x0800104d   Thumb Code    46  cetimer.o(i.TIM3_IRQHandler)
    TIM4_IRQHandler                          0x08001085   Thumb Code    46  cetimer.o(i.TIM4_IRQHandler)
    TIM5_IRQHandler                          0x080010bd   Thumb Code    46  cetimer.o(i.TIM5_IRQHandler)
    TIM6_IRQHandler                          0x080010f5   Thumb Code    46  cetimer.o(i.TIM6_IRQHandler)
    TIM7_IRQHandler                          0x0800112d   Thumb Code    46  cetimer.o(i.TIM7_IRQHandler)
    TIM8_UP_IRQHandler                       0x08001165   Thumb Code    46  cetimer.o(i.TIM8_UP_IRQHandler)
    TIM_ClearFlag                            0x0800119d   Thumb Code     6  stm32f10x_tim.o(i.TIM_ClearFlag)
    TIM_Cmd                                  0x080011a3   Thumb Code    24  stm32f10x_tim.o(i.TIM_Cmd)
    TIM_DeInit                               0x080011bd   Thumb Code   424  stm32f10x_tim.o(i.TIM_DeInit)
    TIM_GetFlagStatus                        0x080013a5   Thumb Code    18  stm32f10x_tim.o(i.TIM_GetFlagStatus)
    TIM_ITConfig                             0x080013b7   Thumb Code    18  stm32f10x_tim.o(i.TIM_ITConfig)
    TIM_SetCounter                           0x080013c9   Thumb Code     4  stm32f10x_tim.o(i.TIM_SetCounter)
    TIM_TimeBaseInit                         0x080013cd   Thumb Code   122  stm32f10x_tim.o(i.TIM_TimeBaseInit)
    UART4_IRQHandler                         0x08001471   Thumb Code   144  ceuart.o(i.UART4_IRQHandler)
    UART5_IRQHandler                         0x08001511   Thumb Code   144  ceuart.o(i.UART5_IRQHandler)
    USART1_IRQHandler                        0x080015b1   Thumb Code    92  ceuart.o(i.USART1_IRQHandler)
    USART2_IRQHandler                        0x08001621   Thumb Code    92  ceuart.o(i.USART2_IRQHandler)
    USART3_IRQHandler                        0x08001691   Thumb Code    92  ceuart.o(i.USART3_IRQHandler)
    USART_Cmd                                0x08001701   Thumb Code    24  stm32f10x_usart.o(i.USART_Cmd)
    USART_DMACmd                             0x08001719   Thumb Code    18  stm32f10x_usart.o(i.USART_DMACmd)
    USART_GetFlagStatus                      0x0800172b   Thumb Code    26  stm32f10x_usart.o(i.USART_GetFlagStatus)
    USART_GetITStatus                        0x08001745   Thumb Code    84  stm32f10x_usart.o(i.USART_GetITStatus)
    USART_ITConfig                           0x08001799   Thumb Code    74  stm32f10x_usart.o(i.USART_ITConfig)
    USART_Init                               0x080017e5   Thumb Code   210  stm32f10x_usart.o(i.USART_Init)
    USART_ReceiveData                        0x080018bd   Thumb Code    10  stm32f10x_usart.o(i.USART_ReceiveData)
    USART_SendData                           0x080018c7   Thumb Code     8  stm32f10x_usart.o(i.USART_SendData)
    cTicker_stop                             0x080018d1   Thumb Code    64  ceticker.o(i.cTicker_stop)
    ceAbs                                    0x08001931   Thumb Code    24  ceextra.o(i.ceAbs)
    ceAtoi                                   0x08001949   Thumb Code   102  ceextra.o(i.ceAtoi)
    ceCalTimerPrescalerAndPeriod             0x080019b1   Thumb Code   156  cetimer.o(i.ceCalTimerPrescalerAndPeriod)
    ceCheckCeInt                             0x08001a51   Thumb Code    34  ceint.o(i.ceCheckCeInt)
    ceCheckCeTask                            0x08001a79   Thumb Code    20  cetask.o(i.ceCheckCeTask)
    ceCheckCeTicker                          0x08001a8d   Thumb Code    28  ceticker.o(i.ceCheckCeTicker)
    ceCheckCeTimer                           0x08001aa9   Thumb Code    42  cetimer.o(i.ceCheckCeTimer)
    ceCheckCeUart                            0x08001ad9   Thumb Code    28  ceuart.o(i.ceCheckCeUart)
    ceDebug_getRecvData                      0x08001af5   Thumb Code    32  cedebug.o(i.ceDebug_getRecvData)
    ceDebug_getRecvDataCount                 0x08001b1d   Thumb Code    24  cedebug.o(i.ceDebug_getRecvDataCount)
    ceDebug_initial                          0x08001b3d   Thumb Code    92  cedebug.o(i.ceDebug_initial)
    ceDebug_printf                           0x08001ba1   Thumb Code   438  cedebug.o(i.ceDebug_printf)
    ceDebug_printfBin                        0x08001d75   Thumb Code    44  cedebug.o(i.ceDebug_printfBin)
    ceDebug_printfChar                       0x08001da1   Thumb Code    84  cedebug.o(i.ceDebug_printfChar)
    ceDebug_printfFp64                       0x08001dfd   Thumb Code   128  cedebug.o(i.ceDebug_printfFp64)
    ceDebug_printfHex                        0x08001e81   Thumb Code   140  cedebug.o(i.ceDebug_printfHex)
    ceDebug_printfInt32                      0x08001f11   Thumb Code   132  cedebug.o(i.ceDebug_printfInt32)
    ceDebug_printfStr                        0x08001f95   Thumb Code    30  cedebug.o(i.ceDebug_printfStr)
    ceDebug_printfUint32                     0x08001fb3   Thumb Code   114  cedebug.o(i.ceDebug_printfUint32)
    ceDebug_registerAppendString             0x08002025   Thumb Code    90  cedebug.o(i.ceDebug_registerAppendString)
    ceDebug_sprintf                          0x080021c9   Thumb Code   410  cedebug.o(i.ceDebug_sprintf)
    ceDebug_unRegisterAppendString           0x08002381   Thumb Code     8  cedebug.o(i.ceDebug_unRegisterAppendString)
    ceDoubleFifo_clear                       0x0800238d   Thumb Code    22  ceextra.o(i.ceDoubleFifo_clear)
    ceDoubleFifo_getCanReadSize              0x080023a9   Thumb Code    22  ceextra.o(i.ceDoubleFifo_getCanReadSize)
    ceDoubleFifo_getCanWriteSize             0x080023c5   Thumb Code    22  ceextra.o(i.ceDoubleFifo_getCanWriteSize)
    ceDoubleFifo_initial                     0x080023e1   Thumb Code    24  ceextra.o(i.ceDoubleFifo_initial)
    ceDoubleFifo_isEmpty                     0x080023fd   Thumb Code    22  ceextra.o(i.ceDoubleFifo_isEmpty)
    ceDoubleFifo_read                        0x08002419   Thumb Code    30  ceextra.o(i.ceDoubleFifo_read)
    ceDoubleFifo_updata                      0x0800243d   Thumb Code    92  ceextra.o(i.ceDoubleFifo_updata)
    ceDoubleFifo_write                       0x0800249d   Thumb Code    50  ceextra.o(i.ceDoubleFifo_write)
    ceFifo_clear                             0x080024d5   Thumb Code    60  ceextra.o(i.ceFifo_clear)
    ceFifo_getCanReadSize                    0x08002515   Thumb Code    40  ceextra.o(i.ceFifo_getCanReadSize)
    ceFifo_getCanWriteSize                   0x0800253d   Thumb Code    56  ceextra.o(i.ceFifo_getCanWriteSize)
    ceFifo_getWriteLockStatus                0x08002575   Thumb Code     6  ceextra.o(i.ceFifo_getWriteLockStatus)
    ceFifo_initial                           0x0800257b   Thumb Code    16  ceextra.o(i.ceFifo_initial)
    ceFifo_isEmpty                           0x0800258b   Thumb Code    34  ceextra.o(i.ceFifo_isEmpty)
    ceFifo_read                              0x080025ad   Thumb Code   144  ceextra.o(i.ceFifo_read)
    ceFifo_write                             0x08002641   Thumb Code   120  ceextra.o(i.ceFifo_write)
    ceInt_getBit                             0x080026bd   Thumb Code    34  ceint.o(i.ceInt_getBit)
    ceInt_initial                            0x080026f9   Thumb Code   320  ceint.o(i.ceInt_initial)
    ceInt_setMode                            0x0800285d   Thumb Code    62  ceint.o(i.ceInt_setMode)
    ceInt_start                              0x080028b9   Thumb Code    48  ceint.o(i.ceInt_start)
    ceInt_stop                               0x08002901   Thumb Code   164  ceint.o(i.ceInt_stop)
    ceItoa                                   0x080029c1   Thumb Code   150  ceextra.o(i.ceItoa)
    ceStrcmp                                 0x08002a6d   Thumb Code    56  ceextra.o(i.ceStrcmp)
    ceStrcpy                                 0x08002aa5   Thumb Code    32  ceextra.o(i.ceStrcpy)
    ceStrlen                                 0x08002ac5   Thumb Code    16  ceextra.o(i.ceStrlen)
    ceSystem_GolbalInterruptInitial          0x08002ad5   Thumb Code    24  cesystem.o(i.ceSystem_GolbalInterruptInitial)
    ceSystem_callBackTickTimer               0x08002aed   Thumb Code    22  cesystem.o(i.ceSystem_callBackTickTimer)
    ceSystem_delayMs                         0x08002b0d   Thumb Code   118  cesystem.o(i.ceSystem_delayMs)
    ceSystem_delayNs                         0x08002b8d   Thumb Code    20  cesystem.o(i.ceSystem_delayNs)
    ceSystem_delayUs                         0x08002ba1   Thumb Code   128  cesystem.o(i.ceSystem_delayUs)
    ceSystem_getErrorMsg                     0x08002c29   Thumb Code    88  cesystem.o(i.ceSystem_getErrorMsg)
    ceSystem_getSystemTickMs                 0x08002c85   Thumb Code    20  cesystem.o(i.ceSystem_getSystemTickMs)
    ceSystem_getSystemTickUs                 0x08002c99   Thumb Code    54  cesystem.o(i.ceSystem_getSystemTickUs)
    ceSystem_initial                         0x08002cd9   Thumb Code    14  cesystem.o(i.ceSystem_initial)
    ceSystem_initialTickTimer                0x08002ce9   Thumb Code    44  cesystem.o(i.ceSystem_initialTickTimer)
    ceTask_getCriticalStatus                 0x08002d29   Thumb Code    16  cetask.o(i.ceTask_getCriticalStatus)
    ceTask_inCriticalSection                 0x08002d3d   Thumb Code    12  cetask.o(i.ceTask_inCriticalSection)
    ceTask_mainTask                          0x08002d4d   Thumb Code    38  cetask.o(i.ceTask_mainTask)
    ceTask_outCriticalSection                0x08002d79   Thumb Code    20  cetask.o(i.ceTask_outCriticalSection)
    ceTask_register                          0x08002d91   Thumb Code    76  cetask.o(i.ceTask_register)
    ceTask_start                             0x08002df9   Thumb Code    44  cetask.o(i.ceTask_start)
    ceTask_stop                              0x08002e29   Thumb Code    44  cetask.o(i.ceTask_stop)
    ceTask_taskSchedule                      0x08002e59   Thumb Code     2  cetask.o(i.ceTask_taskSchedule)
    ceTask_unRegister                        0x08002e5d   Thumb Code    70  cetask.o(i.ceTask_unRegister)
    ceTicker_callBySystem                    0x08002ea9   Thumb Code    98  ceticker.o(i.ceTicker_callBySystem)
    ceTicker_register                        0x08002f19   Thumb Code    78  ceticker.o(i.ceTicker_register)
    ceTicker_start                           0x08002f89   Thumb Code    68  ceticker.o(i.ceTicker_start)
    ceTicker_unRegister                      0x08002fed   Thumb Code    92  ceticker.o(i.ceTicker_unRegister)
    ceTimer_getTimerMaxCnt                   0x08003069   Thumb Code    12  cetimer.o(i.ceTimer_getTimerMaxCnt)
    ceTimer_getTimreNowCnt                   0x08003075   Thumb Code    64  cetimer.o(i.ceTimer_getTimreNowCnt)
    ceTimer_initial                          0x080030b5   Thumb Code   232  cetimer.o(i.ceTimer_initial)
    ceTimer_start                            0x080031d1   Thumb Code    44  cetimer.o(i.ceTimer_start)
    ceTimer_stop                             0x080031fd   Thumb Code    34  cetimer.o(i.ceTimer_stop)
    ceTimer_upData                           0x08003221   Thumb Code   122  cetimer.o(i.ceTimer_upData)
    ceUart_clearRecvBuf                      0x080032b9   Thumb Code    16  ceuart.o(i.ceUart_clearRecvBuf)
    ceUart_getRecvDataCount                  0x080032cd   Thumb Code    16  ceuart.o(i.ceUart_getRecvDataCount)
    ceUart_initial                           0x080032e1   Thumb Code   970  ceuart.o(i.ceUart_initial)
    ceUart_readData                          0x08003709   Thumb Code    24  ceuart.o(i.ceUart_readData)
    ceUart_sendData                          0x08003725   Thumb Code   158  ceuart.o(i.ceUart_sendData)
    ceUart_start                             0x080037e9   Thumb Code    34  ceuart.o(i.ceUart_start)
    ceUart_stop                              0x08003825   Thumb Code    34  ceuart.o(i.ceUart_stop)
    ce_assert_failed                         0x08003861   Thumb Code    56  cesystem.o(i.ce_assert_failed)
    intEventCallBack                         0x080038dd   Thumb Code    26  main.o(i.intEventCallBack)
    main                                     0x08003929   Thumb Code    58  main.o(i.main)
    __aeabi_dadd                             0x08003985   Thumb Code     0  daddsub_clz.o(x$fpl$dadd)
    _dadd                                    0x08003985   Thumb Code   332  daddsub_clz.o(x$fpl$dadd)
    __fpl_dcmp_Inf                           0x08003ad5   Thumb Code    24  dcmpi.o(x$fpl$dcmpinf)
    __aeabi_d2iz                             0x08003aed   Thumb Code     0  dfix.o(x$fpl$dfix)
    _dfix                                    0x08003aed   Thumb Code    94  dfix.o(x$fpl$dfix)
    __aeabi_i2d                              0x08003b4b   Thumb Code     0  dflt_clz.o(x$fpl$dflt)
    _dflt                                    0x08003b4b   Thumb Code    46  dflt_clz.o(x$fpl$dflt)
    __aeabi_cdcmple                          0x08003b79   Thumb Code     0  dleqf.o(x$fpl$dleqf)
    _dcmple                                  0x08003b79   Thumb Code   120  dleqf.o(x$fpl$dleqf)
    __fpl_dcmple_InfNaN                      0x08003bdb   Thumb Code     0  dleqf.o(x$fpl$dleqf)
    __aeabi_dmul                             0x08003bf1   Thumb Code     0  dmul.o(x$fpl$dmul)
    _dmul                                    0x08003bf1   Thumb Code   332  dmul.o(x$fpl$dmul)
    __fpl_dnaninf                            0x08003d45   Thumb Code   156  dnaninf.o(x$fpl$dnaninf)
    __fpl_dretinf                            0x08003de1   Thumb Code    12  dretinf.o(x$fpl$dretinf)
    __aeabi_drsub                            0x08003ded   Thumb Code     0  daddsub_clz.o(x$fpl$drsb)
    _drsb                                    0x08003ded   Thumb Code    22  daddsub_clz.o(x$fpl$drsb)
    __aeabi_dsub                             0x08003e05   Thumb Code     0  daddsub_clz.o(x$fpl$dsub)
    _dsub                                    0x08003e05   Thumb Code   464  daddsub_clz.o(x$fpl$dsub)
    __fpl_fcmp_Inf                           0x08003fd9   Thumb Code    24  fcmpi.o(x$fpl$fcmpinf)
    __aeabi_cfcmple                          0x08003ff1   Thumb Code     0  fleqf.o(x$fpl$fleqf)
    _fcmple                                  0x08003ff1   Thumb Code   104  fleqf.o(x$fpl$fleqf)
    __fpl_fcmple_InfNaN                      0x08004043   Thumb Code     0  fleqf.o(x$fpl$fleqf)
    __fpl_fnaninf                            0x08004059   Thumb Code   140  fnaninf.o(x$fpl$fnaninf)
    __I$use$fp                               0x080040e4   Number         0  usenofp.o(x$fpl$usenofp)
    ceIntPreemptionAndSubPriority            0x080040e4   Data         112  ceint.o(.constdata)
    ceIntOp                                  0x08004154   Data          20  ceint.o(.constdata)
    ceStatusString                           0x08004168   Data         270  cesystem.o(.constdata)
    ceSystemOp                               0x08004278   Data          28  cesystem.o(.constdata)
    ceTimerIntPriority                       0x08004294   Data           8  cetimer.o(.constdata)
    CE_TIMER_MAX_CYCLE_NS                    0x0800429c   Data           4  cetimer.o(.constdata)
    CE_TIMER_MIN_CYCLE_NS                    0x080042a0   Data           4  cetimer.o(.constdata)
    CE_TIMER_MIN_DIVIDE_NS                   0x080042a4   Data           4  cetimer.o(.constdata)
    ceTimerOp                                0x080042a8   Data          24  cetimer.o(.constdata)
    ceUartIntPriority                        0x080042c0   Data          10  ceuart.o(.constdata)
    ceUartOp                                 0x080042cc   Data          28  ceuart.o(.constdata)
    pHexIndex                                0x080042e8   Data          16  cedebug.o(.constdata)
    ceDebugOp                                0x080042f8   Data          28  cedebug.o(.constdata)
    ceMathOp                                 0x08004314   Data           4  ceextra.o(.constdata)
    ceStringOp                               0x08004318   Data          20  ceextra.o(.constdata)
    ceFifoOp                                 0x0800432c   Data          36  ceextra.o(.constdata)
    ceDoubleFifoOp                           0x08004350   Data          28  ceextra.o(.constdata)
    ceTaskOp                                 0x0800436c   Data          36  cetask.o(.constdata)
    ceTickerOp                               0x08004390   Data          20  ceticker.o(.constdata)
    Region$$Table$$Base                      0x08004408   Number         0  anon$$obj.o(Region$$Table)
    Region$$Table$$Limit                     0x08004428   Number         0  anon$$obj.o(Region$$Table)
    ceCcpCallBackList                        0x20000014   Data           4  ceccp.o(.data)
    ceDaList                                 0x20000018   Data           8  ceda.o(.data)
    ceIntGpioxArray                          0x20000020   Data          28  ceint.o(.data)
    ceTimer2_useStatus                       0x2000003c   Data           1  cetimer.o(.data)
    ceTimerTimxArray                         0x20000040   Data          56  cetimer.o(.data)
    ceTimerRccApbxTimx                       0x20000078   Data          56  cetimer.o(.data)
    ceTimerIRQChannel                        0x200000b0   Data           8  cetimer.o(.data)
    ceUartDmaTemp                            0x200000b8   Data           1  ceuart.o(.data)
    ceTaskList                               0x200000bc   Data           4  cetask.o(.data)
    ceTask_criticalTimes                     0x200000c0   Data           2  cetask.o(.data)
    ceTickerList                             0x200000c8   Data           4  ceticker.o(.data)
    ceTickerLastMs                           0x200000d0   Data           8  ceticker.o(.data)
    ceIntList                                0x200000d8   Data          64  ceint.o(.bss)
    ceSystem                                 0x20000118   Data          48  cesystem.o(.bss)
    ceTimerList                              0x20000148   Data          68  cetimer.o(.bss)
    ceUartBase4                              0x2000018c   Data          12  ceuart.o(.bss)
    ceUartBase5                              0x20000198   Data          12  ceuart.o(.bss)
    ceUartList                               0x200001a4   Data          20  ceuart.o(.bss)
    ceUart1DmaBuf                            0x200001b8   Data         512  ceuart.o(.bss)
    ceUart2DmaBuf                            0x200003b8   Data         512  ceuart.o(.bss)
    ceUart3DmaBuf                            0x200005b8   Data         512  ceuart.o(.bss)
    ceDebug                                  0x200007b8   Data         360  cedebug.o(.bss)
    myInt                                    0x20000920   Data          36  main.o(.bss)
    __libspace_start                         0x20000944   Data          96  libspace.o(.bss)
    __temporary_stack_top$libspace           0x200009a4   Data           0  libspace.o(.bss)



==============================================================================

Memory Map of the image

  Image Entry point : 0x08000131

  Load Region LR_IROM1 (Base: 0x08000000, Size: 0x00004500, Max: 0x00080000, ABSOLUTE)

    Execution Region ER_IROM1 (Base: 0x08000000, Size: 0x00004428, Max: 0x00080000, ABSOLUTE)

    Base Addr    Size         Type   Attr      Idx    E Section Name        Object

    0x08000000   0x00000130   Data   RO          138    RESET               startup_stm32f10x_hd.o
    0x08000130   0x00000008   Code   RO         4412  * !!!main             c_w.l(__main.o)
    0x08000138   0x00000034   Code   RO         4611    !!!scatter          c_w.l(__scatter.o)
    0x0800016c   0x0000001a   Code   RO         4613    !!handler_copy      c_w.l(__scatter_copy.o)
    0x08000186   0x00000002   PAD
    0x08000188   0x0000001c   Code   RO         4615    !!handler_zi        c_w.l(__scatter_zi.o)
    0x080001a4   0x00000002   Code   RO         4482    .ARM.Collect$$libinit$$00000000  c_w.l(libinit.o)
    0x080001a6   0x00000000   Code   RO         4495    .ARM.Collect$$libinit$$00000002  c_w.l(libinit2.o)
    0x080001a6   0x00000000   Code   RO         4497    .ARM.Collect$$libinit$$00000004  c_w.l(libinit2.o)
    0x080001a6   0x00000000   Code   RO         4500    .ARM.Collect$$libinit$$0000000A  c_w.l(libinit2.o)
    0x080001a6   0x00000000   Code   RO         4502    .ARM.Collect$$libinit$$0000000C  c_w.l(libinit2.o)
    0x080001a6   0x00000000   Code   RO         4504    .ARM.Collect$$libinit$$0000000E  c_w.l(libinit2.o)
    0x080001a6   0x00000000   Code   RO         4507    .ARM.Collect$$libinit$$00000011  c_w.l(libinit2.o)
    0x080001a6   0x00000000   Code   RO         4509    .ARM.Collect$$libinit$$00000013  c_w.l(libinit2.o)
    0x080001a6   0x00000000   Code   RO         4511    .ARM.Collect$$libinit$$00000015  c_w.l(libinit2.o)
    0x080001a6   0x00000000   Code   RO         4513    .ARM.Collect$$libinit$$00000017  c_w.l(libinit2.o)
    0x080001a6   0x00000000   Code   RO         4515    .ARM.Collect$$libinit$$00000019  c_w.l(libinit2.o)
    0x080001a6   0x00000000   Code   RO         4517    .ARM.Collect$$libinit$$0000001B  c_w.l(libinit2.o)
    0x080001a6   0x00000000   Code   RO         4519    .ARM.Collect$$libinit$$0000001D  c_w.l(libinit2.o)
    0x080001a6   0x00000000   Code   RO         4521    .ARM.Collect$$libinit$$0000001F  c_w.l(libinit2.o)
    0x080001a6   0x00000000   Code   RO         4523    .ARM.Collect$$libinit$$00000021  c_w.l(libinit2.o)
    0x080001a6   0x00000000   Code   RO         4525    .ARM.Collect$$libinit$$00000023  c_w.l(libinit2.o)
    0x080001a6   0x00000000   Code   RO         4527    .ARM.Collect$$libinit$$00000025  c_w.l(libinit2.o)
    0x080001a6   0x00000000   Code   RO         4531    .ARM.Collect$$libinit$$0000002C  c_w.l(libinit2.o)
    0x080001a6   0x00000000   Code   RO         4533    .ARM.Collect$$libinit$$0000002E  c_w.l(libinit2.o)
    0x080001a6   0x00000000   Code   RO         4535    .ARM.Collect$$libinit$$00000030  c_w.l(libinit2.o)
    0x080001a6   0x00000000   Code   RO         4537    .ARM.Collect$$libinit$$00000032  c_w.l(libinit2.o)
    0x080001a6   0x00000002   Code   RO         4538    .ARM.Collect$$libinit$$00000033  c_w.l(libinit2.o)
    0x080001a8   0x00000002   Code   RO         4569    .ARM.Collect$$libshutdown$$00000000  c_w.l(libshutdown.o)
    0x080001aa   0x00000000   Code   RO         4596    .ARM.Collect$$libshutdown$$00000003  c_w.l(libshutdown2.o)
    0x080001aa   0x00000000   Code   RO         4599    .ARM.Collect$$libshutdown$$00000006  c_w.l(libshutdown2.o)
    0x080001aa   0x00000000   Code   RO         4602    .ARM.Collect$$libshutdown$$00000009  c_w.l(libshutdown2.o)
    0x080001aa   0x00000000   Code   RO         4604    .ARM.Collect$$libshutdown$$0000000B  c_w.l(libshutdown2.o)
    0x080001aa   0x00000000   Code   RO         4607    .ARM.Collect$$libshutdown$$0000000E  c_w.l(libshutdown2.o)
    0x080001aa   0x00000002   Code   RO         4608    .ARM.Collect$$libshutdown$$0000000F  c_w.l(libshutdown2.o)
    0x080001ac   0x00000000   Code   RO         4436    .ARM.Collect$$rtentry$$00000000  c_w.l(__rtentry.o)
    0x080001ac   0x00000000   Code   RO         4453    .ARM.Collect$$rtentry$$00000002  c_w.l(__rtentry2.o)
    0x080001ac   0x00000006   Code   RO         4465    .ARM.Collect$$rtentry$$00000004  c_w.l(__rtentry4.o)
    0x080001b2   0x00000000   Code   RO         4455    .ARM.Collect$$rtentry$$00000009  c_w.l(__rtentry2.o)
    0x080001b2   0x00000004   Code   RO         4456    .ARM.Collect$$rtentry$$0000000A  c_w.l(__rtentry2.o)
    0x080001b6   0x00000000   Code   RO         4458    .ARM.Collect$$rtentry$$0000000C  c_w.l(__rtentry2.o)
    0x080001b6   0x00000008   Code   RO         4459    .ARM.Collect$$rtentry$$0000000D  c_w.l(__rtentry2.o)
    0x080001be   0x00000002   Code   RO         4486    .ARM.Collect$$rtexit$$00000000  c_w.l(rtexit.o)
    0x080001c0   0x00000000   Code   RO         4542    .ARM.Collect$$rtexit$$00000002  c_w.l(rtexit2.o)
    0x080001c0   0x00000004   Code   RO         4543    .ARM.Collect$$rtexit$$00000003  c_w.l(rtexit2.o)
    0x080001c4   0x00000006   Code   RO         4544    .ARM.Collect$$rtexit$$00000004  c_w.l(rtexit2.o)
    0x080001ca   0x00000002   PAD
    0x080001cc   0x00000040   Code   RO          139    .text               startup_stm32f10x_hd.o
    0x0800020c   0x000000ee   Code   RO         4406    .text               c_w.l(lludivv7m.o)
    0x080002fa   0x00000064   Code   RO         4408    .text               c_w.l(rt_memcpy_w.o)
    0x0800035e   0x00000006   Code   RO         4410    .text               c_w.l(heapauxi.o)
    0x08000364   0x0000004a   Code   RO         4469    .text               c_w.l(sys_stackheap_outer.o)
    0x080003ae   0x0000000c   Code   RO         4471    .text               c_w.l(exit.o)
    0x080003ba   0x00000002   PAD
    0x080003bc   0x00000008   Code   RO         4483    .text               c_w.l(libspace.o)
    0x080003c4   0x0000000c   Code   RO         4539    .text               c_w.l(sys_exit.o)
    0x080003d0   0x00000002   Code   RO         4558    .text               c_w.l(use_no_semi.o)
    0x080003d2   0x00000000   Code   RO         4560    .text               c_w.l(indicate_semi.o)
    0x080003d2   0x00000002   PAD
    0x080003d4   0x00000028   Code   RO          730    i.DAC_Cmd           stm32f10x_dac.o
    0x080003fc   0x0000002c   Code   RO          731    i.DAC_DMACmd        stm32f10x_dac.o
    0x08000428   0x00000002   Code   RO         3108    i.DMA1_Channel1_IRQHandler  cead.o
    0x0800042a   0x00000002   PAD
    0x0800042c   0x0000002c   Code   RO         3903    i.DMA1_Channel2_IRQHandler  ceuart.o
    0x08000458   0x00000030   Code   RO         3904    i.DMA1_Channel4_IRQHandler  ceuart.o
    0x08000488   0x00000030   Code   RO         3905    i.DMA1_Channel7_IRQHandler  ceuart.o
    0x080004b8   0x00000070   Code   RO         3224    i.DMA2_Channel3_IRQHandler  ceda.o
    0x08000528   0x0000006c   Code   RO         3225    i.DMA2_Channel4_5_IRQHandler  ceda.o
    0x08000594   0x0000001c   Code   RO          832    i.DMA_ClearFlag     stm32f10x_dma.o
    0x080005b0   0x00000018   Code   RO          834    i.DMA_Cmd           stm32f10x_dma.o
    0x080005c8   0x0000014c   Code   RO          835    i.DMA_DeInit        stm32f10x_dma.o
    0x08000714   0x00000008   Code   RO          836    i.DMA_GetCurrDataCounter  stm32f10x_dma.o
    0x0800071c   0x0000002c   Code   RO          838    i.DMA_GetITStatus   stm32f10x_dma.o
    0x08000748   0x00000012   Code   RO          839    i.DMA_ITConfig      stm32f10x_dma.o
    0x0800075a   0x0000003c   Code   RO          840    i.DMA_Init          stm32f10x_dma.o
    0x08000796   0x00000002   PAD
    0x08000798   0x0000002c   Code   RO         3441    i.EXTI0_IRQHandler  ceint.o
    0x080007c4   0x00000108   Code   RO         3442    i.EXTI15_10_IRQHandler  ceint.o
    0x080008cc   0x0000002c   Code   RO         3443    i.EXTI1_IRQHandler  ceint.o
    0x080008f8   0x0000002c   Code   RO         3444    i.EXTI2_IRQHandler  ceint.o
    0x08000924   0x0000002c   Code   RO         3445    i.EXTI3_IRQHandler  ceint.o
    0x08000950   0x0000002c   Code   RO         3446    i.EXTI4_IRQHandler  ceint.o
    0x0800097c   0x000000d0   Code   RO         3447    i.EXTI9_5_IRQHandler  ceint.o
    0x08000a4c   0x0000000c   Code   RO          904    i.EXTI_ClearFlag    stm32f10x_exti.o
    0x08000a58   0x00000010   Code   RO          907    i.EXTI_GenerateSWInterrupt  stm32f10x_exti.o
    0x08000a68   0x00000018   Code   RO          908    i.EXTI_GetFlagStatus  stm32f10x_exti.o
    0x08000a80   0x00000094   Code   RO          910    i.EXTI_Init         stm32f10x_exti.o
    0x08000b14   0x00000040   Code   RO         1255    i.GPIO_EXTILineConfig  stm32f10x_gpio.o
    0x08000b54   0x00000116   Code   RO         1258    i.GPIO_Init         stm32f10x_gpio.o
    0x08000c6a   0x00000012   Code   RO         1262    i.GPIO_ReadInputDataBit  stm32f10x_gpio.o
    0x08000c7c   0x00000070   Code   RO           17    i.NVIC_Init         misc.o
    0x08000cec   0x00000014   Code   RO           18    i.NVIC_PriorityGroupConfig  misc.o
    0x08000d00   0x00000014   Code   RO           19    i.NVIC_SetVectorTable  misc.o
    0x08000d14   0x00000020   Code   RO         1673    i.RCC_AHBPeriphClockCmd  stm32f10x_rcc.o
    0x08000d34   0x00000020   Code   RO         1674    i.RCC_APB1PeriphClockCmd  stm32f10x_rcc.o
    0x08000d54   0x00000020   Code   RO         1675    i.RCC_APB1PeriphResetCmd  stm32f10x_rcc.o
    0x08000d74   0x00000020   Code   RO         1676    i.RCC_APB2PeriphClockCmd  stm32f10x_rcc.o
    0x08000d94   0x00000020   Code   RO         1677    i.RCC_APB2PeriphResetCmd  stm32f10x_rcc.o
    0x08000db4   0x000000d4   Code   RO         1684    i.RCC_GetClocksFreq  stm32f10x_rcc.o
    0x08000e88   0x00000008   Code   RO         3074    i.SetSysClock       system_stm32f10x.o
    0x08000e90   0x000000e0   Code   RO         3075    i.SetSysClockTo72   system_stm32f10x.o
    0x08000f70   0x00000060   Code   RO         3077    i.SystemInit        system_stm32f10x.o
    0x08000fd0   0x00000038   Code   RO         3795    i.TIM1_UP_IRQHandler  cetimer.o
    0x08001008   0x00000044   Code   RO         3156    i.TIM2_IRQHandler   ceccp.o
    0x0800104c   0x00000038   Code   RO         3796    i.TIM3_IRQHandler   cetimer.o
    0x08001084   0x00000038   Code   RO         3797    i.TIM4_IRQHandler   cetimer.o
    0x080010bc   0x00000038   Code   RO         3798    i.TIM5_IRQHandler   cetimer.o
    0x080010f4   0x00000038   Code   RO         3799    i.TIM6_IRQHandler   cetimer.o
    0x0800112c   0x00000038   Code   RO         3800    i.TIM7_IRQHandler   cetimer.o
    0x08001164   0x00000038   Code   RO         3801    i.TIM8_UP_IRQHandler  cetimer.o
    0x0800119c   0x00000006   Code   RO         2302    i.TIM_ClearFlag     stm32f10x_tim.o
    0x080011a2   0x00000018   Code   RO         2308    i.TIM_Cmd           stm32f10x_tim.o
    0x080011ba   0x00000002   PAD
    0x080011bc   0x000001e8   Code   RO         2313    i.TIM_DeInit        stm32f10x_tim.o
    0x080013a4   0x00000012   Code   RO         2328    i.TIM_GetFlagStatus  stm32f10x_tim.o
    0x080013b6   0x00000012   Code   RO         2333    i.TIM_ITConfig      stm32f10x_tim.o
    0x080013c8   0x00000004   Code   RO         2373    i.TIM_SetCounter    stm32f10x_tim.o
    0x080013cc   0x000000a4   Code   RO         2379    i.TIM_TimeBaseInit  stm32f10x_tim.o
    0x08001470   0x000000a0   Code   RO         3906    i.UART4_IRQHandler  ceuart.o
    0x08001510   0x000000a0   Code   RO         3907    i.UART5_IRQHandler  ceuart.o
    0x080015b0   0x00000070   Code   RO         3908    i.USART1_IRQHandler  ceuart.o
    0x08001620   0x00000070   Code   RO         3909    i.USART2_IRQHandler  ceuart.o
    0x08001690   0x00000070   Code   RO         3910    i.USART3_IRQHandler  ceuart.o
    0x08001700   0x00000018   Code   RO         2844    i.USART_Cmd         stm32f10x_usart.o
    0x08001718   0x00000012   Code   RO         2845    i.USART_DMACmd      stm32f10x_usart.o
    0x0800172a   0x0000001a   Code   RO         2847    i.USART_GetFlagStatus  stm32f10x_usart.o
    0x08001744   0x00000054   Code   RO         2848    i.USART_GetITStatus  stm32f10x_usart.o
    0x08001798   0x0000004a   Code   RO         2850    i.USART_ITConfig    stm32f10x_usart.o
    0x080017e2   0x00000002   PAD
    0x080017e4   0x000000d8   Code   RO         2851    i.USART_Init        stm32f10x_usart.o
    0x080018bc   0x0000000a   Code   RO         2858    i.USART_ReceiveData  stm32f10x_usart.o
    0x080018c6   0x00000008   Code   RO         2861    i.USART_SendData    stm32f10x_usart.o
    0x080018ce   0x00000002   PAD
    0x080018d0   0x00000060   Code   RO         4334    i.cTicker_stop      ceticker.o
    0x08001930   0x00000018   Code   RO         4111    i.ceAbs             ceextra.o
    0x08001948   0x00000066   Code   RO         4112    i.ceAtoi            ceextra.o
    0x080019ae   0x00000002   PAD
    0x080019b0   0x000000a0   Code   RO         3802    i.ceCalTimerPrescalerAndPeriod  cetimer.o
    0x08001a50   0x00000028   Code   RO         3448    i.ceCheckCeInt      ceint.o
    0x08001a78   0x00000014   Code   RO         4261    i.ceCheckCeTask     cetask.o
    0x08001a8c   0x0000001c   Code   RO         4335    i.ceCheckCeTicker   ceticker.o
    0x08001aa8   0x00000030   Code   RO         3803    i.ceCheckCeTimer    cetimer.o
    0x08001ad8   0x0000001c   Code   RO         3911    i.ceCheckCeUart     ceuart.o
    0x08001af4   0x00000028   Code   RO         4013    i.ceDebug_getRecvData  cedebug.o
    0x08001b1c   0x00000020   Code   RO         4014    i.ceDebug_getRecvDataCount  cedebug.o
    0x08001b3c   0x00000064   Code   RO         4015    i.ceDebug_initial   cedebug.o
    0x08001ba0   0x000001d4   Code   RO         4016    i.ceDebug_printf    cedebug.o
    0x08001d74   0x0000002c   Code   RO         4017    i.ceDebug_printfBin  cedebug.o
    0x08001da0   0x0000005c   Code   RO         4018    i.ceDebug_printfChar  cedebug.o
    0x08001dfc   0x00000084   Code   RO         4019    i.ceDebug_printfFp64  cedebug.o
    0x08001e80   0x00000090   Code   RO         4020    i.ceDebug_printfHex  cedebug.o
    0x08001f10   0x00000084   Code   RO         4021    i.ceDebug_printfInt32  cedebug.o
    0x08001f94   0x0000001e   Code   RO         4022    i.ceDebug_printfStr  cedebug.o
    0x08001fb2   0x00000072   Code   RO         4023    i.ceDebug_printfUint32  cedebug.o
    0x08002024   0x000001a4   Code   RO         4024    i.ceDebug_registerAppendString  cedebug.o
    0x080021c8   0x000001b8   Code   RO         4025    i.ceDebug_sprintf   cedebug.o
    0x08002380   0x0000000c   Code   RO         4026    i.ceDebug_unRegisterAppendString  cedebug.o
    0x0800238c   0x0000001c   Code   RO         4113    i.ceDoubleFifo_clear  ceextra.o
    0x080023a8   0x0000001c   Code   RO         4114    i.ceDoubleFifo_getCanReadSize  ceextra.o
    0x080023c4   0x0000001c   Code   RO         4115    i.ceDoubleFifo_getCanWriteSize  ceextra.o
    0x080023e0   0x0000001c   Code   RO         4116    i.ceDoubleFifo_initial  ceextra.o
    0x080023fc   0x0000001c   Code   RO         4117    i.ceDoubleFifo_isEmpty  ceextra.o
    0x08002418   0x00000024   Code   RO         4118    i.ceDoubleFifo_read  ceextra.o
    0x0800243c   0x00000060   Code   RO         4119    i.ceDoubleFifo_updata  ceextra.o
    0x0800249c   0x00000038   Code   RO         4120    i.ceDoubleFifo_write  ceextra.o
    0x080024d4   0x00000040   Code   RO         4121    i.ceFifo_clear      ceextra.o
    0x08002514   0x00000028   Code   RO         4122    i.ceFifo_getCanReadSize  ceextra.o
    0x0800253c   0x00000038   Code   RO         4123    i.ceFifo_getCanWriteSize  ceextra.o
    0x08002574   0x00000006   Code   RO         4125    i.ceFifo_getWriteLockStatus  ceextra.o
    0x0800257a   0x00000010   Code   RO         4126    i.ceFifo_initial    ceextra.o
    0x0800258a   0x00000022   Code   RO         4127    i.ceFifo_isEmpty    ceextra.o
    0x080025ac   0x00000094   Code   RO         4128    i.ceFifo_read       ceextra.o
    0x08002640   0x0000007c   Code   RO         4129    i.ceFifo_write      ceextra.o
    0x080026bc   0x0000003c   Code   RO         3449    i.ceInt_getBit      ceint.o
    0x080026f8   0x00000164   Code   RO         3450    i.ceInt_initial     ceint.o
    0x0800285c   0x0000005c   Code   RO         3451    i.ceInt_setMode     ceint.o
    0x080028b8   0x00000048   Code   RO         3452    i.ceInt_start       ceint.o
    0x08002900   0x000000c0   Code   RO         3453    i.ceInt_stop        ceint.o
    0x080029c0   0x000000ac   Code   RO         4130    i.ceItoa            ceextra.o
    0x08002a6c   0x00000038   Code   RO         4131    i.ceStrcmp          ceextra.o
    0x08002aa4   0x00000020   Code   RO         4132    i.ceStrcpy          ceextra.o
    0x08002ac4   0x00000010   Code   RO         4133    i.ceStrlen          ceextra.o
    0x08002ad4   0x00000018   Code   RO         3661    i.ceSystem_GolbalInterruptInitial  cesystem.o
    0x08002aec   0x00000020   Code   RO         3662    i.ceSystem_callBackTickTimer  cesystem.o
    0x08002b0c   0x00000080   Code   RO         3663    i.ceSystem_delayMs  cesystem.o
    0x08002b8c   0x00000014   Code   RO         3664    i.ceSystem_delayNs  cesystem.o
    0x08002ba0   0x00000088   Code   RO         3665    i.ceSystem_delayUs  cesystem.o
    0x08002c28   0x0000005c   Code   RO         3666    i.ceSystem_getErrorMsg  cesystem.o
    0x08002c84   0x00000014   Code   RO         3667    i.ceSystem_getSystemTickMs  cesystem.o
    0x08002c98   0x00000040   Code   RO         3668    i.ceSystem_getSystemTickUs  cesystem.o
    0x08002cd8   0x0000000e   Code   RO         3669    i.ceSystem_initial  cesystem.o
    0x08002ce6   0x00000002   PAD
    0x08002ce8   0x00000040   Code   RO         3670    i.ceSystem_initialTickTimer  cesystem.o
    0x08002d28   0x00000014   Code   RO         4262    i.ceTask_getCriticalStatus  cetask.o
    0x08002d3c   0x00000010   Code   RO         4263    i.ceTask_inCriticalSection  cetask.o
    0x08002d4c   0x0000002c   Code   RO         4264    i.ceTask_mainTask   cetask.o
    0x08002d78   0x00000018   Code   RO         4265    i.ceTask_outCriticalSection  cetask.o
    0x08002d90   0x00000068   Code   RO         4266    i.ceTask_register   cetask.o
    0x08002df8   0x00000030   Code   RO         4267    i.ceTask_start      cetask.o
    0x08002e28   0x00000030   Code   RO         4268    i.ceTask_stop       cetask.o
    0x08002e58   0x00000002   Code   RO         4269    i.ceTask_taskSchedule  cetask.o
    0x08002e5a   0x00000002   PAD
    0x08002e5c   0x0000004c   Code   RO         4270    i.ceTask_unRegister  cetask.o
    0x08002ea8   0x00000070   Code   RO         4336    i.ceTicker_callBySystem  ceticker.o
    0x08002f18   0x00000070   Code   RO         4337    i.ceTicker_register  ceticker.o
    0x08002f88   0x00000064   Code   RO         4338    i.ceTicker_start    ceticker.o
    0x08002fec   0x0000007c   Code   RO         4339    i.ceTicker_unRegister  ceticker.o
    0x08003068   0x0000000c   Code   RO         3804    i.ceTimer_getTimerMaxCnt  cetimer.o
    0x08003074   0x00000040   Code   RO         3805    i.ceTimer_getTimreNowCnt  cetimer.o
    0x080030b4   0x0000011c   Code   RO         3806    i.ceTimer_initial   cetimer.o
    0x080031d0   0x0000002c   Code   RO         3807    i.ceTimer_start     cetimer.o
    0x080031fc   0x00000022   Code   RO         3808    i.ceTimer_stop      cetimer.o
    0x0800321e   0x00000002   PAD
    0x08003220   0x00000098   Code   RO         3809    i.ceTimer_upData    cetimer.o
    0x080032b8   0x00000014   Code   RO         3912    i.ceUart_clearRecvBuf  ceuart.o
    0x080032cc   0x00000014   Code   RO         3913    i.ceUart_getRecvDataCount  ceuart.o
    0x080032e0   0x00000428   Code   RO         3914    i.ceUart_initial    ceuart.o
    0x08003708   0x0000001c   Code   RO         3915    i.ceUart_readData   ceuart.o
    0x08003724   0x000000c4   Code   RO         3916    i.ceUart_sendData   ceuart.o
    0x080037e8   0x0000003c   Code   RO         3917    i.ceUart_start      ceuart.o
    0x08003824   0x0000003c   Code   RO         3918    i.ceUart_stop       ceuart.o
    0x08003860   0x0000007c   Code   RO         3671    i.ce_assert_failed  cesystem.o
    0x080038dc   0x0000004c   Code   RO         4383    i.intEventCallBack  main.o
    0x08003928   0x0000005c   Code   RO         4384    i.main              main.o
    0x08003984   0x00000150   Code   RO         4414    x$fpl$dadd          fz_ws.l(daddsub_clz.o)
    0x08003ad4   0x00000018   Code   RO         4441    x$fpl$dcmpinf       fz_ws.l(dcmpi.o)
    0x08003aec   0x0000005e   Code   RO         4420    x$fpl$dfix          fz_ws.l(dfix.o)
    0x08003b4a   0x0000002e   Code   RO         4425    x$fpl$dflt          fz_ws.l(dflt_clz.o)
    0x08003b78   0x00000078   Code   RO         4430    x$fpl$dleqf         fz_ws.l(dleqf.o)
    0x08003bf0   0x00000154   Code   RO         4432    x$fpl$dmul          fz_ws.l(dmul.o)
    0x08003d44   0x0000009c   Code   RO         4443    x$fpl$dnaninf       fz_ws.l(dnaninf.o)
    0x08003de0   0x0000000c   Code   RO         4445    x$fpl$dretinf       fz_ws.l(dretinf.o)
    0x08003dec   0x00000016   Code   RO         4415    x$fpl$drsb          fz_ws.l(daddsub_clz.o)
    0x08003e02   0x00000002   PAD
    0x08003e04   0x000001d4   Code   RO         4416    x$fpl$dsub          fz_ws.l(daddsub_clz.o)
    0x08003fd8   0x00000018   Code   RO         4447    x$fpl$fcmpinf       fz_ws.l(fcmpi.o)
    0x08003ff0   0x00000068   Code   RO         4434    x$fpl$fleqf         fz_ws.l(fleqf.o)
    0x08004058   0x0000008c   Code   RO         4449    x$fpl$fnaninf       fz_ws.l(fnaninf.o)
    0x080040e4   0x00000000   Code   RO         4451    x$fpl$usenofp       fz_ws.l(usenofp.o)
    0x080040e4   0x00000084   Data   RO         3455    .constdata          ceint.o
    0x08004168   0x0000012c   Data   RO         3673    .constdata          cesystem.o
    0x08004294   0x0000002c   Data   RO         3811    .constdata          cetimer.o
    0x080042c0   0x00000028   Data   RO         3920    .constdata          ceuart.o
    0x080042e8   0x0000002c   Data   RO         4028    .constdata          cedebug.o
    0x08004314   0x00000058   Data   RO         4134    .constdata          ceextra.o
    0x0800436c   0x00000024   Data   RO         4271    .constdata          cetask.o
    0x08004390   0x00000014   Data   RO         4340    .constdata          ceticker.o
    0x080043a4   0x00000061   Data   RO         4029    .conststring        cedebug.o
    0x08004405   0x00000003   PAD
    0x08004408   0x00000020   Data   RO         4609    Region$$Table       anon$$obj.o


    Execution Region RW_IRAM1 (Base: 0x20000000, Size: 0x00000fa8, Max: 0x00010000, ABSOLUTE)

    Base Addr    Size         Type   Attr      Idx    E Section Name        Object

    0x20000000   0x00000014   Data   RW         1704    .data               stm32f10x_rcc.o
    0x20000014   0x00000004   Data   RW         3166    .data               ceccp.o
    0x20000018   0x00000008   Data   RW         3234    .data               ceda.o
    0x20000020   0x0000001c   Data   RW         3456    .data               ceint.o
    0x2000003c   0x0000007c   Data   RW         3812    .data               cetimer.o
    0x200000b8   0x00000001   Data   RW         3921    .data               ceuart.o
    0x200000b9   0x00000003   PAD
    0x200000bc   0x00000006   Data   RW         4272    .data               cetask.o
    0x200000c2   0x00000006   PAD
    0x200000c8   0x00000010   Data   RW         4341    .data               ceticker.o
    0x200000d8   0x00000040   Zero   RW         3454    .bss                ceint.o
    0x20000118   0x00000030   Zero   RW         3672    .bss                cesystem.o
    0x20000148   0x00000044   Zero   RW         3810    .bss                cetimer.o
    0x2000018c   0x0000062c   Zero   RW         3919    .bss                ceuart.o
    0x200007b8   0x00000168   Zero   RW         4027    .bss                cedebug.o
    0x20000920   0x00000024   Zero   RW         4385    .bss                main.o
    0x20000944   0x00000060   Zero   RW         4484    .bss                c_w.l(libspace.o)
    0x200009a4   0x00000004   PAD
    0x200009a8   0x00000200   Zero   RW          137    HEAP                startup_stm32f10x_hd.o
    0x20000ba8   0x00000400   Zero   RW          136    STACK               startup_stm32f10x_hd.o


==============================================================================

Image component sizes


      Code (inc. data)   RO Data    RW Data    ZI Data      Debug   Object Name

         2          0          0          0          0       8283   cead.o
        68          4          0          4          0       1887   ceccp.o
       220         40          0          8          0       2643   ceda.o
      2200        434        141          0        360      10911   cedebug.o
      1218         78         88          0          0      15043   ceextra.o
      1504        178        132         28         64       8334   ceint.o
       718        130        300          0         48      11239   cesystem.o
       402         60         36          6          0       6764   cetask.o
       572        144         20         16          0       5121   ceticker.o
      1190        162         44        124         68       9771   cetimer.o
      2272        318         40          1       1580      12169   ceuart.o
         0          0          0          0          0       4536   core_cm3.o
       168         84          0          0         36       1094   main.o
       152         30          0          0          0     261985   misc.o
        64         26        304          0       1536        804   startup_stm32f10x_hd.o
        84         12          0          0          0       1023   stm32f10x_dac.o
       514         26          0          0          0       5424   stm32f10x_dma.o
       200         20          0          0          0       2417   stm32f10x_exti.o
       360          4          0          0          0       3050   stm32f10x_gpio.o
       372         50          0         20          0       5908   stm32f10x_rcc.o
       722        106          0          0          0       4518   stm32f10x_tim.o
       460          6          0          0          0       6420   stm32f10x_usart.o
       328         28          0          0          0       1873   system_stm32f10x.o

    ----------------------------------------------------------------------
     13808       1940       1140        216       3692     391217   Object Totals
         0          0         32          0          0          0   (incl. Generated)
        18          0          3          9          0          0   (incl. Padding)

    ----------------------------------------------------------------------

      Code (inc. data)   RO Data    RW Data    ZI Data      Debug   Library Member Name

         8          0          0          0          0         68   __main.o
         0          0          0          0          0          0   __rtentry.o
        12          0          0          0          0          0   __rtentry2.o
         6          0          0          0          0          0   __rtentry4.o
        52          8          0          0          0          0   __scatter.o
        26          0          0          0          0          0   __scatter_copy.o
        28          0          0          0          0          0   __scatter_zi.o
        12          0          0          0          0         72   exit.o
         6          0          0          0          0        152   heapauxi.o
         0          0          0          0          0          0   indicate_semi.o
         2          0          0          0          0          0   libinit.o
         2          0          0          0          0          0   libinit2.o
         2          0          0          0          0          0   libshutdown.o
         2          0          0          0          0          0   libshutdown2.o
         8          4          0          0         96         68   libspace.o
       238          0          0          0          0        100   lludivv7m.o
       100          0          0          0          0         80   rt_memcpy_w.o
         2          0          0          0          0          0   rtexit.o
        10          0          0          0          0          0   rtexit2.o
        12          4          0          0          0         68   sys_exit.o
        74          0          0          0          0         80   sys_stackheap_outer.o
         2          0          0          0          0         68   use_no_semi.o
       826         16          0          0          0        348   daddsub_clz.o
        24          0          0          0          0         68   dcmpi.o
        94          4          0          0          0         92   dfix.o
        46          0          0          0          0         68   dflt_clz.o
       120          4          0          0          0         92   dleqf.o
       340         12          0          0          0        104   dmul.o
       156          4          0          0          0         92   dnaninf.o
        12          0          0          0          0         68   dretinf.o
        24          0          0          0          0         68   fcmpi.o
       104          4          0          0          0         84   fleqf.o
       140          4          0          0          0         84   fnaninf.o
         0          0          0          0          0          0   usenofp.o

    ----------------------------------------------------------------------
      2500         64          0          0        100       1924   Library Totals
        10          0          0          0          4          0   (incl. Padding)

    ----------------------------------------------------------------------

      Code (inc. data)   RO Data    RW Data    ZI Data      Debug   Library Name

       604         16          0          0         96        756   c_w.l
      1886         48          0          0          0       1168   fz_ws.l

    ----------------------------------------------------------------------
      2500         64          0          0        100       1924   Library Totals

    ----------------------------------------------------------------------

==============================================================================


      Code (inc. data)   RO Data    RW Data    ZI Data      Debug   

     16308       2004       1140        216       3792     384349   Grand Totals
     16308       2004       1140        216       3792     384349   ELF Image Totals
     16308       2004       1140        216          0          0   ROM Totals

==============================================================================

    Total RO  Size (Code + RO Data)                17448 (  17.04kB)
    Total RW  Size (RW Data + ZI Data)              4008 (   3.91kB)
    Total ROM Size (Code + RO Data + RW Data)      17664 (  17.25kB)

==============================================================================

