Component: ARM Compiler 5.05 update 1 (build 106) Tool: armlink [4d0efa]

==============================================================================

Section Cross References

    startup_stm32f10x_hd.o(STACK) refers (Special) to heapauxi.o(.text) for __use_two_region_memory
    startup_stm32f10x_hd.o(HEAP) refers (Special) to heapauxi.o(.text) for __use_two_region_memory
    startup_stm32f10x_hd.o(RESET) refers (Special) to heapauxi.o(.text) for __use_two_region_memory
    startup_stm32f10x_hd.o(RESET) refers to startup_stm32f10x_hd.o(STACK) for __initial_sp
    startup_stm32f10x_hd.o(RESET) refers to startup_stm32f10x_hd.o(.text) for Reset_Handler
    startup_stm32f10x_hd.o(RESET) refers to ceint.o(i.EXTI0_IRQHandler) for EXTI0_IRQHandler
    startup_stm32f10x_hd.o(RESET) refers to ceint.o(i.EXTI1_IRQHandler) for EXTI1_IRQHandler
    startup_stm32f10x_hd.o(RESET) refers to ceint.o(i.EXTI2_IRQHandler) for EXTI2_IRQHandler
    startup_stm32f10x_hd.o(RESET) refers to ceint.o(i.EXTI3_IRQHandler) for EXTI3_IRQHandler
    startup_stm32f10x_hd.o(RESET) refers to ceint.o(i.EXTI4_IRQHandler) for EXTI4_IRQHandler
    startup_stm32f10x_hd.o(RESET) refers to cead.o(i.DMA1_Channel1_IRQHandler) for DMA1_Channel1_IRQHandler
    startup_stm32f10x_hd.o(RESET) refers to ceuart.o(i.DMA1_Channel2_IRQHandler) for DMA1_Channel2_IRQHandler
    startup_stm32f10x_hd.o(RESET) refers to ceuart.o(i.DMA1_Channel4_IRQHandler) for DMA1_Channel4_IRQHandler
    startup_stm32f10x_hd.o(RESET) refers to ceuart.o(i.DMA1_Channel7_IRQHandler) for DMA1_Channel7_IRQHandler
    startup_stm32f10x_hd.o(RESET) refers to ceint.o(i.EXTI9_5_IRQHandler) for EXTI9_5_IRQHandler
    startup_stm32f10x_hd.o(RESET) refers to cetimer.o(i.TIM1_UP_IRQHandler) for TIM1_UP_IRQHandler
    startup_stm32f10x_hd.o(RESET) refers to ceccp.o(i.TIM2_IRQHandler) for TIM2_IRQHandler
    startup_stm32f10x_hd.o(RESET) refers to cetimer.o(i.TIM3_IRQHandler) for TIM3_IRQHandler
    startup_stm32f10x_hd.o(RESET) refers to cetimer.o(i.TIM4_IRQHandler) for TIM4_IRQHandler
    startup_stm32f10x_hd.o(RESET) refers to ceuart.o(i.USART1_IRQHandler) for USART1_IRQHandler
    startup_stm32f10x_hd.o(RESET) refers to ceuart.o(i.USART2_IRQHandler) for USART2_IRQHandler
    startup_stm32f10x_hd.o(RESET) refers to ceuart.o(i.USART3_IRQHandler) for USART3_IRQHandler
    startup_stm32f10x_hd.o(RESET) refers to ceint.o(i.EXTI15_10_IRQHandler) for EXTI15_10_IRQHandler
    startup_stm32f10x_hd.o(RESET) refers to cetimer.o(i.TIM8_UP_IRQHandler) for TIM8_UP_IRQHandler
    startup_stm32f10x_hd.o(RESET) refers to cetimer.o(i.TIM5_IRQHandler) for TIM5_IRQHandler
    startup_stm32f10x_hd.o(RESET) refers to ceuart.o(i.UART4_IRQHandler) for UART4_IRQHandler
    startup_stm32f10x_hd.o(RESET) refers to ceuart.o(i.UART5_IRQHandler) for UART5_IRQHandler
    startup_stm32f10x_hd.o(RESET) refers to cetimer.o(i.TIM6_IRQHandler) for TIM6_IRQHandler
    startup_stm32f10x_hd.o(RESET) refers to cetimer.o(i.TIM7_IRQHandler) for TIM7_IRQHandler
    startup_stm32f10x_hd.o(RESET) refers to ceda.o(i.DMA2_Channel3_IRQHandler) for DMA2_Channel3_IRQHandler
    startup_stm32f10x_hd.o(RESET) refers to ceda.o(i.DMA2_Channel4_5_IRQHandler) for DMA2_Channel4_5_IRQHandler
    startup_stm32f10x_hd.o(.text) refers (Special) to heapauxi.o(.text) for __use_two_region_memory
    startup_stm32f10x_hd.o(.text) refers to system_stm32f10x.o(i.SystemInit) for SystemInit
    startup_stm32f10x_hd.o(.text) refers to __main.o(!!!main) for __main
    startup_stm32f10x_hd.o(.text) refers to startup_stm32f10x_hd.o(HEAP) for Heap_Mem
    startup_stm32f10x_hd.o(.text) refers to startup_stm32f10x_hd.o(STACK) for Stack_Mem
    stm32f10x_adc.o(i.ADC_DeInit) refers to stm32f10x_rcc.o(i.RCC_APB2PeriphResetCmd) for RCC_APB2PeriphResetCmd
    stm32f10x_bkp.o(i.BKP_DeInit) refers to stm32f10x_rcc.o(i.RCC_BackupResetCmd) for RCC_BackupResetCmd
    stm32f10x_can.o(i.CAN_DeInit) refers to stm32f10x_rcc.o(i.RCC_APB1PeriphResetCmd) for RCC_APB1PeriphResetCmd
    stm32f10x_can.o(i.CAN_GetITStatus) refers to stm32f10x_can.o(i.CheckITStatus) for CheckITStatus
    stm32f10x_cec.o(i.CEC_DeInit) refers to stm32f10x_rcc.o(i.RCC_APB1PeriphResetCmd) for RCC_APB1PeriphResetCmd
    stm32f10x_dac.o(i.DAC_DeInit) refers to stm32f10x_rcc.o(i.RCC_APB1PeriphResetCmd) for RCC_APB1PeriphResetCmd
    stm32f10x_flash.o(i.FLASH_EnableWriteProtection) refers to stm32f10x_flash.o(i.FLASH_WaitForLastOperation) for FLASH_WaitForLastOperation
    stm32f10x_flash.o(i.FLASH_EraseAllBank1Pages) refers to stm32f10x_flash.o(i.FLASH_WaitForLastBank1Operation) for FLASH_WaitForLastBank1Operation
    stm32f10x_flash.o(i.FLASH_EraseAllPages) refers to stm32f10x_flash.o(i.FLASH_WaitForLastOperation) for FLASH_WaitForLastOperation
    stm32f10x_flash.o(i.FLASH_EraseOptionBytes) refers to stm32f10x_flash.o(i.FLASH_GetReadOutProtectionStatus) for FLASH_GetReadOutProtectionStatus
[...]
    DMA2_Channel3_IRQHandler                 0x08000689   Thumb Code    90  ceda.o(i.DMA2_Channel3_IRQHandler)
    DMA2_Channel4_5_IRQHandler               0x080006f9   Thumb Code    90  ceda.o(i.DMA2_Channel4_5_IRQHandler)
    DMA_ClearFlag                            0x08000765   Thumb Code    18  stm32f10x_dma.o(i.DMA_ClearFlag)
    DMA_Cmd                                  0x08000781   Thumb Code    24  stm32f10x_dma.o(i.DMA_Cmd)
    DMA_DeInit                               0x08000799   Thumb Code   324  stm32f10x_dma.o(i.DMA_DeInit)
    DMA_GetCurrDataCounter                   0x080008e5   Thumb Code     8  stm32f10x_dma.o(i.DMA_GetCurrDataCounter)
    DMA_GetITStatus                          0x080008ed   Thumb Code    36  stm32f10x_dma.o(i.DMA_GetITStatus)
    DMA_ITConfig                             0x08000919   Thumb Code    18  stm32f10x_dma.o(i.DMA_ITConfig)
    DMA_Init                                 0x0800092b   Thumb Code    60  stm32f10x_dma.o(i.DMA_Init)
    EXTI0_IRQHandler                         0x08000969   Thumb Code    40  ceint.o(i.EXTI0_IRQHandler)
    EXTI15_10_IRQHandler                     0x08000995   Thumb Code   260  ceint.o(i.EXTI15_10_IRQHandler)
    EXTI1_IRQHandler                         0x08000a9d   Thumb Code    40  ceint.o(i.EXTI1_IRQHandler)
    EXTI2_IRQHandler                         0x08000ac9   Thumb Code    40  ceint.o(i.EXTI2_IRQHandler)
    EXTI3_IRQHandler                         0x08000af5   Thumb Code    40  ceint.o(i.EXTI3_IRQHandler)
    EXTI4_IRQHandler                         0x08000b21   Thumb Code    40  ceint.o(i.EXTI4_IRQHandler)
    EXTI9_5_IRQHandler                       0x08000b4d   Thumb Code   204  ceint.o(i.EXTI9_5_IRQHandler)
    EXTI_ClearFlag                           0x08000c1d   Thumb Code     6  stm32f10x_exti.o(i.EXTI_ClearFlag)
    EXTI_GenerateSWInterrupt                 0x08000c29   Thumb Code    12  stm32f10x_exti.o(i.EXTI_GenerateSWInterrupt)
    EXTI_GetFlagStatus                       0x08000c39   Thumb Code    20  stm32f10x_exti.o(i.EXTI_GetFlagStatus)
    EXTI_Init                                0x08000c51   Thumb Code   142  stm32f10x_exti.o(i.EXTI_Init)
    GPIO_EXTILineConfig                      0x08000ce5   Thumb Code    60  stm32f10x_gpio.o(i.GPIO_EXTILineConfig)
    GPIO_Init                                0x08000d25   Thumb Code   278  stm32f10x_gpio.o(i.GPIO_Init)
    GPIO_PinRemapConfig                      0x08000e3d   Thumb Code   138  stm32f10x_gpio.o(i.GPIO_PinRemapConfig)
    GPIO_ReadInputDataBit                    0x08000ecd   Thumb Code    18  stm32f10x_gpio.o(i.GPIO_ReadInputDataBit)
    GPIO_ResetBits                           0x08000edf   Thumb Code     4  stm32f10x_gpio.o(i.GPIO_ResetBits)
    GPIO_SetBits                             0x08000ee3   Thumb Code     4  stm32f10x_gpio.o(i.GPIO_SetBits)
    NVIC_Init                                0x08000ee9   Thumb Code   100  misc.o(i.NVIC_Init)
    NVIC_PriorityGroupConfig                 0x08000f59   Thumb Code    10  misc.o(i.NVIC_PriorityGroupConfig)
    NVIC_SetVectorTable                      0x08000f6d   Thumb Code    12  misc.o(i.NVIC_SetVectorTable)
    RCC_ADCCLKConfig                         0x08000f81   Thumb Code    18  stm32f10x_rcc.o(i.RCC_ADCCLKConfig)
    RCC_AHBPeriphClockCmd                    0x08000f99   Thumb Code    26  stm32f10x_rcc.o(i.RCC_AHBPeriphClockCmd)
    RCC_APB1PeriphClockCmd                   0x08000fb9   Thumb Code    26  stm32f10x_rcc.o(i.RCC_APB1PeriphClockCmd)
    RCC_APB1PeriphResetCmd                   0x08000fd9   Thumb Code    26  stm32f10x_rcc.o(i.RCC_APB1PeriphResetCmd)
    RCC_APB2PeriphClockCmd                   0x08000ff9   Thumb Code    26  stm32f10x_rcc.o(i.RCC_APB2PeriphClockCmd)
    RCC_APB2PeriphResetCmd                   0x08001019   Thumb Code    26  stm32f10x_rcc.o(i.RCC_APB2PeriphResetCmd)
    RCC_GetClocksFreq                        0x08001039   Thumb Code   192  stm32f10x_rcc.o(i.RCC_GetClocksFreq)
    SPI_Cmd                                  0x0800110d   Thumb Code    24  stm32f10x_spi.o(i.SPI_Cmd)
    SPI_I2S_GetFlagStatus                    0x08001125   Thumb Code    18  stm32f10x_spi.o(i.SPI_I2S_GetFlagStatus)
    SPI_I2S_ReceiveData                      0x08001137   Thumb Code     6  stm32f10x_spi.o(i.SPI_I2S_ReceiveData)
    SPI_I2S_SendData                         0x0800113d   Thumb Code     4  stm32f10x_spi.o(i.SPI_I2S_SendData)
    SPI_Init                                 0x08001141   Thumb Code    60  stm32f10x_spi.o(i.SPI_Init)
    SystemInit                               0x08001265   Thumb Code    78  system_stm32f10x.o(i.SystemInit)
    TIM1_UP_IRQHandler                       0x080012c5   Thumb Code    46  cetimer.o(i.TIM1_UP_IRQHandler)
    TIM2_IRQHandler                          0x080012fd   Thumb Code    64  ceccp.o(i.TIM2_IRQHandler)
    TIM3_IRQHandler                          0x08001341   Thumb Code    46  cetimer.o(i.TIM3_IRQHandler)
    TIM4_IRQHandler                          0x08001379   Thumb Code    46  cetimer.o(i.TIM4_IRQHandler)
    TIM5_IRQHandler                          0x080013b1   Thumb Code    46  cetimer.o(i.TIM5_IRQHandler)
    TIM6_IRQHandler                          0x080013e9   Thumb Code    46  cetimer.o(i.TIM6_IRQHandler)
    TIM7_IRQHandler                          0x08001421   Thumb Code    46  cetimer.o(i.TIM7_IRQHandler)
    TIM8_UP_IRQHandler                       0x08001459   Thumb Code    46  cetimer.o(i.TIM8_UP_IRQHandler)
    TIM_ARRPreloadConfig                     0x08001491   Thumb Code    24  stm32f10x_tim.o(i.TIM_ARRPreloadConfig)
    TIM_ClearFlag                            0x080014a9   Thumb Code     6  stm32f10x_tim.o(i.TIM_ClearFlag)
    TIM_Cmd                                  0x080014af   Thumb Code    24  stm32f10x_tim.o(i.TIM_Cmd)
    TIM_CtrlPWMOutputs                       0x080014c7   Thumb Code    30  stm32f10x_tim.o(i.TIM_CtrlPWMOutputs)
    TIM_DeInit                               0x080014e5   Thumb Code   424  stm32f10x_tim.o(i.TIM_DeInit)
    TIM_GetFlagStatus                        0x080016cd   Thumb Code    18  stm32f10x_tim.o(i.TIM_GetFlagStatus)
    TIM_ITConfig                             0x080016df   Thumb Code    18  stm32f10x_tim.o(i.TIM_ITConfig)
    TIM_OC1Init                              0x080016f1   Thumb Code   132  stm32f10x_tim.o(i.TIM_OC1Init)
    TIM_OC1PreloadConfig                     0x08001789   Thumb Code    18  stm32f10x_tim.o(i.TIM_OC1PreloadConfig)
    TIM_OC2Init                              0x0800179d   Thumb Code   154  stm32f10x_tim.o(i.TIM_OC2Init)
    TIM_OC2PreloadConfig                     0x08001841   Thumb Code    26  stm32f10x_tim.o(i.TIM_OC2PreloadConfig)
    TIM_OC3Init                              0x0800185d   Thumb Code   150  stm32f10x_tim.o(i.TIM_OC3Init)
    TIM_OC3PreloadConfig                     0x080018fd   Thumb Code    18  stm32f10x_tim.o(i.TIM_OC3PreloadConfig)
    TIM_OC4Init                              0x08001911   Thumb Code   114  stm32f10x_tim.o(i.TIM_OC4Init)
    TIM_OC4PreloadConfig                     0x0800198d   Thumb Code    26  stm32f10x_tim.o(i.TIM_OC4PreloadConfig)
    TIM_SetCounter                           0x080019a7   Thumb Code     4  stm32f10x_tim.o(i.TIM_SetCounter)
    TIM_TimeBaseInit                         0x080019ad   Thumb Code   122  stm32f10x_tim.o(i.TIM_TimeBaseInit)
    UART4_IRQHandler                         0x08001a51   Thumb Code   144  ceuart.o(i.UART4_IRQHandler)
    UART5_IRQHandler                         0x08001af1   Thumb Code   144  ceuart.o(i.UART5_IRQHandler)
    USART1_IRQHandler                        0x08001b91   Thumb Code    92  ceuart.o(i.USART1_IRQHandler)
    USART2_IRQHandler                        0x08001c01   Thumb Code    92  ceuart.o(i.USART2_IRQHandler)
    USART3_IRQHandler                        0x08001c71   Thumb Code    92  ceuart.o(i.USART3_IRQHandler)
    USART_Cmd                                0x08001ce1   Thumb Code    24  stm32f10x_usart.o(i.USART_Cmd)
    USART_DMACmd                             0x08001cf9   Thumb Code    18  stm32f10x_usart.o(i.USART_DMACmd)
    USART_GetFlagStatus                      0x08001d0b   Thumb Code    26  stm32f10x_usart.o(i.USART_GetFlagStatus)
    USART_GetITStatus                        0x08001d25   Thumb Code    84  stm32f10x_usart.o(i.USART_GetITStatus)
    USART_ITConfig                           0x08001d79   Thumb Code    74  stm32f10x_usart.o(i.USART_ITConfig)
    USART_Init                               0x08001dc5   Thumb Code   210  stm32f10x_usart.o(i.USART_Init)
    USART_ReceiveData                        0x08001e9d   Thumb Code    10  stm32f10x_usart.o(i.USART_ReceiveData)
    USART_SendData                           0x08001ea7   Thumb Code     8  stm32f10x_usart.o(i.USART_SendData)
    appendString                             0x08001eb1   Thumb Code    16  main.o(i.appendString)
    btnS2cCallBack                           0x08001ec9   Thumb Code    34  main.o(i.btnS2cCallBack)
    cTicker_stop                             0x08001ef5   Thumb Code    64  ceticker.o(i.cTicker_stop)
    ceAbs                                    0x08001f75   Thumb Code    24  ceextra.o(i.ceAbs)
    ceAd_getConvertValue                     0x08001f8d   Thumb Code    98  cead.o(i.ceAd_getConvertValue)
    ceAd_initial                             0x08001ffd   Thumb Code   230  cead.o(i.ceAd_initial)
    ceAtoi                                   0x0800212d   Thumb Code   102  ceextra.o(i.ceAtoi)
    ceBeepNSrc_initial                       0x08002195   Thumb Code    32  cebeepnsrc.o(i.ceBeepNSrc_initial)
    ceBeepNSrc_initialByPwm                  0x080021b9   Thumb Code     6  cebeepnsrc.o(i.ceBeepNSrc_initialByPwm)
    ceBeepNSrc_say                           0x080021c1   Thumb Code    96  cebeepnsrc.o(i.ceBeepNSrc_say)
    ceBtnx1_callBackInt                      0x08002229   Thumb Code    14  cebtnx1.o(i.ceBtnx1_callBackInt)
    ceBtnx1_callBackTick                     0x08002239   Thumb Code    64  cebtnx1.o(i.ceBtnx1_callBackTick)
    ceBtnx1_getStatus                        0x0800227d   Thumb Code    54  cebtnx1.o(i.ceBtnx1_getStatus)
    ceBtnx1_initialByGpio                    0x080022bd   Thumb Code    92  cebtnx1.o(i.ceBtnx1_initialByGpio)
    ceBtnx1_initialByInt                     0x08002325   Thumb Code    52  cebtnx1.o(i.ceBtnx1_initialByInt)
    ceBtnx1_waitForPressDown                 0x08002361   Thumb Code   126  cebtnx1.o(i.ceBtnx1_waitForPressDown)
    ceBtnx1_waitForPressUp                   0x080023ed   Thumb Code   126  cebtnx1.o(i.ceBtnx1_waitForPressUp)
    ceCalPwmPrescalerAndPeriod               0x08002479   Thumb Code   150  cepwm.o(i.ceCalPwmPrescalerAndPeriod)
    ceCalTimerPrescalerAndPeriod             0x08002519   Thumb Code   156  cetimer.o(i.ceCalTimerPrescalerAndPeriod)
    ceCheckCeAd                              0x080025b9   Thumb Code    26  cead.o(i.ceCheckCeAd)
    ceCheckCeGpio                            0x080025d9   Thumb Code    38  cegpio.o(i.ceCheckCeGpio)
    ceCheckCeInt                             0x08002605   Thumb Code    34  ceint.o(i.ceCheckCeInt)
    ceCheckCePwm                             0x0800262d   Thumb Code    62  cepwm.o(i.ceCheckCePwm)
    ceCheckCeTask                            0x08002675   Thumb Code    20  cetask.o(i.ceCheckCeTask)
    ceCheckCeTicker                          0x08002689   Thumb Code    28  ceticker.o(i.ceCheckCeTicker)
    ceCheckCeTimer                           0x080026a5   Thumb Code    42  cetimer.o(i.ceCheckCeTimer)
    ceCheckCeUart                            0x080026d5   Thumb Code    28  ceuart.o(i.ceCheckCeUart)
    ceCheckSpiMaster                         0x080026f1   Thumb Code    26  cespi.o(i.ceCheckSpiMaster)
    ceDebug_getRecvData                      0x08002711   Thumb Code    32  cedebug.o(i.ceDebug_getRecvData)
    ceDebug_getRecvDataCount                 0x08002739   Thumb Code    24  cedebug.o(i.ceDebug_getRecvDataCount)
    ceDebug_initial                          0x08002759   Thumb Code    92  cedebug.o(i.ceDebug_initial)
    ceDebug_printf                           0x080027bd   Thumb Code   438  cedebug.o(i.ceDebug_printf)
    ceDebug_printfBin                        0x08002991   Thumb Code    44  cedebug.o(i.ceDebug_printfBin)
    ceDebug_printfChar                       0x080029bd   Thumb Code    84  cedebug.o(i.ceDebug_printfChar)
    ceDebug_printfFp64                       0x08002a19   Thumb Code   128  cedebug.o(i.ceDebug_printfFp64)
    ceDebug_printfHex                        0x08002a9d   Thumb Code   140  cedebug.o(i.ceDebug_printfHex)
    ceDebug_printfInt32                      0x08002b2d   Thumb Code   132  cedebug.o(i.ceDebug_printfInt32)
    ceDebug_printfStr                        0x08002bb1   Thumb Code    30  cedebug.o(i.ceDebug_printfStr)
    ceDebug_printfUint32                     0x08002bcf   Thumb Code   114  cedebug.o(i.ceDebug_printfUint32)
    ceDebug_registerAppendString             0x08002c41   Thumb Code    90  cedebug.o(i.ceDebug_registerAppendString)
    ceDebug_sprintf                          0x08002de5   Thumb Code   410  cedebug.o(i.ceDebug_sprintf)
    ceDebug_unRegisterAppendString           0x08002f9d   Thumb Code     8  cedebug.o(i.ceDebug_unRegisterAppendString)
    ceDoubleFifo_clear                       0x08002fa9   Thumb Code    22  ceextra.o(i.ceDoubleFifo_clear)
    ceDoubleFifo_getCanReadSize              0x08002fc5   Thumb Code    22  ceextra.o(i.ceDoubleFifo_getCanReadSize)
    ceDoubleFifo_getCanWriteSize             0x08002fe1   Thumb Code    22  ceextra.o(i.ceDoubleFifo_getCanWriteSize)
    ceDoubleFifo_initial                     0x08002ffd   Thumb Code    24  ceextra.o(i.ceDoubleFifo_initial)
    ceDoubleFifo_isEmpty                     0x08003019   Thumb Code    22  ceextra.o(i.ceDoubleFifo_isEmpty)
    ceDoubleFifo_read                        0x08003035   Thumb Code    30  ceextra.o(i.ceDoubleFifo_read)
    ceDoubleFifo_updata                      0x08003059   Thumb Code    92  ceextra.o(i.ceDoubleFifo_updata)
    ceDoubleFifo_write                       0x080030b9   Thumb Code    50  ceextra.o(i.ceDoubleFifo_write)
    ceESP8266_atCIpSend                      0x080030f1   Thumb Code   116  ceesp8266.o(i.ceESP8266_atCIpSend)
    ceESP8266_checkCanConnectSsidIsExist     0x080031b1   Thumb Code   202  ceesp8266.o(i.ceESP8266_checkCanConnectSsidIsExist)
    ceESP8266_connectServer                  0x080032b1   Thumb Code   108  ceesp8266.o(i.ceESP8266_connectServer)
    ceESP8266_connectWifi                    0x08003369   Thumb Code   124  ceesp8266.o(i.ceESP8266_connectWifi)
    ceESP8266_cpData                         0x08003451   Thumb Code    22  ceesp8266.o(i.ceESP8266_cpData)
    ceESP8266_createServer                   0x08003469   Thumb Code   144  ceesp8266.o(i.ceESP8266_createServer)
    ceESP8266_createWifi                     0x08003549   Thumb Code   150  ceesp8266.o(i.ceESP8266_createWifi)
    ceESP8266_getCanConnectWifiCount         0x08003635   Thumb Code    28  ceesp8266.o(i.ceESP8266_getCanConnectWifiCount)
    ceESP8266_getCanConnectWifiList          0x08003681   Thumb Code   636  ceesp8266.o(i.ceESP8266_getCanConnectWifiList)
    ceESP8266_getConnectedDeviceCount        0x0800395d   Thumb Code    28  ceesp8266.o(i.ceESP8266_getConnectedDeviceCount)
    ceESP8266_getConnectedDeviceList         0x080039a9   Thumb Code   290  ceesp8266.o(i.ceESP8266_getConnectedDeviceList)
    ceESP8266_getLinkCount                   0x08003b75   Thumb Code    28  ceesp8266.o(i.ceESP8266_getLinkCount)
    ceESP8266_getLinkList                    0x08003bb5   Thumb Code   726  ceesp8266.o(i.ceESP8266_getLinkList)
    ceESP8266_initial                        0x08003f35   Thumb Code   128  ceesp8266.o(i.ceESP8266_initial)
    ceESP8266_readStringByEndChar            0x08003fc1   Thumb Code   160  ceesp8266.o(i.ceESP8266_readStringByEndChar)
    ceESP8266_sendData                       0x0800406d   Thumb Code   242  ceesp8266.o(i.ceESP8266_sendData)
    ceESP8266_sendDataAndCheck               0x08004165   Thumb Code   244  ceesp8266.o(i.ceESP8266_sendDataAndCheck)
    ceESP8266_sendUartData                   0x0800426d   Thumb Code    72  ceesp8266.o(i.ceESP8266_sendUartData)
    ceESP8266_setStaIp                       0x080042bd   Thumb Code    64  ceesp8266.o(i.ceESP8266_setStaIp)
    ceESP8266_setWorkMode                    0x08004335   Thumb Code   250  ceesp8266.o(i.ceESP8266_setWorkMode)
    ceESP8266_startUTSendOnClient            0x080044c1   Thumb Code    52  ceesp8266.o(i.ceESP8266_startUTSendOnClient)
    ceESP8266_stopUTSendOnClient             0x0800452d   Thumb Code    38  ceesp8266.o(i.ceESP8266_stopUTSendOnClient)
    ceESP8266_taskCallBack                   0x0800456d   Thumb Code   356  ceesp8266.o(i.ceESP8266_taskCallBack)
    ceFifo_clear                             0x080046e9   Thumb Code    60  ceextra.o(i.ceFifo_clear)
    ceFifo_getCanReadSize                    0x08004729   Thumb Code    40  ceextra.o(i.ceFifo_getCanReadSize)
    ceFifo_getCanWriteSize                   0x08004751   Thumb Code    56  ceextra.o(i.ceFifo_getCanWriteSize)
    ceFifo_getWriteLockStatus                0x08004789   Thumb Code     6  ceextra.o(i.ceFifo_getWriteLockStatus)
    ceFifo_initial                           0x0800478f   Thumb Code    16  ceextra.o(i.ceFifo_initial)
    ceFifo_isEmpty                           0x0800479f   Thumb Code    34  ceextra.o(i.ceFifo_isEmpty)
    ceFifo_read                              0x080047c1   Thumb Code   144  ceextra.o(i.ceFifo_read)
    ceFifo_write                             0x08004855   Thumb Code   120  ceextra.o(i.ceFifo_write)
    ceGpio_getBit                            0x080048d1   Thumb Code    14  cegpio.o(i.ceGpio_getBit)
    ceGpio_initial                           0x080048e1   Thumb Code    78  cegpio.o(i.ceGpio_initial)
    ceGpio_resetBit                          0x0800496d   Thumb Code     8  cegpio.o(i.ceGpio_resetBit)
    ceGpio_setBit                            0x08004975   Thumb Code     8  cegpio.o(i.ceGpio_setBit)
    ceGpio_setMode                           0x0800497d   Thumb Code    54  cegpio.o(i.ceGpio_setMode)
    ceInt_getBit                             0x080049ed   Thumb Code    34  ceint.o(i.ceInt_getBit)
    ceInt_initial                            0x08004a49   Thumb Code   320  ceint.o(i.ceInt_initial)
    ceInt_setMode                            0x08004bcd   Thumb Code    62  ceint.o(i.ceInt_setMode)
    ceInt_start                              0x08004c49   Thumb Code    48  ceint.o(i.ceInt_start)
    ceInt_stop                               0x08004cb1   Thumb Code   164  ceint.o(i.ceInt_stop)
    ceItoa                                   0x08004d91   Thumb Code   150  ceextra.o(i.ceItoa)
    ceJoystick_calibrationZero               0x08004e3d   Thumb Code   120  cejoystick.o(i.ceJoystick_calibrationZero)
    ceJoystick_getAxis                       0x08004ebd   Thumb Code   206  cejoystick.o(i.ceJoystick_getAxis)
    ceJoystick_getBtnStatus                  0x08004f95   Thumb Code    24  cejoystick.o(i.ceJoystick_getBtnStatus)
    ceJoystick_initial                       0x08004fb1   Thumb Code   192  cejoystick.o(i.ceJoystick_initial)
    ceLed1C_TickCallBack                     0x0800507d   Thumb Code   188  celed1c.o(i.ceLed1C_TickCallBack)
    ceLed1C_initialByGpio                    0x08005141   Thumb Code    60  celed1c.o(i.ceLed1C_initialByGpio)
    ceLed1C_initialByPwm                     0x08005189   Thumb Code    70  celed1c.o(i.ceLed1C_initialByPwm)
    ceLed1C_setBreath                        0x080051e1   Thumb Code    80  celed1c.o(i.ceLed1C_setBreath)
    ceLed1C_setFlash                         0x08005265   Thumb Code    36  celed1c.o(i.ceLed1C_setFlash)
    ceLed1C_setOff                           0x0800528d   Thumb Code    64  celed1c.o(i.ceLed1C_setOff)
    ceLed1C_setOn                            0x080052d9   Thumb Code    64  celed1c.o(i.ceLed1C_setOn)
    ceNRF24L01P_check                        0x08005325   Thumb Code    82  cenrf24l01p.o(i.ceNRF24L01P_check)
    ceNRF24L01P_initial                      0x08005381   Thumb Code   140  cenrf24l01p.o(i.ceNRF24L01P_initial)
    ceNRF24L01P_intCallBack                  0x0800541d   Thumb Code    54  cenrf24l01p.o(i.ceNRF24L01P_intCallBack)
    ceNRF24L01P_readBuf                      0x08005455   Thumb Code    70  cenrf24l01p.o(i.ceNRF24L01P_readBuf)
    ceNRF24L01P_readReg                      0x080054a1   Thumb Code    48  cenrf24l01p.o(i.ceNRF24L01P_readReg)
    ceNRF24L01P_recv                         0x080054d5   Thumb Code    50  cenrf24l01p.o(i.ceNRF24L01P_recv)
    ceNRF24L01P_rxPacket                     0x08005507   Thumb Code    56  cenrf24l01p.o(i.ceNRF24L01P_rxPacket)
    ceNRF24L01P_send                         0x0800553f   Thumb Code    50  cenrf24l01p.o(i.ceNRF24L01P_send)
    ceNRF24L01P_setRecvMode                  0x08005571   Thumb Code   184  cenrf24l01p.o(i.ceNRF24L01P_setRecvMode)
    ceNRF24L01P_setSendMode                  0x0800562d   Thumb Code   152  cenrf24l01p.o(i.ceNRF24L01P_setSendMode)
    ceNRF24L01P_txPacket                     0x080056cd   Thumb Code   182  cenrf24l01p.o(i.ceNRF24L01P_txPacket)
    ceNRF24L01P_writeBuf                     0x08005791   Thumb Code    70  cenrf24l01p.o(i.ceNRF24L01P_writeBuf)
    ceNRF24L01P_writeReg                     0x080057dd   Thumb Code    54  cenrf24l01p.o(i.ceNRF24L01P_writeReg)
    cePC33V_getVoltage                       0x08005819   Thumb Code    50  cepc33v.o(i.cePC33V_getVoltage)
    cePC33V_initial                          0x0800585d   Thumb Code    20  cepc33v.o(i.cePC33V_initial)
    cePackage_dealRecv                       0x08005875   Thumb Code   290  cepackage.o(i.cePackage_dealRecv)
    cePackage_dealSend                       0x08005999   Thumb Code   216  cepackage.o(i.cePackage_dealSend)
    cePackage_initialRecv                    0x08005a75   Thumb Code    24  cepackage.o(i.cePackage_initialRecv)
    cePackage_initialSend                    0x08005a8d   Thumb Code    42  cepackage.o(i.cePackage_initialSend)
    cePwm_initial                            0x08005abd   Thumb Code   372  cepwm.o(i.cePwm_initial)
    cePwm_resetBit                           0x08005c91   Thumb Code    60  cepwm.o(i.cePwm_resetBit)
    cePwm_setBit                             0x08005d05   Thumb Code    60  cepwm.o(i.cePwm_setBit)
    cePwm_start                              0x08005d79   Thumb Code   118  cepwm.o(i.cePwm_start)
    cePwm_stop                               0x08005e2d   Thumb Code   100  cepwm.o(i.cePwm_stop)
    cePwm_updata                             0x08005ecd   Thumb Code   228  cepwm.o(i.cePwm_updata)
    ceSpiMasterByte_writeRead                0x08005ff1   Thumb Code   102  cespi.o(i.ceSpiMasterByte_writeRead)
    ceSpiMaster_initial                      0x08006091   Thumb Code   578  cespi.o(i.ceSpiMaster_initial)
    ceSpiMaster_lockBus                      0x08006335   Thumb Code    48  cespi.o(i.ceSpiMaster_lockBus)
    ceSpiMaster_resetNSSBit                  0x08006369   Thumb Code    34  cespi.o(i.ceSpiMaster_resetNSSBit)
    ceSpiMaster_setNSSBit                    0x080063c5   Thumb Code    34  cespi.o(i.ceSpiMaster_setNSSBit)
    ceSpiMaster_start                        0x08006421   Thumb Code    36  cespi.o(i.ceSpiMaster_start)
    ceSpiMaster_stop                         0x0800647d   Thumb Code    36  cespi.o(i.ceSpiMaster_stop)
    ceSpiMaster_unlockBus                    0x080064d9   Thumb Code     8  cespi.o(i.ceSpiMaster_unlockBus)
    ceStrcmp                                 0x080064e1   Thumb Code    56  ceextra.o(i.ceStrcmp)
    ceStrcpy                                 0x08006519   Thumb Code    32  ceextra.o(i.ceStrcpy)
    ceStrlen                                 0x08006539   Thumb Code    16  ceextra.o(i.ceStrlen)
    ceSystem_GolbalInterruptInitial          0x08006549   Thumb Code    24  cesystem.o(i.ceSystem_GolbalInterruptInitial)
    ceSystem_callBackTickTimer               0x08006561   Thumb Code    22  cesystem.o(i.ceSystem_callBackTickTimer)
    ceSystem_delayMs                         0x08006581   Thumb Code   118  cesystem.o(i.ceSystem_delayMs)
    ceSystem_delayNs                         0x08006601   Thumb Code    20  cesystem.o(i.ceSystem_delayNs)
    ceSystem_delayUs                         0x08006615   Thumb Code   128  cesystem.o(i.ceSystem_delayUs)
    ceSystem_getErrorMsg                     0x0800669d   Thumb Code    88  cesystem.o(i.ceSystem_getErrorMsg)
    ceSystem_getSystemTickMs                 0x080066f9   Thumb Code    20  cesystem.o(i.ceSystem_getSystemTickMs)
    ceSystem_getSystemTickUs                 0x0800670d   Thumb Code    54  cesystem.o(i.ceSystem_getSystemTickUs)
    ceSystem_initial                         0x0800674d   Thumb Code    14  cesystem.o(i.ceSystem_initial)
    ceSystem_initialTickTimer                0x0800675d   Thumb Code    44  cesystem.o(i.ceSystem_initialTickTimer)
    ceTMU_checkConnectStatus                 0x0800679d   Thumb Code    70  cetmu.o(i.ceTMU_checkConnectStatus)
    ceTMU_initialByBlue                      0x080067f1   Thumb Code    28  cetmu.o(i.ceTMU_initialByBlue)
    ceTMU_initialByNrf                       0x08006811   Thumb Code   136  cetmu.o(i.ceTMU_initialByNrf)
    ceTMU_initialByWifi                      0x080068c5   Thumb Code   212  cetmu.o(i.ceTMU_initialByWifi)
    ceTMU_recvCallBack                       0x08006ad9   Thumb Code    34  cetmu.o(i.ceTMU_recvCallBack)
    ceTMU_recvCallBackByWifi                 0x08006b09   Thumb Code    36  cetmu.o(i.ceTMU_recvCallBackByWifi)
    ceTMU_sendData                           0x08006b31   Thumb Code    90  cetmu.o(i.ceTMU_sendData)
    ceTMU_taskCallBack                       0x08006ba5   Thumb Code    52  cetmu.o(i.ceTMU_taskCallBack)
    ceTask_getCriticalStatus                 0x08006be9   Thumb Code    16  cetask.o(i.ceTask_getCriticalStatus)
    ceTask_inCriticalSection                 0x08006bfd   Thumb Code    12  cetask.o(i.ceTask_inCriticalSection)
    ceTask_mainTask                          0x08006c0d   Thumb Code    38  cetask.o(i.ceTask_mainTask)
    ceTask_outCriticalSection                0x08006c39   Thumb Code    20  cetask.o(i.ceTask_outCriticalSection)
    ceTask_register                          0x08006c51   Thumb Code    76  cetask.o(i.ceTask_register)
    ceTask_start                             0x08006cd9   Thumb Code    44  cetask.o(i.ceTask_start)
    ceTask_stop                              0x08006d09   Thumb Code    44  cetask.o(i.ceTask_stop)
    ceTask_taskSchedule                      0x08006d39   Thumb Code     2  cetask.o(i.ceTask_taskSchedule)
    ceTask_unRegister                        0x08006d3d   Thumb Code    70  cetask.o(i.ceTask_unRegister)
    ceTft180_appendString                    0x08006d89   Thumb Code   450  cetft180.o(i.ceTft180_appendString)
    ceTft180_drawData                        0x08006f51   Thumb Code   114  cetft180.o(i.ceTft180_drawData)
    ceTft180_drawPoint                       0x08006fcd   Thumb Code    62  cetft180.o(i.ceTft180_drawPoint)
    ceTft180_drawRectangle                   0x0800700d   Thumb Code   140  cetft180.o(i.ceTft180_drawRectangle)
    ceTft180_fill                            0x080070a1   Thumb Code    98  cetft180.o(i.ceTft180_fill)
    ceTft180_initial                         0x0800710d   Thumb Code   156  cetft180.o(i.ceTft180_initial)
    ceTft180_setOff                          0x080071b1   Thumb Code    22  cetft180.o(i.ceTft180_setOff)
    ceTft180_setOn                           0x080071cd   Thumb Code    22  cetft180.o(i.ceTft180_setOn)
    ceTft180_setRegion                       0x080071e9   Thumb Code   106  cetft180.o(i.ceTft180_setRegion)
    ceTft180_showCN1616                      0x08007255   Thumb Code   162  cetft180.o(i.ceTft180_showCN1616)
    ceTft180_showChar                        0x08007301   Thumb Code   382  cetft180.o(i.ceTft180_showChar)
    ceTft180_showInt                         0x08007491   Thumb Code    62  cetft180.o(i.ceTft180_showInt)
    ceTft180_showString                      0x080074d9   Thumb Code    88  cetft180.o(i.ceTft180_showString)
    ceTft180_tftInitial                      0x08007535   Thumb Code   350  cetft180.o(i.ceTft180_tftInitial)
    ceTft180_tftReset                        0x08007699   Thumb Code    42  cetft180.o(i.ceTft180_tftReset)
    ceTft180_writeCom                        0x080076cd   Thumb Code    44  cetft180.o(i.ceTft180_writeCom)
    ceTft180_writeData                       0x08007701   Thumb Code    44  cetft180.o(i.ceTft180_writeData)
    ceTft180_writeUint16                     0x08007735   Thumb Code    54  cetft180.o(i.ceTft180_writeUint16)
    ceTicker_callBySystem                    0x08007775   Thumb Code    98  ceticker.o(i.ceTicker_callBySystem)
    ceTicker_register                        0x080077e5   Thumb Code    78  ceticker.o(i.ceTicker_register)
    ceTicker_start                           0x08007875   Thumb Code    68  ceticker.o(i.ceTicker_start)
    ceTicker_unRegister                      0x080078f9   Thumb Code    92  ceticker.o(i.ceTicker_unRegister)
    ceTimer_getTimerMaxCnt                   0x08007995   Thumb Code    12  cetimer.o(i.ceTimer_getTimerMaxCnt)
    ceTimer_getTimreNowCnt                   0x080079a1   Thumb Code    64  cetimer.o(i.ceTimer_getTimreNowCnt)
    ceTimer_initial                          0x080079e1   Thumb Code   232  cetimer.o(i.ceTimer_initial)
    ceTimer_start                            0x08007b1d   Thumb Code    44  cetimer.o(i.ceTimer_start)
    ceTimer_stop                             0x08007b49   Thumb Code    34  cetimer.o(i.ceTimer_stop)
    ceTimer_upData                           0x08007b6d   Thumb Code   122  cetimer.o(i.ceTimer_upData)
    ceUart_clearRecvBuf                      0x08007c25   Thumb Code    16  ceuart.o(i.ceUart_clearRecvBuf)
    ceUart_getRecvDataCount                  0x08007c39   Thumb Code    16  ceuart.o(i.ceUart_getRecvDataCount)
    ceUart_initial                           0x08007c4d   Thumb Code   970  ceuart.o(i.ceUart_initial)
    ceUart_readData                          0x08008095   Thumb Code    24  ceuart.o(i.ceUart_readData)
    ceUart_sendData                          0x080080b1   Thumb Code   158  ceuart.o(i.ceUart_sendData)
    ceUart_start                             0x08008195   Thumb Code    34  ceuart.o(i.ceUart_start)
    ceUart_stop                              0x080081f1   Thumb Code    34  ceuart.o(i.ceUart_stop)
    ce_assert_failed                         0x0800824d   Thumb Code    56  cesystem.o(i.ce_assert_failed)
    getShowStatus                            0x080082c9   Thumb Code     8  cetft180.o(i.getShowStatus)
    initialModule                            0x080082d1   Thumb Code   520  main.o(i.initialModule)
    main                                     0x0800866d   Thumb Code    34  main.o(i.main)
    recvDataCallBack                         0x0800869d   Thumb Code    36  main.o(i.recvDataCallBack)
    sendStatusToCtl                          0x080086d1   Thumb Code   218  main.o(i.sendStatusToCtl)
    showStatus                               0x080087e1   Thumb Code  1826  main.o(i.showStatus)
    __aeabi_dadd                             0x08008f81   Thumb Code     0  daddsub_clz.o(x$fpl$dadd)
    _dadd                                    0x08008f81   Thumb Code   332  daddsub_clz.o(x$fpl$dadd)
    __fpl_dcmp_Inf                           0x080090d1   Thumb Code    24  dcmpi.o(x$fpl$dcmpinf)
    __aeabi_d2iz                             0x080090e9   Thumb Code     0  dfix.o(x$fpl$dfix)
    _dfix                                    0x080090e9   Thumb Code    94  dfix.o(x$fpl$dfix)
    __aeabi_i2d                              0x08009147   Thumb Code     0  dflt_clz.o(x$fpl$dflt)
    _dflt                                    0x08009147   Thumb Code    46  dflt_clz.o(x$fpl$dflt)
    __aeabi_cdcmple                          0x08009175   Thumb Code     0  dleqf.o(x$fpl$dleqf)
    _dcmple                                  0x08009175   Thumb Code   120  dleqf.o(x$fpl$dleqf)
    __fpl_dcmple_InfNaN                      0x080091d7   Thumb Code     0  dleqf.o(x$fpl$dleqf)
    __aeabi_dmul                             0x080091ed   Thumb Code     0  dmul.o(x$fpl$dmul)
    _dmul                                    0x080091ed   Thumb Code   332  dmul.o(x$fpl$dmul)
    __fpl_dnaninf                            0x08009341   Thumb Code   156  dnaninf.o(x$fpl$dnaninf)
    __fpl_dretinf                            0x080093dd   Thumb Code    12  dretinf.o(x$fpl$dretinf)
    __aeabi_drsub                            0x080093e9   Thumb Code     0  daddsub_clz.o(x$fpl$drsb)
    _drsb                                    0x080093e9   Thumb Code    22  daddsub_clz.o(x$fpl$drsb)
    __aeabi_dsub                             0x08009401   Thumb Code     0  daddsub_clz.o(x$fpl$dsub)
    _dsub                                    0x08009401   Thumb Code   464  daddsub_clz.o(x$fpl$dsub)
    __aeabi_f2d                              0x080095d5   Thumb Code     0  f2d.o(x$fpl$f2d)
    _f2d                                     0x080095d5   Thumb Code    86  f2d.o(x$fpl$f2d)
    __fpl_fcmp_Inf                           0x0800962b   Thumb Code    24  fcmpi.o(x$fpl$fcmpinf)
    __aeabi_fdiv                             0x08009645   Thumb Code     0  fdiv.o(x$fpl$fdiv)
    _fdiv                                    0x08009645   Thumb Code   384  fdiv.o(x$fpl$fdiv)
    __aeabi_i2f                              0x080097c9   Thumb Code     0  fflt_clz.o(x$fpl$fflt)
    _fflt                                    0x080097c9   Thumb Code    48  fflt_clz.o(x$fpl$fflt)
    __aeabi_ui2f                             0x080097f9   Thumb Code     0  fflt_clz.o(x$fpl$ffltu)
    _ffltu                                   0x080097f9   Thumb Code    38  fflt_clz.o(x$fpl$ffltu)
    __aeabi_cfcmple                          0x08009821   Thumb Code     0  fleqf.o(x$fpl$fleqf)
    _fcmple                                  0x08009821   Thumb Code   104  fleqf.o(x$fpl$fleqf)
    __fpl_fcmple_InfNaN                      0x08009873   Thumb Code     0  fleqf.o(x$fpl$fleqf)
    __aeabi_fmul                             0x08009889   Thumb Code     0  fmul.o(x$fpl$fmul)
    _fmul                                    0x08009889   Thumb Code   258  fmul.o(x$fpl$fmul)
    __fpl_fnaninf                            0x0800998b   Thumb Code   140  fnaninf.o(x$fpl$fnaninf)
    __fpl_fretinf                            0x08009a17   Thumb Code    10  fretinf.o(x$fpl$fretinf)
    __aeabi_cfrcmple                         0x08009a21   Thumb Code     0  frleqf.o(x$fpl$frleqf)
    _frcmple                                 0x08009a21   Thumb Code    98  frleqf.o(x$fpl$frleqf)
    __I$use$fp                               0x08009a82   Number         0  usenofp.o(x$fpl$usenofp)
    ceAdChannelxArray                        0x08009a84   Data         112  cead.o(.constdata)
    ceAdOp                                   0x08009af4   Data           8  cead.o(.constdata)
    pHexIndex                                0x08009afc   Data          16  cedebug.o(.constdata)
    ceDebugOp                                0x08009b0c   Data          28  cedebug.o(.constdata)
    ceMathOp                                 0x08009b28   Data           4  ceextra.o(.constdata)
    ceStringOp                               0x08009b2c   Data          20  ceextra.o(.constdata)
    ceFifoOp                                 0x08009b40   Data          36  ceextra.o(.constdata)
    ceDoubleFifoOp                           0x08009b64   Data          28  ceextra.o(.constdata)
    ceGpioOp                                 0x08009b80   Data          20  cegpio.o(.constdata)
    ceIntPreemptionAndSubPriority            0x08009b94   Data         112  ceint.o(.constdata)
    ceIntOp                                  0x08009c04   Data          20  ceint.o(.constdata)
    cePwmTimxAndChannelx                     0x08009c18   Data          64  cepwm.o(.constdata)
    cePwmRccApbxTimx                         0x08009c58   Data          32  cepwm.o(.constdata)
    cePwmOp                                  0x08009c78   Data          24  cepwm.o(.constdata)
    ceSpiMasterOp                            0x08009c90   Data          32  cespi.o(.constdata)
    ceStatusString                           0x08009cb0   Data         270  cesystem.o(.constdata)
    ceSystemOp                               0x08009dc0   Data          28  cesystem.o(.constdata)
    ceTaskOp                                 0x08009ddc   Data          36  cetask.o(.constdata)
    ceTickerOp                               0x08009e00   Data          20  ceticker.o(.constdata)
    ceTimerIntPriority                       0x08009e14   Data           8  cetimer.o(.constdata)
    CE_TIMER_MAX_CYCLE_NS                    0x08009e1c   Data           4  cetimer.o(.constdata)
    CE_TIMER_MIN_CYCLE_NS                    0x08009e20   Data           4  cetimer.o(.constdata)
    CE_TIMER_MIN_DIVIDE_NS                   0x08009e24   Data           4  cetimer.o(.constdata)
    ceTimerOp                                0x08009e28   Data          24  cetimer.o(.constdata)
    ceUartIntPriority                        0x08009e40   Data          10  ceuart.o(.constdata)
    ceUartOp                                 0x08009e4c   Data          28  ceuart.o(.constdata)
    ceBeepNSrcOp                             0x08009e68   Data          12  cebeepnsrc.o(.constdata)
    ceBtnx1Op                                0x08009e74   Data          20  cebtnx1.o(.constdata)
    ceJoystickOp                             0x08009e88   Data          16  cejoystick.o(.constdata)
    ceLed1COp                                0x08009e98   Data          24  celed1c.o(.constdata)
    cePC33VOp                                0x08009eb0   Data           8  cepc33v.o(.constdata)
    CE_TFT180_F6x8                           0x08009eb8   Data         552  cetft180.o(.constdata)
    CE_TFT180_F8X16                          0x0800a0e0   Data        1520  cetft180.o(.constdata)
    ceTft180Op                               0x0800a6d0   Data          48  cetft180.o(.constdata)
    ceNRF24L01POp                            0x0800a700   Data          12  cenrf24l01p.o(.constdata)
    ceESP8266Op                              0x0800a70c   Data          68  ceesp8266.o(.constdata)
    cePackageOp                              0x0800a750   Data          16  cepackage.o(.constdata)
    ceTMUOp                                  0x0800a760   Data          20  cetmu.o(.constdata)
    Region$$Table$$Base                      0x0800a8f0   Number         0  anon$$obj.o(Region$$Table)
    Region$$Table$$Limit                     0x0800a910   Number         0  anon$$obj.o(Region$$Table)
    ceAd_status                              0x20000014   Data           1  cead.o(.data)
    ceAdGpioxArray                           0x20000018   Data          28  cead.o(.data)
    ceCcpCallBackList                        0x20000034   Data           4  ceccp.o(.data)
    ceDaList                                 0x20000038   Data           8  ceda.o(.data)
    ceGpioGpioxArray                         0x20000040   Data          28  cegpio.o(.data)
    ceIntGpioxArray                          0x2000005c   Data          28  ceint.o(.data)
    cePwmGpioxArray                          0x20000078   Data          16  cepwm.o(.data)
    cePwmTimxArray                           0x20000088   Data          56  cepwm.o(.data)
    cePwmTimxInitialStatus                   0x200000c0   Data           8  cepwm.o(.data)
    cePwmTimOCxInit                          0x200000c8   Data          16  cepwm.o(.data)
    cePwmTimOCxPreloadConfig                 0x200000d8   Data          16  cepwm.o(.data)
    ceSpiMaster_status1                      0x200000e8   Data           1  cespi.o(.data)
    ceSpiMaster_status2                      0x200000e9   Data           1  cespi.o(.data)
    ceSpiMaster_status3                      0x200000ea   Data           1  cespi.o(.data)
    ceTaskList                               0x200000ec   Data           4  cetask.o(.data)
    ceTask_criticalTimes                     0x200000f0   Data           2  cetask.o(.data)
    ceTickerList                             0x200000f8   Data           4  ceticker.o(.data)
    ceTickerLastMs                           0x20000100   Data           8  ceticker.o(.data)
    ceTimer2_useStatus                       0x20000108   Data           1  cetimer.o(.data)
    ceTimerTimxArray                         0x2000010c   Data          56  cetimer.o(.data)
    ceTimerRccApbxTimx                       0x20000144   Data          56  cetimer.o(.data)
    ceTimerIRQChannel                        0x2000017c   Data           8  cetimer.o(.data)
    ceUartDmaTemp                            0x20000184   Data           1  ceuart.o(.data)
    nrfAddress                               0x20000185   Data           5  cetmu.o(.data)
    workModel                                0x2000018a   Data           1  main.o(.data)
    ceDebug                                  0x2000018c   Data         360  cedebug.o(.bss)
    ceIntList                                0x200002f4   Data          64  ceint.o(.bss)
    ceSystem                                 0x20000338   Data          48  cesystem.o(.bss)
    ceTimerList                              0x20000368   Data          68  cetimer.o(.bss)
    ceUartBase4                              0x200003ac   Data          12  ceuart.o(.bss)
    ceUartBase5                              0x200003b8   Data          12  ceuart.o(.bss)
    ceUartList                               0x200003c4   Data          20  ceuart.o(.bss)
    ceUart1DmaBuf                            0x200003d8   Data         512  ceuart.o(.bss)
    ceUart2DmaBuf                            0x200005d8   Data         512  ceuart.o(.bss)
    ceUart3DmaBuf                            0x200007d8   Data         512  ceuart.o(.bss)
    cePackageSendBuf                         0x200009d8   Data         160  cepackage.o(.bss)
    ceTMU                                    0x20000a78   Data        3260  cetmu.o(.bss)
    ceBeepNSrc                               0x20001734   Data          16  main.o(.bss)
    cePC33V                                  0x20001744   Data          12  main.o(.bss)
    ceJoystickLeft                           0x20001750   Data          72  main.o(.bss)
    ceJoystickRight                          0x20001798   Data          72  main.o(.bss)
    ceTft180                                 0x200017e0   Data         524  main.o(.bss)
    ceBtnS2A                                 0x200019ec   Data          88  main.o(.bss)
    ceBtnS2B                                 0x20001a44   Data          88  main.o(.bss)
    ceBtnS2C                                 0x20001a9c   Data          88  main.o(.bss)
    ceBtnS2D                                 0x20001af4   Data          88  main.o(.bss)
    ceLed1A                                  0x20001b4c   Data          92  main.o(.bss)
    ceLed1B                                  0x20001ba8   Data          92  main.o(.bss)
    ceLed1C                                  0x20001c04   Data          92  main.o(.bss)
    ceLed1D                                  0x20001c60   Data          92  main.o(.bss)
    cePackageSend                            0x20001cbc   Data         136  main.o(.bss)
    cePackageRecv                            0x20001d44   Data         120  main.o(.bss)
    __libspace_start                         0x20001dbc   Data          96  libspace.o(.bss)
    __temporary_stack_top$libspace           0x20001e1c   Data           0  libspace.o(.bss)



==============================================================================

Memory Map of the image

  Image Entry point : 0x08000131

  Load Region LR_IROM1 (Base: 0x08000000, Size: 0x0000aa9c, Max: 0x00080000, ABSOLUTE, COMPRESSED[0x0000a9b4])

    Execution Region ER_IROM1 (Base: 0x08000000, Size: 0x0000a910, Max: 0x00080000, ABSOLUTE)

    Base Addr    Size         Type   Attr      Idx    E Section Name        Object

    0x08000000   0x00000130   Data   RO          138    RESET               startup_stm32f10x_hd.o
    0x08000130   0x00000008   Code   RO         5154  * !!!main             c_w.l(__main.o)
    0x08000138   0x00000034   Code   RO         5373    !!!scatter          c_w.l(__scatter.o)
    0x0800016c   0x0000005a   Code   RO         5371    !!dczerorl2         c_w.l(__dczerorl2.o)
    0x080001c6   0x00000002   PAD
    0x080001c8   0x0000001c   Code   RO         5375    !!handler_zi        c_w.l(__scatter_zi.o)
    0x080001e4   0x00000002   Code   RO         5242    .ARM.Collect$$libinit$$00000000  c_w.l(libinit.o)
    0x080001e6   0x00000000   Code   RO         5255    .ARM.Collect$$libinit$$00000002  c_w.l(libinit2.o)
    0x080001e6   0x00000000   Code   RO         5257    .ARM.Collect$$libinit$$00000004  c_w.l(libinit2.o)
    0x080001e6   0x00000000   Code   RO         5260    .ARM.Collect$$libinit$$0000000A  c_w.l(libinit2.o)
    0x080001e6   0x00000000   Code   RO         5262    .ARM.Collect$$libinit$$0000000C  c_w.l(libinit2.o)
    0x080001e6   0x00000000   Code   RO         5264    .ARM.Collect$$libinit$$0000000E  c_w.l(libinit2.o)
    0x080001e6   0x00000000   Code   RO         5267    .ARM.Collect$$libinit$$00000011  c_w.l(libinit2.o)
    0x080001e6   0x00000000   Code   RO         5269    .ARM.Collect$$libinit$$00000013  c_w.l(libinit2.o)
    0x080001e6   0x00000000   Code   RO         5271    .ARM.Collect$$libinit$$00000015  c_w.l(libinit2.o)
    0x080001e6   0x00000000   Code   RO         5273    .ARM.Collect$$libinit$$00000017  c_w.l(libinit2.o)
    0x080001e6   0x00000000   Code   RO         5275    .ARM.Collect$$libinit$$00000019  c_w.l(libinit2.o)
    0x080001e6   0x00000000   Code   RO         5277    .ARM.Collect$$libinit$$0000001B  c_w.l(libinit2.o)
    0x080001e6   0x00000000   Code   RO         5279    .ARM.Collect$$libinit$$0000001D  c_w.l(libinit2.o)
    0x080001e6   0x00000000   Code   RO         5281    .ARM.Collect$$libinit$$0000001F  c_w.l(libinit2.o)
    0x080001e6   0x00000000   Code   RO         5283    .ARM.Collect$$libinit$$00000021  c_w.l(libinit2.o)
    0x080001e6   0x00000000   Code   RO         5285    .ARM.Collect$$libinit$$00000023  c_w.l(libinit2.o)
    0x080001e6   0x00000000   Code   RO         5287    .ARM.Collect$$libinit$$00000025  c_w.l(libinit2.o)
    0x080001e6   0x00000000   Code   RO         5291    .ARM.Collect$$libinit$$0000002C  c_w.l(libinit2.o)
    0x080001e6   0x00000000   Code   RO         5293    .ARM.Collect$$libinit$$0000002E  c_w.l(libinit2.o)
    0x080001e6   0x00000000   Code   RO         5295    .ARM.Collect$$libinit$$00000030  c_w.l(libinit2.o)
    0x080001e6   0x00000000   Code   RO         5297    .ARM.Collect$$libinit$$00000032  c_w.l(libinit2.o)
    0x080001e6   0x00000002   Code   RO         5298    .ARM.Collect$$libinit$$00000033  c_w.l(libinit2.o)
    0x080001e8   0x00000002   Code   RO         5329    .ARM.Collect$$libshutdown$$00000000  c_w.l(libshutdown.o)
    0x080001ea   0x00000000   Code   RO         5356    .ARM.Collect$$libshutdown$$00000003  c_w.l(libshutdown2.o)
    0x080001ea   0x00000000   Code   RO         5359    .ARM.Collect$$libshutdown$$00000006  c_w.l(libshutdown2.o)
    0x080001ea   0x00000000   Code   RO         5362    .ARM.Collect$$libshutdown$$00000009  c_w.l(libshutdown2.o)
    0x080001ea   0x00000000   Code   RO         5364    .ARM.Collect$$libshutdown$$0000000B  c_w.l(libshutdown2.o)
    0x080001ea   0x00000000   Code   RO         5367    .ARM.Collect$$libshutdown$$0000000E  c_w.l(libshutdown2.o)
    0x080001ea   0x00000002   Code   RO         5368    .ARM.Collect$$libshutdown$$0000000F  c_w.l(libshutdown2.o)
    0x080001ec   0x00000000   Code   RO         5194    .ARM.Collect$$rtentry$$00000000  c_w.l(__rtentry.o)
    0x080001ec   0x00000000   Code   RO         5213    .ARM.Collect$$rtentry$$00000002  c_w.l(__rtentry2.o)
    0x080001ec   0x00000006   Code   RO         5225    .ARM.Collect$$rtentry$$00000004  c_w.l(__rtentry4.o)
    0x080001f2   0x00000000   Code   RO         5215    .ARM.Collect$$rtentry$$00000009  c_w.l(__rtentry2.o)
    0x080001f2   0x00000004   Code   RO         5216    .ARM.Collect$$rtentry$$0000000A  c_w.l(__rtentry2.o)
    0x080001f6   0x00000000   Code   RO         5218    .ARM.Collect$$rtentry$$0000000C  c_w.l(__rtentry2.o)
    0x080001f6   0x00000008   Code   RO         5219    .ARM.Collect$$rtentry$$0000000D  c_w.l(__rtentry2.o)
    0x080001fe   0x00000002   Code   RO         5246    .ARM.Collect$$rtexit$$00000000  c_w.l(rtexit.o)
    0x08000200   0x00000000   Code   RO         5302    .ARM.Collect$$rtexit$$00000002  c_w.l(rtexit2.o)
    0x08000200   0x00000004   Code   RO         5303    .ARM.Collect$$rtexit$$00000003  c_w.l(rtexit2.o)
    0x08000204   0x00000006   Code   RO         5304    .ARM.Collect$$rtexit$$00000004  c_w.l(rtexit2.o)
    0x0800020a   0x00000002   PAD
    0x0800020c   0x00000040   Code   RO          139    .text               startup_stm32f10x_hd.o
    0x0800024c   0x000000ee   Code   RO         5148    .text               c_w.l(lludivv7m.o)
    0x0800033a   0x00000064   Code   RO         5150    .text               c_w.l(rt_memcpy_w.o)
    0x0800039e   0x00000006   Code   RO         5152    .text               c_w.l(heapauxi.o)
    0x080003a4   0x0000004a   Code   RO         5229    .text               c_w.l(sys_stackheap_outer.o)
    0x080003ee   0x0000000c   Code   RO         5231    .text               c_w.l(exit.o)
    0x080003fa   0x00000002   PAD
    0x080003fc   0x00000008   Code   RO         5243    .text               c_w.l(libspace.o)
    0x08000404   0x0000000c   Code   RO         5299    .text               c_w.l(sys_exit.o)
    0x08000410   0x00000002   Code   RO         5318    .text               c_w.l(use_no_semi.o)
    0x08000412   0x00000000   Code   RO         5320    .text               c_w.l(indicate_semi.o)
    0x08000412   0x00000006   Code   RO          147    i.ADC_ClearFlag     stm32f10x_adc.o
    0x08000418   0x00000016   Code   RO          149    i.ADC_Cmd           stm32f10x_adc.o
    0x0800042e   0x00000014   Code   RO          157    i.ADC_GetCalibrationStatus  stm32f10x_adc.o
    0x08000442   0x00000008   Code   RO          158    i.ADC_GetConversionValue  stm32f10x_adc.o
    0x0800044a   0x00000012   Code   RO          160    i.ADC_GetFlagStatus  stm32f10x_adc.o
    0x0800045c   0x00000014   Code   RO          163    i.ADC_GetResetCalibrationStatus  stm32f10x_adc.o
    0x08000470   0x00000050   Code   RO          167    i.ADC_Init          stm32f10x_adc.o
    0x080004c0   0x000000b8   Code   RO          171    i.ADC_RegularChannelConfig  stm32f10x_adc.o
    0x08000578   0x0000000a   Code   RO          172    i.ADC_ResetCalibration  stm32f10x_adc.o
    0x08000582   0x00000016   Code   RO          174    i.ADC_SoftwareStartConvCmd  stm32f10x_adc.o
    0x08000598   0x0000000a   Code   RO          176    i.ADC_StartCalibration  stm32f10x_adc.o
    0x080005a2   0x00000002   PAD
    0x080005a4   0x00000028   Code   RO          730    i.DAC_Cmd           stm32f10x_dac.o
    0x080005cc   0x0000002c   Code   RO          731    i.DAC_DMACmd        stm32f10x_dac.o
    0x080005f8   0x00000002   Code   RO         3108    i.DMA1_Channel1_IRQHandler  cead.o
    0x080005fa   0x00000002   PAD
    0x080005fc   0x0000002c   Code   RO         4273    i.DMA1_Channel2_IRQHandler  ceuart.o
    0x08000628   0x00000030   Code   RO         4274    i.DMA1_Channel4_IRQHandler  ceuart.o
    0x08000658   0x00000030   Code   RO         4275    i.DMA1_Channel7_IRQHandler  ceuart.o
    0x08000688   0x00000070   Code   RO         3224    i.DMA2_Channel3_IRQHandler  ceda.o
    0x080006f8   0x0000006c   Code   RO         3225    i.DMA2_Channel4_5_IRQHandler  ceda.o
    0x08000764   0x0000001c   Code   RO          832    i.DMA_ClearFlag     stm32f10x_dma.o
    0x08000780   0x00000018   Code   RO          834    i.DMA_Cmd           stm32f10x_dma.o
    0x08000798   0x0000014c   Code   RO          835    i.DMA_DeInit        stm32f10x_dma.o
    0x080008e4   0x00000008   Code   RO          836    i.DMA_GetCurrDataCounter  stm32f10x_dma.o
    0x080008ec   0x0000002c   Code   RO          838    i.DMA_GetITStatus   stm32f10x_dma.o
    0x08000918   0x00000012   Code   RO          839    i.DMA_ITConfig      stm32f10x_dma.o
    0x0800092a   0x0000003c   Code   RO          840    i.DMA_Init          stm32f10x_dma.o
    0x08000966   0x00000002   PAD
    0x08000968   0x0000002c   Code   RO         3740    i.EXTI0_IRQHandler  ceint.o
    0x08000994   0x00000108   Code   RO         3741    i.EXTI15_10_IRQHandler  ceint.o
    0x08000a9c   0x0000002c   Code   RO         3742    i.EXTI1_IRQHandler  ceint.o
    0x08000ac8   0x0000002c   Code   RO         3743    i.EXTI2_IRQHandler  ceint.o
    0x08000af4   0x0000002c   Code   RO         3744    i.EXTI3_IRQHandler  ceint.o
    0x08000b20   0x0000002c   Code   RO         3745    i.EXTI4_IRQHandler  ceint.o
    0x08000b4c   0x000000d0   Code   RO         3746    i.EXTI9_5_IRQHandler  ceint.o
    0x08000c1c   0x0000000c   Code   RO          904    i.EXTI_ClearFlag    stm32f10x_exti.o
    0x08000c28   0x00000010   Code   RO          907    i.EXTI_GenerateSWInterrupt  stm32f10x_exti.o
    0x08000c38   0x00000018   Code   RO          908    i.EXTI_GetFlagStatus  stm32f10x_exti.o
    0x08000c50   0x00000094   Code   RO          910    i.EXTI_Init         stm32f10x_exti.o
    0x08000ce4   0x00000040   Code   RO         1255    i.GPIO_EXTILineConfig  stm32f10x_gpio.o
    0x08000d24   0x00000116   Code   RO         1258    i.GPIO_Init         stm32f10x_gpio.o
    0x08000e3a   0x00000002   PAD
    0x08000e3c   0x00000090   Code   RO         1260    i.GPIO_PinRemapConfig  stm32f10x_gpio.o
    0x08000ecc   0x00000012   Code   RO         1262    i.GPIO_ReadInputDataBit  stm32f10x_gpio.o
    0x08000ede   0x00000004   Code   RO         1265    i.GPIO_ResetBits    stm32f10x_gpio.o
    0x08000ee2   0x00000004   Code   RO         1266    i.GPIO_SetBits      stm32f10x_gpio.o
    0x08000ee6   0x00000002   PAD
    0x08000ee8   0x00000070   Code   RO           17    i.NVIC_Init         misc.o
    0x08000f58   0x00000014   Code   RO           18    i.NVIC_PriorityGroupConfig  misc.o
    0x08000f6c   0x00000014   Code   RO           19    i.NVIC_SetVectorTable  misc.o
    0x08000f80   0x00000018   Code   RO         1672    i.RCC_ADCCLKConfig  stm32f10x_rcc.o
    0x08000f98   0x00000020   Code   RO         1673    i.RCC_AHBPeriphClockCmd  stm32f10x_rcc.o
    0x08000fb8   0x00000020   Code   RO         1674    i.RCC_APB1PeriphClockCmd  stm32f10x_rcc.o
    0x08000fd8   0x00000020   Code   RO         1675    i.RCC_APB1PeriphResetCmd  stm32f10x_rcc.o
    0x08000ff8   0x00000020   Code   RO         1676    i.RCC_APB2PeriphClockCmd  stm32f10x_rcc.o
    0x08001018   0x00000020   Code   RO         1677    i.RCC_APB2PeriphResetCmd  stm32f10x_rcc.o
    0x08001038   0x000000d4   Code   RO         1684    i.RCC_GetClocksFreq  stm32f10x_rcc.o
    0x0800110c   0x00000018   Code   RO         2153    i.SPI_Cmd           stm32f10x_spi.o
    0x08001124   0x00000012   Code   RO         2161    i.SPI_I2S_GetFlagStatus  stm32f10x_spi.o
    0x08001136   0x00000006   Code   RO         2164    i.SPI_I2S_ReceiveData  stm32f10x_spi.o
    0x0800113c   0x00000004   Code   RO         2165    i.SPI_I2S_SendData  stm32f10x_spi.o
    0x08001140   0x0000003c   Code   RO         2166    i.SPI_Init          stm32f10x_spi.o
    0x0800117c   0x00000008   Code   RO         3074    i.SetSysClock       system_stm32f10x.o
    0x08001184   0x000000e0   Code   RO         3075    i.SetSysClockTo72   system_stm32f10x.o
    0x08001264   0x00000060   Code   RO         3077    i.SystemInit        system_stm32f10x.o
    0x080012c4   0x00000038   Code   RO         4165    i.TIM1_UP_IRQHandler  cetimer.o
    0x080012fc   0x00000044   Code   RO         3156    i.TIM2_IRQHandler   ceccp.o
    0x08001340   0x00000038   Code   RO         4166    i.TIM3_IRQHandler   cetimer.o
    0x08001378   0x00000038   Code   RO         4167    i.TIM4_IRQHandler   cetimer.o
    0x080013b0   0x00000038   Code   RO         4168    i.TIM5_IRQHandler   cetimer.o
    0x080013e8   0x00000038   Code   RO         4169    i.TIM6_IRQHandler   cetimer.o
    0x08001420   0x00000038   Code   RO         4170    i.TIM7_IRQHandler   cetimer.o
    0x08001458   0x00000038   Code   RO         4171    i.TIM8_UP_IRQHandler  cetimer.o
    0x08001490   0x00000018   Code   RO         2296    i.TIM_ARRPreloadConfig  stm32f10x_tim.o
    0x080014a8   0x00000006   Code   RO         2302    i.TIM_ClearFlag     stm32f10x_tim.o
    0x080014ae   0x00000018   Code   RO         2308    i.TIM_Cmd           stm32f10x_tim.o
    0x080014c6   0x0000001e   Code   RO         2310    i.TIM_CtrlPWMOutputs  stm32f10x_tim.o
    0x080014e4   0x000001e8   Code   RO         2313    i.TIM_DeInit        stm32f10x_tim.o
    0x080016cc   0x00000012   Code   RO         2328    i.TIM_GetFlagStatus  stm32f10x_tim.o
    0x080016de   0x00000012   Code   RO         2333    i.TIM_ITConfig      stm32f10x_tim.o
    0x080016f0   0x00000098   Code   RO         2337    i.TIM_OC1Init       stm32f10x_tim.o
    0x08001788   0x00000012   Code   RO         2340    i.TIM_OC1PreloadConfig  stm32f10x_tim.o
    0x0800179a   0x00000002   PAD
    0x0800179c   0x000000a4   Code   RO         2342    i.TIM_OC2Init       stm32f10x_tim.o
    0x08001840   0x0000001a   Code   RO         2345    i.TIM_OC2PreloadConfig  stm32f10x_tim.o
    0x0800185a   0x00000002   PAD
    0x0800185c   0x000000a0   Code   RO         2347    i.TIM_OC3Init       stm32f10x_tim.o
    0x080018fc   0x00000012   Code   RO         2350    i.TIM_OC3PreloadConfig  stm32f10x_tim.o
    0x0800190e   0x00000002   PAD
    0x08001910   0x0000007c   Code   RO         2352    i.TIM_OC4Init       stm32f10x_tim.o
    0x0800198c   0x0000001a   Code   RO         2354    i.TIM_OC4PreloadConfig  stm32f10x_tim.o
    0x080019a6   0x00000004   Code   RO         2373    i.TIM_SetCounter    stm32f10x_tim.o
    0x080019aa   0x00000002   PAD
    0x080019ac   0x000000a4   Code   RO         2379    i.TIM_TimeBaseInit  stm32f10x_tim.o
    0x08001a50   0x000000a0   Code   RO         4276    i.UART4_IRQHandler  ceuart.o
    0x08001af0   0x000000a0   Code   RO         4277    i.UART5_IRQHandler  ceuart.o
    0x08001b90   0x00000070   Code   RO         4278    i.USART1_IRQHandler  ceuart.o
    0x08001c00   0x00000070   Code   RO         4279    i.USART2_IRQHandler  ceuart.o
    0x08001c70   0x00000070   Code   RO         4280    i.USART3_IRQHandler  ceuart.o
    0x08001ce0   0x00000018   Code   RO         2844    i.USART_Cmd         stm32f10x_usart.o
    0x08001cf8   0x00000012   Code   RO         2845    i.USART_DMACmd      stm32f10x_usart.o
    0x08001d0a   0x0000001a   Code   RO         2847    i.USART_GetFlagStatus  stm32f10x_usart.o
    0x08001d24   0x00000054   Code   RO         2848    i.USART_GetITStatus  stm32f10x_usart.o
    0x08001d78   0x0000004a   Code   RO         2850    i.USART_ITConfig    stm32f10x_usart.o
    0x08001dc2   0x00000002   PAD
    0x08001dc4   0x000000d8   Code   RO         2851    i.USART_Init        stm32f10x_usart.o
    0x08001e9c   0x0000000a   Code   RO         2858    i.USART_ReceiveData  stm32f10x_usart.o
    0x08001ea6   0x00000008   Code   RO         2861    i.USART_SendData    stm32f10x_usart.o
    0x08001eae   0x00000002   PAD
    0x08001eb0   0x00000018   Code   RO         5065    i.appendString      main.o
    0x08001ec8   0x0000002c   Code   RO         5066    i.btnS2cCallBack    main.o
    0x08001ef4   0x00000080   Code   RO         4116    i.cTicker_stop      ceticker.o
    0x08001f74   0x00000018   Code   RO         3444    i.ceAbs             ceextra.o
    0x08001f8c   0x00000070   Code   RO         3109    i.ceAd_getConvertValue  cead.o
    0x08001ffc   0x00000130   Code   RO         3110    i.ceAd_initial      cead.o
    0x0800212c   0x00000066   Code   RO         3445    i.ceAtoi            ceextra.o
    0x08002192   0x00000002   PAD
    0x08002194   0x00000024   Code   RO         4383    i.ceBeepNSrc_initial  cebeepnsrc.o
    0x080021b8   0x00000006   Code   RO         4384    i.ceBeepNSrc_initialByPwm  cebeepnsrc.o
    0x080021be   0x00000002   PAD
    0x080021c0   0x00000068   Code   RO         4385    i.ceBeepNSrc_say    cebeepnsrc.o
    0x08002228   0x0000000e   Code   RO         4413    i.ceBtnx1_callBackInt  cebtnx1.o
    0x08002236   0x00000002   PAD
    0x08002238   0x00000044   Code   RO         4414    i.ceBtnx1_callBackTick  cebtnx1.o
    0x0800227c   0x00000040   Code   RO         4415    i.ceBtnx1_getStatus  cebtnx1.o
    0x080022bc   0x00000068   Code   RO         4416    i.ceBtnx1_initialByGpio  cebtnx1.o
    0x08002324   0x0000003c   Code   RO         4417    i.ceBtnx1_initialByInt  cebtnx1.o
    0x08002360   0x0000008c   Code   RO         4418    i.ceBtnx1_waitForPressDown  cebtnx1.o
    0x080023ec   0x0000008c   Code   RO         4419    i.ceBtnx1_waitForPressUp  cebtnx1.o
    0x08002478   0x000000a0   Code   RO         3832    i.ceCalPwmPrescalerAndPeriod  cepwm.o
    0x08002518   0x000000a0   Code   RO         4172    i.ceCalTimerPrescalerAndPeriod  cetimer.o
    0x080025b8   0x00000020   Code   RO         3111    i.ceCheckCeAd       cead.o
    0x080025d8   0x0000002c   Code   RO         3600    i.ceCheckCeGpio     cegpio.o
    0x08002604   0x00000028   Code   RO         3747    i.ceCheckCeInt      ceint.o
    0x0800262c   0x00000048   Code   RO         3833    i.ceCheckCePwm      cepwm.o
    0x08002674   0x00000014   Code   RO         4043    i.ceCheckCeTask     cetask.o
    0x08002688   0x0000001c   Code   RO         4117    i.ceCheckCeTicker   ceticker.o
    0x080026a4   0x00000030   Code   RO         4173    i.ceCheckCeTimer    cetimer.o
    0x080026d4   0x0000001c   Code   RO         4281    i.ceCheckCeUart     ceuart.o
    0x080026f0   0x00000020   Code   RO         3893    i.ceCheckSpiMaster  cespi.o
    0x08002710   0x00000028   Code   RO         3291    i.ceDebug_getRecvData  cedebug.o
    0x08002738   0x00000020   Code   RO         3292    i.ceDebug_getRecvDataCount  cedebug.o
    0x08002758   0x00000064   Code   RO         3293    i.ceDebug_initial   cedebug.o
    0x080027bc   0x000001d4   Code   RO         3294    i.ceDebug_printf    cedebug.o
    0x08002990   0x0000002c   Code   RO         3295    i.ceDebug_printfBin  cedebug.o
    0x080029bc   0x0000005c   Code   RO         3296    i.ceDebug_printfChar  cedebug.o
    0x08002a18   0x00000084   Code   RO         3297    i.ceDebug_printfFp64  cedebug.o
    0x08002a9c   0x00000090   Code   RO         3298    i.ceDebug_printfHex  cedebug.o
    0x08002b2c   0x00000084   Code   RO         3299    i.ceDebug_printfInt32  cedebug.o
    0x08002bb0   0x0000001e   Code   RO         3300    i.ceDebug_printfStr  cedebug.o
    0x08002bce   0x00000072   Code   RO         3301    i.ceDebug_printfUint32  cedebug.o
    0x08002c40   0x000001a4   Code   RO         3302    i.ceDebug_registerAppendString  cedebug.o
    0x08002de4   0x000001b8   Code   RO         3303    i.ceDebug_sprintf   cedebug.o
    0x08002f9c   0x0000000c   Code   RO         3304    i.ceDebug_unRegisterAppendString  cedebug.o
    0x08002fa8   0x0000001c   Code   RO         3446    i.ceDoubleFifo_clear  ceextra.o
    0x08002fc4   0x0000001c   Code   RO         3447    i.ceDoubleFifo_getCanReadSize  ceextra.o
    0x08002fe0   0x0000001c   Code   RO         3448    i.ceDoubleFifo_getCanWriteSize  ceextra.o
    0x08002ffc   0x0000001c   Code   RO         3449    i.ceDoubleFifo_initial  ceextra.o
    0x08003018   0x0000001c   Code   RO         3450    i.ceDoubleFifo_isEmpty  ceextra.o
    0x08003034   0x00000024   Code   RO         3451    i.ceDoubleFifo_read  ceextra.o
    0x08003058   0x00000060   Code   RO         3452    i.ceDoubleFifo_updata  ceextra.o
    0x080030b8   0x00000038   Code   RO         3453    i.ceDoubleFifo_write  ceextra.o
    0x080030f0   0x000000c0   Code   RO         4797    i.ceESP8266_atCIpSend  ceesp8266.o
    0x080031b0   0x00000100   Code   RO         4799    i.ceESP8266_checkCanConnectSsidIsExist  ceesp8266.o
    0x080032b0   0x000000b8   Code   RO         4800    i.ceESP8266_connectServer  ceesp8266.o
    0x08003368   0x000000e8   Code   RO         4801    i.ceESP8266_connectWifi  ceesp8266.o
    0x08003450   0x00000016   Code   RO         4802    i.ceESP8266_cpData  ceesp8266.o
    0x08003466   0x00000002   PAD
    0x08003468   0x000000e0   Code   RO         4803    i.ceESP8266_createServer  ceesp8266.o
    0x08003548   0x000000ec   Code   RO         4804    i.ceESP8266_createWifi  ceesp8266.o
    0x08003634   0x0000004c   Code   RO         4805    i.ceESP8266_getCanConnectWifiCount  ceesp8266.o
    0x08003680   0x000002dc   Code   RO         4806    i.ceESP8266_getCanConnectWifiList  ceesp8266.o
    0x0800395c   0x0000004c   Code   RO         4807    i.ceESP8266_getConnectedDeviceCount  ceesp8266.o
    0x080039a8   0x000001cc   Code   RO         4808    i.ceESP8266_getConnectedDeviceList  ceesp8266.o
    0x08003b74   0x00000040   Code   RO         4809    i.ceESP8266_getLinkCount  ceesp8266.o
    0x08003bb4   0x00000380   Code   RO         4810    i.ceESP8266_getLinkList  ceesp8266.o
    0x08003f34   0x0000008c   Code   RO         4811    i.ceESP8266_initial  ceesp8266.o
    0x08003fc0   0x000000ac   Code   RO         4812    i.ceESP8266_readStringByEndChar  ceesp8266.o
    0x0800406c   0x000000f8   Code   RO         4813    i.ceESP8266_sendData  ceesp8266.o
    0x08004164   0x00000108   Code   RO         4814    i.ceESP8266_sendDataAndCheck  ceesp8266.o
    0x0800426c   0x00000050   Code   RO         4815    i.ceESP8266_sendUartData  ceesp8266.o
    0x080042bc   0x00000078   Code   RO         4816    i.ceESP8266_setStaIp  ceesp8266.o
    0x08004334   0x0000018c   Code   RO         4817    i.ceESP8266_setWorkMode  ceesp8266.o
    0x080044c0   0x0000006c   Code   RO         4818    i.ceESP8266_startUTSendOnClient  ceesp8266.o
    0x0800452c   0x00000040   Code   RO         4819    i.ceESP8266_stopUTSendOnClient  ceesp8266.o
    0x0800456c   0x0000017c   Code   RO         4820    i.ceESP8266_taskCallBack  ceesp8266.o
    0x080046e8   0x00000040   Code   RO         3454    i.ceFifo_clear      ceextra.o
    0x08004728   0x00000028   Code   RO         3455    i.ceFifo_getCanReadSize  ceextra.o
    0x08004750   0x00000038   Code   RO         3456    i.ceFifo_getCanWriteSize  ceextra.o
    0x08004788   0x00000006   Code   RO         3458    i.ceFifo_getWriteLockStatus  ceextra.o
    0x0800478e   0x00000010   Code   RO         3459    i.ceFifo_initial    ceextra.o
    0x0800479e   0x00000022   Code   RO         3460    i.ceFifo_isEmpty    ceextra.o
    0x080047c0   0x00000094   Code   RO         3461    i.ceFifo_read       ceextra.o
    0x08004854   0x0000007c   Code   RO         3462    i.ceFifo_write      ceextra.o
    0x080048d0   0x0000000e   Code   RO         3601    i.ceGpio_getBit     cegpio.o
    0x080048de   0x00000002   PAD
    0x080048e0   0x0000008c   Code   RO         3602    i.ceGpio_initial    cegpio.o
    0x0800496c   0x00000008   Code   RO         3603    i.ceGpio_resetBit   cegpio.o
    0x08004974   0x00000008   Code   RO         3604    i.ceGpio_setBit     cegpio.o
    0x0800497c   0x00000070   Code   RO         3605    i.ceGpio_setMode    cegpio.o
    0x080049ec   0x0000005c   Code   RO         3748    i.ceInt_getBit      ceint.o
    0x08004a48   0x00000184   Code   RO         3749    i.ceInt_initial     ceint.o
    0x08004bcc   0x0000007c   Code   RO         3750    i.ceInt_setMode     ceint.o
    0x08004c48   0x00000068   Code   RO         3751    i.ceInt_start       ceint.o
    0x08004cb0   0x000000e0   Code   RO         3752    i.ceInt_stop        ceint.o
    0x08004d90   0x000000ac   Code   RO         3463    i.ceItoa            ceextra.o
    0x08004e3c   0x00000080   Code   RO         4467    i.ceJoystick_calibrationZero  cejoystick.o
    0x08004ebc   0x000000d8   Code   RO         4468    i.ceJoystick_getAxis  cejoystick.o
    0x08004f94   0x0000001c   Code   RO         4469    i.ceJoystick_getBtnStatus  cejoystick.o
    0x08004fb0   0x000000cc   Code   RO         4470    i.ceJoystick_initial  cejoystick.o
    0x0800507c   0x000000c4   Code   RO         4503    i.ceLed1C_TickCallBack  celed1c.o
    0x08005140   0x00000048   Code   RO         4504    i.ceLed1C_initialByGpio  celed1c.o
    0x08005188   0x00000058   Code   RO         4505    i.ceLed1C_initialByPwm  celed1c.o
    0x080051e0   0x00000084   Code   RO         4506    i.ceLed1C_setBreath  celed1c.o
    0x08005264   0x00000028   Code   RO         4507    i.ceLed1C_setFlash  celed1c.o
    0x0800528c   0x0000004c   Code   RO         4508    i.ceLed1C_setOff    celed1c.o
    0x080052d8   0x0000004c   Code   RO         4509    i.ceLed1C_setOn     celed1c.o
    0x08005324   0x0000005c   Code   RO         4707    i.ceNRF24L01P_check  cenrf24l01p.o
    0x08005380   0x0000009c   Code   RO         4708    i.ceNRF24L01P_initial  cenrf24l01p.o
    0x0800541c   0x00000036   Code   RO         4709    i.ceNRF24L01P_intCallBack  cenrf24l01p.o
    0x08005452   0x00000002   PAD
    0x08005454   0x0000004c   Code   RO         4710    i.ceNRF24L01P_readBuf  cenrf24l01p.o
    0x080054a0   0x00000034   Code   RO         4711    i.ceNRF24L01P_readReg  cenrf24l01p.o
    0x080054d4   0x00000032   Code   RO         4712    i.ceNRF24L01P_recv  cenrf24l01p.o
    0x08005506   0x00000038   Code   RO         4713    i.ceNRF24L01P_rxPacket  cenrf24l01p.o
    0x0800553e   0x00000032   Code   RO         4714    i.ceNRF24L01P_send  cenrf24l01p.o
    0x08005570   0x000000bc   Code   RO         4715    i.ceNRF24L01P_setRecvMode  cenrf24l01p.o
    0x0800562c   0x000000a0   Code   RO         4716    i.ceNRF24L01P_setSendMode  cenrf24l01p.o
    0x080056cc   0x000000c4   Code   RO         4717    i.ceNRF24L01P_txPacket  cenrf24l01p.o
    0x08005790   0x0000004c   Code   RO         4718    i.ceNRF24L01P_writeBuf  cenrf24l01p.o
    0x080057dc   0x0000003c   Code   RO         4719    i.ceNRF24L01P_writeReg  cenrf24l01p.o
    0x08005818   0x00000044   Code   RO         4557    i.cePC33V_getVoltage  cepc33v.o
    0x0800585c   0x00000018   Code   RO         4558    i.cePC33V_initial   cepc33v.o
    0x08005874   0x00000122   Code   RO         4954    i.cePackage_dealRecv  cepackage.o
    0x08005996   0x00000002   PAD
    0x08005998   0x000000dc   Code   RO         4955    i.cePackage_dealSend  cepackage.o
    0x08005a74   0x00000018   Code   RO         4956    i.cePackage_initialRecv  cepackage.o
    0x08005a8c   0x00000030   Code   RO         4957    i.cePackage_initialSend  cepackage.o
    0x08005abc   0x000001d4   Code   RO         3834    i.cePwm_initial     cepwm.o
    0x08005c90   0x00000074   Code   RO         3835    i.cePwm_resetBit    cepwm.o
    0x08005d04   0x00000074   Code   RO         3836    i.cePwm_setBit      cepwm.o
    0x08005d78   0x000000b4   Code   RO         3837    i.cePwm_start       cepwm.o
    0x08005e2c   0x000000a0   Code   RO         3838    i.cePwm_stop        cepwm.o
    0x08005ecc   0x00000124   Code   RO         3839    i.cePwm_updata      cepwm.o
    0x08005ff0   0x000000a0   Code   RO         3894    i.ceSpiMasterByte_writeRead  cespi.o
    0x08006090   0x000002a4   Code   RO         3895    i.ceSpiMaster_initial  cespi.o
    0x08006334   0x00000034   Code   RO         3896    i.ceSpiMaster_lockBus  cespi.o
    0x08006368   0x0000005c   Code   RO         3897    i.ceSpiMaster_resetNSSBit  cespi.o
    0x080063c4   0x0000005c   Code   RO         3898    i.ceSpiMaster_setNSSBit  cespi.o
    0x08006420   0x0000005c   Code   RO         3899    i.ceSpiMaster_start  cespi.o
    0x0800647c   0x0000005c   Code   RO         3900    i.ceSpiMaster_stop  cespi.o
    0x080064d8   0x00000008   Code   RO         3901    i.ceSpiMaster_unlockBus  cespi.o
    0x080064e0   0x00000038   Code   RO         3464    i.ceStrcmp          ceextra.o
    0x08006518   0x00000020   Code   RO         3465    i.ceStrcpy          ceextra.o
    0x08006538   0x00000010   Code   RO         3466    i.ceStrlen          ceextra.o
    0x08006548   0x00000018   Code   RO         3960    i.ceSystem_GolbalInterruptInitial  cesystem.o
    0x08006560   0x00000020   Code   RO         3961    i.ceSystem_callBackTickTimer  cesystem.o
    0x08006580   0x00000080   Code   RO         3962    i.ceSystem_delayMs  cesystem.o
    0x08006600   0x00000014   Code   RO         3963    i.ceSystem_delayNs  cesystem.o
    0x08006614   0x00000088   Code   RO         3964    i.ceSystem_delayUs  cesystem.o
    0x0800669c   0x0000005c   Code   RO         3965    i.ceSystem_getErrorMsg  cesystem.o
    0x080066f8   0x00000014   Code   RO         3966    i.ceSystem_getSystemTickMs  cesystem.o
    0x0800670c   0x00000040   Code   RO         3967    i.ceSystem_getSystemTickUs  cesystem.o
    0x0800674c   0x0000000e   Code   RO         3968    i.ceSystem_initial  cesystem.o
    0x0800675a   0x00000002   PAD
    0x0800675c   0x00000040   Code   RO         3969    i.ceSystem_initialTickTimer  cesystem.o
    0x0800679c   0x00000054   Code   RO         5003    i.ceTMU_checkConnectStatus  cetmu.o
    0x080067f0   0x00000020   Code   RO         5004    i.ceTMU_initialByBlue  cetmu.o
    0x08006810   0x000000b4   Code   RO         5005    i.ceTMU_initialByNrf  cetmu.o
    0x080068c4   0x00000214   Code   RO         5006    i.ceTMU_initialByWifi  cetmu.o
    0x08006ad8   0x00000030   Code   RO         5007    i.ceTMU_recvCallBack  cetmu.o
    0x08006b08   0x00000028   Code   RO         5008    i.ceTMU_recvCallBackByWifi  cetmu.o
    0x08006b30   0x00000074   Code   RO         5009    i.ceTMU_sendData    cetmu.o
    0x08006ba4   0x00000044   Code   RO         5010    i.ceTMU_taskCallBack  cetmu.o
    0x08006be8   0x00000014   Code   RO         4044    i.ceTask_getCriticalStatus  cetask.o
    0x08006bfc   0x00000010   Code   RO         4045    i.ceTask_inCriticalSection  cetask.o
    0x08006c0c   0x0000002c   Code   RO         4046    i.ceTask_mainTask   cetask.o
    0x08006c38   0x00000018   Code   RO         4047    i.ceTask_outCriticalSection  cetask.o
    0x08006c50   0x00000088   Code   RO         4048    i.ceTask_register   cetask.o
    0x08006cd8   0x00000030   Code   RO         4049    i.ceTask_start      cetask.o
    0x08006d08   0x00000030   Code   RO         4050    i.ceTask_stop       cetask.o
    0x08006d38   0x00000002   Code   RO         4051    i.ceTask_taskSchedule  cetask.o
    0x08006d3a   0x00000002   PAD
    0x08006d3c   0x0000004c   Code   RO         4052    i.ceTask_unRegister  cetask.o
    0x08006d88   0x000001c8   Code   RO         4581    i.ceTft180_appendString  cetft180.o
    0x08006f50   0x0000007c   Code   RO         4582    i.ceTft180_drawData  cetft180.o
    0x08006fcc   0x0000003e   Code   RO         4583    i.ceTft180_drawPoint  cetft180.o
    0x0800700a   0x00000002   PAD
    0x0800700c   0x00000094   Code   RO         4584    i.ceTft180_drawRectangle  cetft180.o
    0x080070a0   0x0000006c   Code   RO         4585    i.ceTft180_fill     cetft180.o
    0x0800710c   0x000000a4   Code   RO         4586    i.ceTft180_initial  cetft180.o
    0x080071b0   0x0000001c   Code   RO         4587    i.ceTft180_setOff   cetft180.o
    0x080071cc   0x0000001c   Code   RO         4588    i.ceTft180_setOn    cetft180.o
    0x080071e8   0x0000006a   Code   RO         4589    i.ceTft180_setRegion  cetft180.o
    0x08007252   0x00000002   PAD
    0x08007254   0x000000ac   Code   RO         4590    i.ceTft180_showCN1616  cetft180.o
    0x08007300   0x00000190   Code   RO         4591    i.ceTft180_showChar  cetft180.o
    0x08007490   0x00000048   Code   RO         4592    i.ceTft180_showInt  cetft180.o
    0x080074d8   0x0000005c   Code   RO         4593    i.ceTft180_showString  cetft180.o
    0x08007534   0x00000164   Code   RO         4594    i.ceTft180_tftInitial  cetft180.o
    0x08007698   0x00000034   Code   RO         4595    i.ceTft180_tftReset  cetft180.o
    0x080076cc   0x00000034   Code   RO         4596    i.ceTft180_writeCom  cetft180.o
    0x08007700   0x00000034   Code   RO         4597    i.ceTft180_writeData  cetft180.o
    0x08007734   0x00000040   Code   RO         4598    i.ceTft180_writeUint16  cetft180.o
    0x08007774   0x00000070   Code   RO         4118    i.ceTicker_callBySystem  ceticker.o
    0x080077e4   0x00000090   Code   RO         4119    i.ceTicker_register  ceticker.o
    0x08007874   0x00000084   Code   RO         4120    i.ceTicker_start    ceticker.o
    0x080078f8   0x0000009c   Code   RO         4121    i.ceTicker_unRegister  ceticker.o
    0x08007994   0x0000000c   Code   RO         4174    i.ceTimer_getTimerMaxCnt  cetimer.o
    0x080079a0   0x00000040   Code   RO         4175    i.ceTimer_getTimreNowCnt  cetimer.o
    0x080079e0   0x0000013c   Code   RO         4176    i.ceTimer_initial   cetimer.o
    0x08007b1c   0x0000002c   Code   RO         4177    i.ceTimer_start     cetimer.o
    0x08007b48   0x00000022   Code   RO         4178    i.ceTimer_stop      cetimer.o
    0x08007b6a   0x00000002   PAD
    0x08007b6c   0x000000b8   Code   RO         4179    i.ceTimer_upData    cetimer.o
    0x08007c24   0x00000014   Code   RO         4282    i.ceUart_clearRecvBuf  ceuart.o
    0x08007c38   0x00000014   Code   RO         4283    i.ceUart_getRecvDataCount  ceuart.o
    0x08007c4c   0x00000448   Code   RO         4284    i.ceUart_initial    ceuart.o
    0x08008094   0x0000001c   Code   RO         4285    i.ceUart_readData   ceuart.o
    0x080080b0   0x000000e4   Code   RO         4286    i.ceUart_sendData   ceuart.o
    0x08008194   0x0000005c   Code   RO         4287    i.ceUart_start      ceuart.o
    0x080081f0   0x0000005c   Code   RO         4288    i.ceUart_stop       ceuart.o
    0x0800824c   0x0000007c   Code   RO         3970    i.ce_assert_failed  cesystem.o
    0x080082c8   0x00000008   Code   RO         4599    i.getShowStatus     cetft180.o
    0x080082d0   0x0000039c   Code   RO         5067    i.initialModule     main.o
    0x0800866c   0x00000030   Code   RO         5068    i.main              main.o
    0x0800869c   0x00000034   Code   RO         5069    i.recvDataCallBack  main.o
    0x080086d0   0x00000110   Code   RO         5070    i.sendStatusToCtl   main.o
    0x080087e0   0x000007a0   Code   RO         5071    i.showStatus        main.o
    0x08008f80   0x00000150   Code   RO         5156    x$fpl$dadd          fz_ws.l(daddsub_clz.o)
    0x080090d0   0x00000018   Code   RO         5199    x$fpl$dcmpinf       fz_ws.l(dcmpi.o)
    0x080090e8   0x0000005e   Code   RO         5162    x$fpl$dfix          fz_ws.l(dfix.o)
    0x08009146   0x0000002e   Code   RO         5167    x$fpl$dflt          fz_ws.l(dflt_clz.o)
    0x08009174   0x00000078   Code   RO         5172    x$fpl$dleqf         fz_ws.l(dleqf.o)
    0x080091ec   0x00000154   Code   RO         5174    x$fpl$dmul          fz_ws.l(dmul.o)
    0x08009340   0x0000009c   Code   RO         5201    x$fpl$dnaninf       fz_ws.l(dnaninf.o)
    0x080093dc   0x0000000c   Code   RO         5203    x$fpl$dretinf       fz_ws.l(dretinf.o)
    0x080093e8   0x00000016   Code   RO         5157    x$fpl$drsb          fz_ws.l(daddsub_clz.o)
    0x080093fe   0x00000002   PAD
    0x08009400   0x000001d4   Code   RO         5158    x$fpl$dsub          fz_ws.l(daddsub_clz.o)
    0x080095d4   0x00000056   Code   RO         5176    x$fpl$f2d           fz_ws.l(f2d.o)
    0x0800962a   0x00000018   Code   RO         5205    x$fpl$fcmpinf       fz_ws.l(fcmpi.o)
    0x08009642   0x00000002   PAD
    0x08009644   0x00000184   Code   RO         5179    x$fpl$fdiv          fz_ws.l(fdiv.o)
    0x080097c8   0x00000030   Code   RO         5183    x$fpl$fflt          fz_ws.l(fflt_clz.o)
    0x080097f8   0x00000026   Code   RO         5182    x$fpl$ffltu         fz_ws.l(fflt_clz.o)
    0x0800981e   0x00000002   PAD
    0x08009820   0x00000068   Code   RO         5188    x$fpl$fleqf         fz_ws.l(fleqf.o)
    0x08009888   0x00000102   Code   RO         5190    x$fpl$fmul          fz_ws.l(fmul.o)
    0x0800998a   0x0000008c   Code   RO         5207    x$fpl$fnaninf       fz_ws.l(fnaninf.o)
    0x08009a16   0x0000000a   Code   RO         5209    x$fpl$fretinf       fz_ws.l(fretinf.o)
    0x08009a20   0x00000062   Code   RO         5192    x$fpl$frleqf        fz_ws.l(frleqf.o)
    0x08009a82   0x00000000   Code   RO         5211    x$fpl$usenofp       fz_ws.l(usenofp.o)
    0x08009a82   0x00000002   PAD
    0x08009a84   0x00000078   Data   RO         3112    .constdata          cead.o
    0x08009afc   0x0000002c   Data   RO         3306    .constdata          cedebug.o
    0x08009b28   0x00000058   Data   RO         3467    .constdata          ceextra.o
    0x08009b80   0x00000014   Data   RO         3606    .constdata          cegpio.o
    0x08009b94   0x00000084   Data   RO         3754    .constdata          ceint.o
    0x08009c18   0x00000078   Data   RO         3840    .constdata          cepwm.o
    0x08009c90   0x00000020   Data   RO         3902    .constdata          cespi.o
    0x08009cb0   0x0000012c   Data   RO         3972    .constdata          cesystem.o
    0x08009ddc   0x00000024   Data   RO         4053    .constdata          cetask.o
    0x08009e00   0x00000014   Data   RO         4122    .constdata          ceticker.o
    0x08009e14   0x0000002c   Data   RO         4181    .constdata          cetimer.o
    0x08009e40   0x00000028   Data   RO         4290    .constdata          ceuart.o
    0x08009e68   0x0000000c   Data   RO         4386    .constdata          cebeepnsrc.o
    0x08009e74   0x00000014   Data   RO         4420    .constdata          cebtnx1.o
    0x08009e88   0x00000010   Data   RO         4471    .constdata          cejoystick.o
    0x08009e98   0x00000018   Data   RO         4510    .constdata          celed1c.o
    0x08009eb0   0x00000008   Data   RO         4559    .constdata          cepc33v.o
    0x08009eb8   0x00000848   Data   RO         4600    .constdata          cetft180.o
    0x0800a700   0x0000000c   Data   RO         4720    .constdata          cenrf24l01p.o
    0x0800a70c   0x00000044   Data   RO         4821    .constdata          ceesp8266.o
    0x0800a750   0x00000010   Data   RO         4959    .constdata          cepackage.o
    0x0800a760   0x00000014   Data   RO         5012    .constdata          cetmu.o
    0x0800a774   0x00000061   Data   RO         3307    .conststring        cedebug.o
    0x0800a7d5   0x00000003   PAD
    0x0800a7d8   0x00000118   Data   RO         4822    .conststring        ceesp8266.o
    0x0800a8f0   0x00000020   Data   RO         5369    Region$$Table       anon$$obj.o


    Execution Region RW_IRAM1 (Base: 0x20000000, Size: 0x00002420, Max: 0x00010000, ABSOLUTE, COMPRESSED[0x000000a4])

    Base Addr    Size         Type   Attr      Idx    E Section Name        Object

    0x20000000   0x00000014   Data   RW         1704    .data               stm32f10x_rcc.o
    0x20000014   0x00000020   Data   RW         3113    .data               cead.o
    0x20000034   0x00000004   Data   RW         3166    .data               ceccp.o
    0x20000038   0x00000008   Data   RW         3234    .data               ceda.o
    0x20000040   0x0000001c   Data   RW         3607    .data               cegpio.o
    0x2000005c   0x0000001c   Data   RW         3755    .data               ceint.o
    0x20000078   0x00000070   Data   RW         3841    .data               cepwm.o
    0x200000e8   0x00000003   Data   RW         3903    .data               cespi.o
    0x200000eb   0x00000001   PAD
    0x200000ec   0x00000006   Data   RW         4054    .data               cetask.o
    0x200000f2   0x00000006   PAD
    0x200000f8   0x00000010   Data   RW         4123    .data               ceticker.o
    0x20000108   0x0000007c   Data   RW         4182    .data               cetimer.o
    0x20000184   0x00000001   Data   RW         4291    .data               ceuart.o
    0x20000185   0x00000005   Data   RW         5013    .data               cetmu.o
    0x2000018a   0x00000002   Data   RW         5073    .data               main.o
    0x2000018c   0x00000168   Zero   RW         3305    .bss                cedebug.o
    0x200002f4   0x00000040   Zero   RW         3753    .bss                ceint.o
    0x20000334   0x00000004   PAD
    0x20000338   0x00000030   Zero   RW         3971    .bss                cesystem.o
    0x20000368   0x00000044   Zero   RW         4180    .bss                cetimer.o
    0x200003ac   0x0000062c   Zero   RW         4289    .bss                ceuart.o
    0x200009d8   0x000000a0   Zero   RW         4958    .bss                cepackage.o
    0x20000a78   0x00000cbc   Zero   RW         5011    .bss                cetmu.o
    0x20001734   0x00000688   Zero   RW         5072    .bss                main.o
    0x20001dbc   0x00000060   Zero   RW         5244    .bss                c_w.l(libspace.o)
    0x20001e1c   0x00000004   PAD
    0x20001e20   0x00000200   Zero   RW          137    HEAP                startup_stm32f10x_hd.o
    0x20002020   0x00000400   Zero   RW          136    STACK               startup_stm32f10x_hd.o


==============================================================================

Image component sizes


      Code (inc. data)   RO Data    RW Data    ZI Data      Debug   Object Name

       450         94        120         32          0      12169   cead.o
       146         12         12          0          0       3247   cebeepnsrc.o
       590         62         20          0          0       6100   cebtnx1.o
        68          4          0          4          0       2247   ceccp.o
       220         40          0          8          0       3103   ceda.o
      2200        434        141          0        360      21540   cedebug.o
      5622       1414        348          0          0      22537   ceesp8266.o
      1218         78         88          0          0      17387   ceextra.o
       326        126         20         28          0       5012   cegpio.o
      1664        338        132         28         64       9818   ceint.o
       576         34         16          0          0       4416   cejoystick.o
       680        118         24          0          0       5758   celed1c.o
      1266         74         12          0          0      12330   cenrf24l01p.o
       582         10         16          0        160       9955   cepackage.o
        92         22          8          0          0       2355   cepc33v.o
      1564        414        120        112          0       7661   cepwm.o
      1296        394         32          3          0       8884   cespi.o
       718        130        300          0         48       8796   cesystem.o
       434         92         36          6          0       7956   cetask.o
      2544        138       2120          0          0      16846   cetft180.o
       700        272         20         16          0       5929   ceticker.o
      1254        226         44        124         68      11439   cetimer.o
      1100        442         20          5       3260       6853   cetmu.o
      2400        446         40          1       1580      13969   ceuart.o
         0          0          0          0          0       4536   core_cm3.o
      3316        938          0          2       1672      13149   main.o
       152         30          0          0          0     279245   misc.o
        64         26        304          0       1536        888   startup_stm32f10x_hd.o
       400         10          0          0          0       9289   stm32f10x_adc.o
        84         12          0          0          0       1215   stm32f10x_dac.o
       514         26          0          0          0       6224   stm32f10x_dma.o
       200         20          0          0          0       2929   stm32f10x_exti.o
       512         10          0          0          0       5568   stm32f10x_gpio.o
       396         56          0         20          0       7279   stm32f10x_rcc.o
       112          0          0          0          0       4226   stm32f10x_spi.o
      1464        156          0          0          0      12266   stm32f10x_tim.o
       460          6          0          0          0       7316   stm32f10x_usart.o
       328         28          0          0          0       2289   system_stm32f10x.o

    ----------------------------------------------------------------------
     35758       6732       4028        396       8752     582726   Object Totals
         0          0         32          0          0          0   (incl. Generated)
        46          0          3          7          4          0   (incl. Padding)

    ----------------------------------------------------------------------

      Code (inc. data)   RO Data    RW Data    ZI Data      Debug   Library Member Name

        90          0          0          0          0          0   __dczerorl2.o
         8          0          0          0          0         68   __main.o
         0          0          0          0          0          0   __rtentry.o
        12          0          0          0          0          0   __rtentry2.o
         6          0          0          0          0          0   __rtentry4.o
        52          8          0          0          0          0   __scatter.o
        28          0          0          0          0          0   __scatter_zi.o
        12          0          0          0          0         72   exit.o
         6          0          0          0          0        152   heapauxi.o
         0          0          0          0          0          0   indicate_semi.o
         2          0          0          0          0          0   libinit.o
         2          0          0          0          0          0   libinit2.o
         2          0          0          0          0          0   libshutdown.o
         2          0          0          0          0          0   libshutdown2.o
         8          4          0          0         96         68   libspace.o
       238          0          0          0          0        100   lludivv7m.o
       100          0          0          0          0         80   rt_memcpy_w.o
         2          0          0          0          0          0   rtexit.o
        10          0          0          0          0          0   rtexit2.o
        12          4          0          0          0         68   sys_exit.o
        74          0          0          0          0         80   sys_stackheap_outer.o
         2          0          0          0          0         68   use_no_semi.o
       826         16          0          0          0        348   daddsub_clz.o
        24          0          0          0          0         68   dcmpi.o
        94          4          0          0          0         92   dfix.o
        46          0          0          0          0         68   dflt_clz.o
       120          4          0          0          0         92   dleqf.o
       340         12          0          0          0        104   dmul.o
       156          4          0          0          0         92   dnaninf.o
        12          0          0          0          0         68   dretinf.o
        86          4          0          0          0         84   f2d.o
        24          0          0          0          0         68   fcmpi.o
       388         76          0          0          0         96   fdiv.o
        86          0          0          0          0        136   fflt_clz.o
       104          4          0          0          0         84   fleqf.o
       258          4          0          0          0         84   fmul.o
       140          4          0          0          0         84   fnaninf.o
        10          0          0          0          0         68   fretinf.o
        98          0          0          0          0         68   frleqf.o
         0          0          0          0          0          0   usenofp.o

    ----------------------------------------------------------------------
      3494        148          0          0        100       2460   Library Totals
        14          0          0          0          4          0   (incl. Padding)

    ----------------------------------------------------------------------

      Code (inc. data)   RO Data    RW Data    ZI Data      Debug   Library Name

       668         16          0          0         96        756   c_w.l
      2812        132          0          0          0       1704   fz_ws.l

    ----------------------------------------------------------------------
      3494        148          0          0        100       2460   Library Totals

    ----------------------------------------------------------------------

==============================================================================


      Code (inc. data)   RO Data    RW Data    ZI Data      Debug   

     39252       6880       4028        396       8852     568178   Grand Totals
     39252       6880       4028        164       8852     568178   ELF Image Totals (compressed)
     39252       6880       4028        164          0          0   ROM Totals

==============================================================================

    Total RO  Size (Code + RO Data)                43280 (  42.27kB)
    Total RW  Size (RW Data + ZI Data)              9248 (   9.03kB)
    Total ROM Size (Code + RO Data + RW Data)      43444 (  42.43kB)

==============================================================================

