Component: ARM Compiler 5.05 update 1 (build 106) Tool: armlink [4d0efa]

==============================================================================

Section Cross References

    startup_stm32f10x_hd.o(STACK) refers (Special) to heapauxi.o(.text) for __use_two_region_memory
    startup_stm32f10x_hd.o(HEAP) refers (Special) to heapauxi.o(.text) for __use_two_region_memory
    startup_stm32f10x_hd.o(RESET) refers (Special) to heapauxi.o(.text) for __use_two_region_memory
    startup_stm32f10x_hd.o(RESET) refers to startup_stm32f10x_hd.o(STACK) for __initial_sp
    startup_stm32f10x_hd.o(RESET) refers to startup_stm32f10x_hd.o(.text) for Reset_Handler
    startup_stm32f10x_hd.o(RESET) refers to ceint.o(i.EXTI0_IRQHandler) for EXTI0_IRQHandler
    startup_stm32f10x_hd.o(RESET) refers to ceint.o(i.EXTI1_IRQHandler) for EXTI1_IRQHandler
    startup_stm32f10x_hd.o(RESET) refers to ceint.o(i.EXTI2_IRQHandler) for EXTI2_IRQHandler
    startup_stm32f10x_hd.o(RESET) refers to ceint.o(i.EXTI3_IRQHandler) for EXTI3_IRQHandler
    startup_stm32f10x_hd.o(RESET) refers to ceint.o(i.EXTI4_IRQHandler) for EXTI4_IRQHandler
    startup_stm32f10x_hd.o(RESET) refers to cead.o(i.DMA1_Channel1_IRQHandler) for DMA1_Channel1_IRQHandler
    startup_stm32f10x_hd.o(RESET) refers to ceuart.o(i.DMA1_Channel2_IRQHandler) for DMA1_Channel2_IRQHandler
    startup_stm32f10x_hd.o(RESET) refers to ceuart.o(i.DMA1_Channel4_IRQHandler) for DMA1_Channel4_IRQHandler
    startup_stm32f10x_hd.o(RESET) refers to ceuart.o(i.DMA1_Channel7_IRQHandler) for DMA1_Channel7_IRQHandler
    startup_stm32f10x_hd.o(RESET) refers to ceint.o(i.EXTI9_5_IRQHandler) for EXTI9_5_IRQHandler
    startup_stm32f10x_hd.o(RESET) refers to cetimer.o(i.TIM1_UP_IRQHandler) for TIM1_UP_IRQHandler
    startup_stm32f10x_hd.o(RESET) refers to ceccp.o(i.TIM2_IRQHandler) for TIM2_IRQHandler
    startup_stm32f10x_hd.o(RESET) refers to cetimer.o(i.TIM3_IRQHandler) for TIM3_IRQHandler
    startup_stm32f10x_hd.o(RESET) refers to cetimer.o(i.TIM4_IRQHandler) for TIM4_IRQHandler
    startup_stm32f10x_hd.o(RESET) refers to ceuart.o(i.USART1_IRQHandler) for USART1_IRQHandler
    startup_stm32f10x_hd.o(RESET) refers to ceuart.o(i.USART2_IRQHandler) for USART2_IRQHandler
    startup_stm32f10x_hd.o(RESET) refers to ceuart.o(i.USART3_IRQHandler) for USART3_IRQHandler
    startup_stm32f10x_hd.o(RESET) refers to ceint.o(i.EXTI15_10_IRQHandler) for EXTI15_10_IRQHandler
    startup_stm32f10x_hd.o(RESET) refers to cetimer.o(i.TIM8_UP_IRQHandler) for TIM8_UP_IRQHandler
    startup_stm32f10x_hd.o(RESET) refers to cetimer.o(i.TIM5_IRQHandler) for TIM5_IRQHandler
    startup_stm32f10x_hd.o(RESET) refers to ceuart.o(i.UART4_IRQHandler) for UART4_IRQHandler
    startup_stm32f10x_hd.o(RESET) refers to ceuart.o(i.UART5_IRQHandler) for UART5_IRQHandler
    startup_stm32f10x_hd.o(RESET) refers to cetimer.o(i.TIM6_IRQHandler) for TIM6_IRQHandler
    startup_stm32f10x_hd.o(RESET) refers to cetimer.o(i.TIM7_IRQHandler) for TIM7_IRQHandler
    startup_stm32f10x_hd.o(RESET) refers to ceda.o(i.DMA2_Channel3_IRQHandler) for DMA2_Channel3_IRQHandler
    startup_stm32f10x_hd.o(RESET) refers to ceda.o(i.DMA2_Channel4_5_IRQHandler) for DMA2_Channel4_5_IRQHandler
    startup_stm32f10x_hd.o(.text) refers (Special) to heapauxi.o(.text) for __use_two_region_memory
    startup_stm32f10x_hd.o(.text) refers to system_stm32f10x.o(i.SystemInit) for SystemInit
    startup_stm32f10x_hd.o(.text) refers to __main.o(!!!main) for __main
    startup_stm32f10x_hd.o(.text) refers to startup_stm32f10x_hd.o(HEAP) for Heap_Mem
    startup_stm32f10x_hd.o(.text) refers to startup_stm32f10x_hd.o(STACK) for Stack_Mem
    stm32f10x_adc.o(i.ADC_DeInit) refers to stm32f10x_rcc.o(i.RCC_APB2PeriphResetCmd) for RCC_APB2PeriphResetCmd
    stm32f10x_bkp.o(i.BKP_DeInit) refers to stm32f10x_rcc.o(i.RCC_BackupResetCmd) for RCC_BackupResetCmd
    stm32f10x_can.o(i.CAN_DeInit) refers to stm32f10x_rcc.o(i.RCC_APB1PeriphResetCmd) for RCC_APB1PeriphResetCmd
    stm32f10x_can.o(i.CAN_GetITStatus) refers to stm32f10x_can.o(i.CheckITStatus) for CheckITStatus
    stm32f10x_cec.o(i.CEC_DeInit) refers to stm32f10x_rcc.o(i.RCC_APB1PeriphResetCmd) for RCC_APB1PeriphResetCmd
    stm32f10x_dac.o(i.DAC_DeInit) refers to stm32f10x_rcc.o(i.RCC_APB1PeriphResetCmd) for RCC_APB1PeriphResetCmd
    stm32f10x_flash.o(i.FLASH_EnableWriteProtection) refers to stm32f10x_flash.o(i.FLASH_WaitForLastOperation) for FLASH_WaitForLastOperation
    stm32f10x_flash.o(i.FLASH_EraseAllBank1Pages) refers to stm32f10x_flash.o(i.FLASH_WaitForLastBank1Operation) for FLASH_WaitForLastBank1Operation
    stm32f10x_flash.o(i.FLASH_EraseAllPages) refers to stm32f10x_flash.o(i.FLASH_WaitForLastOperation) for FLASH_WaitForLastOperation
    stm32f10x_flash.o(i.FLASH_EraseOptionBytes) refers to stm32f10x_flash.o(i.FLASH_GetReadOutProtectionStatus) for FLASH_GetReadOutProtectionStatus
[...]
    ceLed1C_setFlash                         0x080070f1   Thumb Code    36  celed1c.o(i.ceLed1C_setFlash)
    ceLed1C_setOff                           0x08007119   Thumb Code    64  celed1c.o(i.ceLed1C_setOff)
    ceLed1C_setOn                            0x08007165   Thumb Code    64  celed1c.o(i.ceLed1C_setOn)
    ceMDCtl_initial                          0x080071b1   Thumb Code    60  cemdctl.o(i.ceMDCtl_initial)
    ceMDCtl_setDriverPower                   0x08007205   Thumb Code    54  cemdctl.o(i.ceMDCtl_setDriverPower)
    ceMD_initial                             0x08007251   Thumb Code    46  cemd.o(i.ceMD_initial)
    ceMD_setDriverPower                      0x08007285   Thumb Code    54  cemd.o(i.ceMD_setDriverPower)
    ceMPU6050_I2C_ReadOneByte                0x080072c1   Thumb Code   110  cempu6050.o(i.ceMPU6050_I2C_ReadOneByte)
    ceMPU6050_I2C_WriteOneByte               0x08007335   Thumb Code    86  cempu6050.o(i.ceMPU6050_I2C_WriteOneByte)
    ceMPU6050_getAcceleration                0x08007391   Thumb Code   208  cempu6050.o(i.ceMPU6050_getAcceleration)
    ceMPU6050_getGyroscope                   0x08007461   Thumb Code   266  cempu6050.o(i.ceMPU6050_getGyroscope)
    ceMPU6050_initial                        0x08007571   Thumb Code   458  cempu6050.o(i.ceMPU6050_initial)
    ceNRF24L01P_check                        0x08007781   Thumb Code    82  cenrf24l01p.o(i.ceNRF24L01P_check)
    ceNRF24L01P_initial                      0x080077dd   Thumb Code   140  cenrf24l01p.o(i.ceNRF24L01P_initial)
    ceNRF24L01P_intCallBack                  0x08007879   Thumb Code    54  cenrf24l01p.o(i.ceNRF24L01P_intCallBack)
    ceNRF24L01P_readBuf                      0x080078b1   Thumb Code    70  cenrf24l01p.o(i.ceNRF24L01P_readBuf)
    ceNRF24L01P_readReg                      0x080078fd   Thumb Code    48  cenrf24l01p.o(i.ceNRF24L01P_readReg)
    ceNRF24L01P_recv                         0x08007931   Thumb Code    50  cenrf24l01p.o(i.ceNRF24L01P_recv)
    ceNRF24L01P_rxPacket                     0x08007963   Thumb Code    56  cenrf24l01p.o(i.ceNRF24L01P_rxPacket)
    ceNRF24L01P_send                         0x0800799b   Thumb Code    50  cenrf24l01p.o(i.ceNRF24L01P_send)
    ceNRF24L01P_setRecvMode                  0x080079cd   Thumb Code   184  cenrf24l01p.o(i.ceNRF24L01P_setRecvMode)
    ceNRF24L01P_setSendMode                  0x08007a89   Thumb Code   152  cenrf24l01p.o(i.ceNRF24L01P_setSendMode)
    ceNRF24L01P_txPacket                     0x08007b29   Thumb Code   182  cenrf24l01p.o(i.ceNRF24L01P_txPacket)
    ceNRF24L01P_writeBuf                     0x08007bed   Thumb Code    70  cenrf24l01p.o(i.ceNRF24L01P_writeBuf)
    ceNRF24L01P_writeReg                     0x08007c39   Thumb Code    54  cenrf24l01p.o(i.ceNRF24L01P_writeReg)
    cePC33V_getVoltage                       0x08007c75   Thumb Code    50  cepc33v.o(i.cePC33V_getVoltage)
    cePC33V_initial                          0x08007cb9   Thumb Code    20  cepc33v.o(i.cePC33V_initial)
    cePID_calculate                          0x08007cd1   Thumb Code   126  cepid.o(i.cePID_calculate)
    cePID_calculateAccelerator               0x08007d5d   Thumb Code   252  cepid.o(i.cePID_calculateAccelerator)
    cePID_calculateAltitude                  0x08007e6d   Thumb Code   282  cepid.o(i.cePID_calculateAltitude)
    cePID_calculateDriverPower               0x08007fa1   Thumb Code   378  cepid.o(i.cePID_calculateDriverPower)
    cePID_calculatePitch                     0x08008121   Thumb Code   306  cepid.o(i.cePID_calculatePitch)
    cePID_calculateRoll                      0x08008261   Thumb Code   324  cepid.o(i.cePID_calculateRoll)
    cePID_calculateYaw                       0x080083b1   Thumb Code   180  cepid.o(i.cePID_calculateYaw)
    cePID_initial                            0x08008471   Thumb Code   146  cepid.o(i.cePID_initial)
    cePID_resetErrByAccelerator              0x08008525   Thumb Code    38  cepid.o(i.cePID_resetErrByAccelerator)
    cePackage_dealRecv                       0x08008555   Thumb Code   254  cepackage.o(i.cePackage_dealRecv)
    cePackage_dealSend                       0x08008659   Thumb Code   192  cepackage.o(i.cePackage_dealSend)
    cePackage_initial                        0x08008721   Thumb Code    56  cepackage.o(i.cePackage_initial)
    ceParCtl_afterFilterHook                 0x08008765   Thumb Code   228  ceparctl.o(i.ceParCtl_afterFilterHook)
    ceParCtl_afterPIDHook                    0x08008859   Thumb Code    56  ceparctl.o(i.ceParCtl_afterPIDHook)
    ceParCtl_beforeFilterHook                0x0800889d   Thumb Code   476  ceparctl.o(i.ceParCtl_beforeFilterHook)
    ceParCtl_beforePIDHook                   0x08008a8d   Thumb Code   470  ceparctl.o(i.ceParCtl_beforePIDHook)
    ceParCtl_initial                         0x08008c71   Thumb Code    82  ceparctl.o(i.ceParCtl_initial)
    ceParCtl_recvDataCallBack                0x08008cd9   Thumb Code    26  ceparctl.o(i.ceParCtl_recvDataCallBack)
    ceParCtl_recvDataHook                    0x08008cf9   Thumb Code     2  ceparctl.o(i.ceParCtl_recvDataHook)
    ceParCtl_sendDataHook                    0x08008cfd   Thumb Code   124  ceparctl.o(i.ceParCtl_sendDataHook)
    cePwm_initial                            0x08008d91   Thumb Code   372  cepwm.o(i.cePwm_initial)
    cePwm_resetBit                           0x08008f65   Thumb Code    60  cepwm.o(i.cePwm_resetBit)
    cePwm_setBit                             0x08008fd9   Thumb Code    60  cepwm.o(i.cePwm_setBit)
    cePwm_start                              0x0800904d   Thumb Code   118  cepwm.o(i.cePwm_start)
    cePwm_stop                               0x08009101   Thumb Code   100  cepwm.o(i.cePwm_stop)
    cePwm_updata                             0x080091a1   Thumb Code   228  cepwm.o(i.cePwm_updata)
    ceSensor_getAcc                          0x080092c5   Thumb Code    36  cesensor.o(i.ceSensor_getAcc)
    ceSensor_getAlt                          0x080092f1   Thumb Code     6  cesensor.o(i.ceSensor_getAlt)
    ceSensor_getGps                          0x080092f7   Thumb Code     6  cesensor.o(i.ceSensor_getGps)
    ceSensor_getGyr                          0x080092fd   Thumb Code    36  cesensor.o(i.ceSensor_getGyr)
    ceSensor_getMag                          0x08009329   Thumb Code     6  cesensor.o(i.ceSensor_getMag)
    ceSensor_getTem                          0x0800932f   Thumb Code     6  cesensor.o(i.ceSensor_getTem)
    ceSensor_initial                         0x08009335   Thumb Code    16  cesensor.o(i.ceSensor_initial)
    ceSetI2cMasterSDAMode                    0x08009351   Thumb Code    46  cei2c.o(i.ceSetI2cMasterSDAMode)
    ceSpiMasterByte_writeRead                0x08009381   Thumb Code   102  cespi.o(i.ceSpiMasterByte_writeRead)
    ceSpiMaster_initial                      0x08009421   Thumb Code   578  cespi.o(i.ceSpiMaster_initial)
    ceSpiMaster_lockBus                      0x080096c5   Thumb Code    48  cespi.o(i.ceSpiMaster_lockBus)
    ceSpiMaster_resetNSSBit                  0x080096f9   Thumb Code    34  cespi.o(i.ceSpiMaster_resetNSSBit)
    ceSpiMaster_setNSSBit                    0x08009755   Thumb Code    34  cespi.o(i.ceSpiMaster_setNSSBit)
    ceSpiMaster_start                        0x080097b1   Thumb Code    36  cespi.o(i.ceSpiMaster_start)
    ceSpiMaster_stop                         0x0800980d   Thumb Code    36  cespi.o(i.ceSpiMaster_stop)
    ceSpiMaster_unlockBus                    0x08009869   Thumb Code     8  cespi.o(i.ceSpiMaster_unlockBus)
    ceStatus_getHopeStatus                   0x08009871   Thumb Code   888  cestatus.o(i.ceStatus_getHopeStatus)
    ceStatus_getNowStatus                    0x08009c31   Thumb Code    66  cestatus.o(i.ceStatus_getNowStatus)
    ceStatus_initial                         0x08009c79   Thumb Code    18  cestatus.o(i.ceStatus_initial)
    ceStrcmp                                 0x08009c95   Thumb Code    56  ceextra.o(i.ceStrcmp)
    ceStrcpy                                 0x08009ccd   Thumb Code    32  ceextra.o(i.ceStrcpy)
    ceStrlen                                 0x08009ced   Thumb Code    16  ceextra.o(i.ceStrlen)
    ceSysCtl_callBack                        0x08009cfd   Thumb Code   726  cesysctl.o(i.ceSysCtl_callBack)
    ceSysCtl_checkConnectStatus              0x08009fdd   Thumb Code    18  cesysctl.o(i.ceSysCtl_checkConnectStatus)
    ceSysCtl_getBatVol                       0x08009ff5   Thumb Code    12  cesysctl.o(i.ceSysCtl_getBatVol)
    ceSysCtl_getBtnSta                       0x0800a009   Thumb Code    26  cesysctl.o(i.ceSysCtl_getBtnSta)
    ceSysCtl_getMode                         0x0800a031   Thumb Code     6  cesysctl.o(i.ceSysCtl_getMode)
    ceSysCtl_getSysRunCycle                  0x0800a03d   Thumb Code    64  cesysctl.o(i.ceSysCtl_getSysRunCycle)
    ceSysCtl_initial                         0x0800a08d   Thumb Code   142  cesysctl.o(i.ceSysCtl_initial)
    ceSysCtl_set4Led                         0x0800a171   Thumb Code   108  cesysctl.o(i.ceSysCtl_set4Led)
    ceSysCtl_setAlarm                        0x0800a1f1   Thumb Code    28  cesysctl.o(i.ceSysCtl_setAlarm)
    ceSysCtl_setMode                         0x0800a215   Thumb Code    60  cesysctl.o(i.ceSysCtl_setMode)
    ceSystem_GolbalInterruptInitial          0x0800a26d   Thumb Code    24  cesystem.o(i.ceSystem_GolbalInterruptInitial)
    ceSystem_callBackTickTimer               0x0800a285   Thumb Code    22  cesystem.o(i.ceSystem_callBackTickTimer)
    ceSystem_delayMs                         0x0800a2a5   Thumb Code   118  cesystem.o(i.ceSystem_delayMs)
    ceSystem_delayNs                         0x0800a325   Thumb Code    20  cesystem.o(i.ceSystem_delayNs)
    ceSystem_delayUs                         0x0800a339   Thumb Code   128  cesystem.o(i.ceSystem_delayUs)
    ceSystem_getErrorMsg                     0x0800a3c1   Thumb Code    88  cesystem.o(i.ceSystem_getErrorMsg)
    ceSystem_getSystemTickMs                 0x0800a41d   Thumb Code    20  cesystem.o(i.ceSystem_getSystemTickMs)
    ceSystem_getSystemTickUs                 0x0800a431   Thumb Code    54  cesystem.o(i.ceSystem_getSystemTickUs)
    ceSystem_initial                         0x0800a471   Thumb Code    14  cesystem.o(i.ceSystem_initial)
    ceSystem_initialTickTimer                0x0800a481   Thumb Code    44  cesystem.o(i.ceSystem_initialTickTimer)
    ceTMCtl_checkConnectStatus               0x0800a4c1   Thumb Code    62  cetmctl.o(i.ceTMCtl_checkConnectStatus)
    ceTMCtl_getSendIntervalMs                0x0800a511   Thumb Code    16  cetmctl.o(i.ceTMCtl_getSendIntervalMs)
    ceTMCtl_initial                          0x0800a529   Thumb Code   142  cetmctl.o(i.ceTMCtl_initial)
    ceTMCtl_recvCallBack                     0x0800a619   Thumb Code    28  cetmctl.o(i.ceTMCtl_recvCallBack)
    ceTMCtl_sendData                         0x0800a63d   Thumb Code    88  cetmctl.o(i.ceTMCtl_sendData)
    ceTask_getCriticalStatus                 0x0800a6bd   Thumb Code    16  cetask.o(i.ceTask_getCriticalStatus)
    ceTask_inCriticalSection                 0x0800a6d1   Thumb Code    12  cetask.o(i.ceTask_inCriticalSection)
    ceTask_mainTask                          0x0800a6e1   Thumb Code    38  cetask.o(i.ceTask_mainTask)
    ceTask_outCriticalSection                0x0800a70d   Thumb Code    20  cetask.o(i.ceTask_outCriticalSection)
    ceTask_register                          0x0800a725   Thumb Code    76  cetask.o(i.ceTask_register)
    ceTask_start                             0x0800a7ad   Thumb Code    44  cetask.o(i.ceTask_start)
    ceTask_stop                              0x0800a7dd   Thumb Code    44  cetask.o(i.ceTask_stop)
    ceTask_taskSchedule                      0x0800a80d   Thumb Code     2  cetask.o(i.ceTask_taskSchedule)
    ceTask_unRegister                        0x0800a811   Thumb Code    70  cetask.o(i.ceTask_unRegister)
    ceTicker_callBySystem                    0x0800a85d   Thumb Code    98  ceticker.o(i.ceTicker_callBySystem)
    ceTicker_register                        0x0800a8cd   Thumb Code    78  ceticker.o(i.ceTicker_register)
    ceTicker_start                           0x0800a95d   Thumb Code    68  ceticker.o(i.ceTicker_start)
    ceTicker_unRegister                      0x0800a9e1   Thumb Code    92  ceticker.o(i.ceTicker_unRegister)
    ceTimer_getTimerMaxCnt                   0x0800aa7d   Thumb Code    12  cetimer.o(i.ceTimer_getTimerMaxCnt)
    ceTimer_getTimreNowCnt                   0x0800aa89   Thumb Code    64  cetimer.o(i.ceTimer_getTimreNowCnt)
    ceTimer_initial                          0x0800aac9   Thumb Code   232  cetimer.o(i.ceTimer_initial)
    ceTimer_start                            0x0800ac05   Thumb Code    44  cetimer.o(i.ceTimer_start)
    ceTimer_stop                             0x0800ac31   Thumb Code    34  cetimer.o(i.ceTimer_stop)
    ceTimer_upData                           0x0800ac55   Thumb Code   122  cetimer.o(i.ceTimer_upData)
    ceUart_clearRecvBuf                      0x0800ad0d   Thumb Code    16  ceuart.o(i.ceUart_clearRecvBuf)
    ceUart_getRecvDataCount                  0x0800ad21   Thumb Code    16  ceuart.o(i.ceUart_getRecvDataCount)
    ceUart_initial                           0x0800ad35   Thumb Code   970  ceuart.o(i.ceUart_initial)
    ceUart_readData                          0x0800b17d   Thumb Code    24  ceuart.o(i.ceUart_readData)
    ceUart_sendData                          0x0800b199   Thumb Code   158  ceuart.o(i.ceUart_sendData)
    ceUart_start                             0x0800b27d   Thumb Code    34  ceuart.o(i.ceUart_start)
    ceUart_stop                              0x0800b2d9   Thumb Code    34  ceuart.o(i.ceUart_stop)
    ce_assert_failed                         0x0800b335   Thumb Code    56  cesystem.o(i.ce_assert_failed)
    main                                     0x0800b3b1   Thumb Code   154  main.o(i.main)
    setRecvCallBack                          0x0800b47d   Thumb Code     6  cetmctl.o(i.setRecvCallBack)
    sin                                      0x0800b489   Thumb Code   150  sin.o(i.sin)
    sqrt                                     0x0800b529   Thumb Code    76  sqrt.o(i.sqrt)
    __aeabi_d2f                              0x0800b575   Thumb Code     0  d2f.o(x$fpl$d2f)
    _d2f                                     0x0800b575   Thumb Code    98  d2f.o(x$fpl$d2f)
    __aeabi_dadd                             0x0800b5d9   Thumb Code     0  daddsub_clz.o(x$fpl$dadd)
    _dadd                                    0x0800b5d9   Thumb Code   332  daddsub_clz.o(x$fpl$dadd)
    __fpl_dcheck_NaN1                        0x0800b729   Thumb Code    10  dcheck1.o(x$fpl$dcheck1)
    __fpl_dcmp_Inf                           0x0800b739   Thumb Code    24  dcmpi.o(x$fpl$dcmpinf)
    __aeabi_ddiv                             0x0800b751   Thumb Code     0  ddiv.o(x$fpl$ddiv)
    _ddiv                                    0x0800b751   Thumb Code   552  ddiv.o(x$fpl$ddiv)
    __aeabi_d2iz                             0x0800ba01   Thumb Code     0  dfix.o(x$fpl$dfix)
    _dfix                                    0x0800ba01   Thumb Code    94  dfix.o(x$fpl$dfix)
    __aeabi_i2d                              0x0800ba5f   Thumb Code     0  dflt_clz.o(x$fpl$dflt)
    _dflt                                    0x0800ba5f   Thumb Code    46  dflt_clz.o(x$fpl$dflt)
    __aeabi_ui2d                             0x0800ba8d   Thumb Code     0  dflt_clz.o(x$fpl$dfltu)
    _dfltu                                   0x0800ba8d   Thumb Code    38  dflt_clz.o(x$fpl$dfltu)
    __aeabi_cdcmple                          0x0800bab5   Thumb Code     0  dleqf.o(x$fpl$dleqf)
    _dcmple                                  0x0800bab5   Thumb Code   120  dleqf.o(x$fpl$dleqf)
    __fpl_dcmple_InfNaN                      0x0800bb17   Thumb Code     0  dleqf.o(x$fpl$dleqf)
    __aeabi_dmul                             0x0800bb2d   Thumb Code     0  dmul.o(x$fpl$dmul)
    _dmul                                    0x0800bb2d   Thumb Code   332  dmul.o(x$fpl$dmul)
    __fpl_dnaninf                            0x0800bc81   Thumb Code   156  dnaninf.o(x$fpl$dnaninf)
    __fpl_dretinf                            0x0800bd1d   Thumb Code    12  dretinf.o(x$fpl$dretinf)
    __aeabi_drsub                            0x0800bd29   Thumb Code     0  daddsub_clz.o(x$fpl$drsb)
    _drsb                                    0x0800bd29   Thumb Code    22  daddsub_clz.o(x$fpl$drsb)
    _dsqrt                                   0x0800bd41   Thumb Code   456  dsqrt_noumaal.o(x$fpl$dsqrt)
    __aeabi_dsub                             0x0800bf0d   Thumb Code     0  daddsub_clz.o(x$fpl$dsub)
    _dsub                                    0x0800bf0d   Thumb Code   464  daddsub_clz.o(x$fpl$dsub)
    __aeabi_f2d                              0x0800c0e1   Thumb Code     0  f2d.o(x$fpl$f2d)
    _f2d                                     0x0800c0e1   Thumb Code    86  f2d.o(x$fpl$f2d)
    __aeabi_fadd                             0x0800c139   Thumb Code     0  faddsub_clz.o(x$fpl$fadd)
    _fadd                                    0x0800c139   Thumb Code   196  faddsub_clz.o(x$fpl$fadd)
    __fpl_fcmp_Inf                           0x0800c1fd   Thumb Code    24  fcmpi.o(x$fpl$fcmpinf)
    __aeabi_fdiv                             0x0800c215   Thumb Code     0  fdiv.o(x$fpl$fdiv)
    _fdiv                                    0x0800c215   Thumb Code   384  fdiv.o(x$fpl$fdiv)
    __aeabi_cfcmpeq                          0x0800c399   Thumb Code     0  feqf.o(x$fpl$feqf)
    _fcmpeq                                  0x0800c399   Thumb Code   104  feqf.o(x$fpl$feqf)
    __aeabi_f2iz                             0x0800c401   Thumb Code     0  ffix.o(x$fpl$ffix)
    _ffix                                    0x0800c401   Thumb Code    54  ffix.o(x$fpl$ffix)
    __aeabi_i2f                              0x0800c439   Thumb Code     0  fflt_clz.o(x$fpl$fflt)
    _fflt                                    0x0800c439   Thumb Code    48  fflt_clz.o(x$fpl$fflt)
    __aeabi_ul2f                             0x0800c469   Thumb Code     0  ffltll_clz.o(x$fpl$ffltll)
    _ll_uto_f                                0x0800c469   Thumb Code     6  ffltll_clz.o(x$fpl$ffltll)
    __aeabi_l2f                              0x0800c46f   Thumb Code     0  ffltll_clz.o(x$fpl$ffltll)
    _ll_sto_f                                0x0800c46f   Thumb Code    90  ffltll_clz.o(x$fpl$ffltll)
    __aeabi_ui2f                             0x0800c4c9   Thumb Code     0  fflt_clz.o(x$fpl$ffltu)
    _ffltu                                   0x0800c4c9   Thumb Code    38  fflt_clz.o(x$fpl$ffltu)
    __aeabi_cfcmple                          0x0800c4f1   Thumb Code     0  fleqf.o(x$fpl$fleqf)
    _fcmple                                  0x0800c4f1   Thumb Code   104  fleqf.o(x$fpl$fleqf)
    __fpl_fcmple_InfNaN                      0x0800c543   Thumb Code     0  fleqf.o(x$fpl$fleqf)
    __aeabi_fmul                             0x0800c559   Thumb Code     0  fmul.o(x$fpl$fmul)
    _fmul                                    0x0800c559   Thumb Code   258  fmul.o(x$fpl$fmul)
    __fpl_fnaninf                            0x0800c65b   Thumb Code   140  fnaninf.o(x$fpl$fnaninf)
    __fpl_fretinf                            0x0800c6e7   Thumb Code    10  fretinf.o(x$fpl$fretinf)
    __aeabi_cfrcmple                         0x0800c6f1   Thumb Code     0  frleqf.o(x$fpl$frleqf)
    _frcmple                                 0x0800c6f1   Thumb Code    98  frleqf.o(x$fpl$frleqf)
    __aeabi_frsub                            0x0800c753   Thumb Code     0  faddsub_clz.o(x$fpl$frsb)
    _frsb                                    0x0800c753   Thumb Code    20  faddsub_clz.o(x$fpl$frsb)
    __aeabi_fsub                             0x0800c769   Thumb Code     0  faddsub_clz.o(x$fpl$fsub)
    _fsub                                    0x0800c769   Thumb Code   234  faddsub_clz.o(x$fpl$fsub)
    __fpl_return_NaN                         0x0800c853   Thumb Code   100  retnan.o(x$fpl$retnan)
    __ARM_scalbn                             0x0800c8b7   Thumb Code    92  scalbn.o(x$fpl$scalbn)
    __fpl_cmpreturn                          0x0800c913   Thumb Code    48  trapv.o(x$fpl$trapveneer)
    __I$use$fp                               0x0800c942   Number         0  usenofp.o(x$fpl$usenofp)
    ceAdChannelxArray                        0x0800c944   Data         112  cead.o(.constdata)
    ceAdOp                                   0x0800c9b4   Data           8  cead.o(.constdata)
    ceGpioOp                                 0x0800c9bc   Data          20  cegpio.o(.constdata)
    ceI2cMasterOp                            0x0800c9d0   Data          32  cei2c.o(.constdata)
    ceIntPreemptionAndSubPriority            0x0800c9f0   Data         112  ceint.o(.constdata)
    ceIntOp                                  0x0800ca60   Data          20  ceint.o(.constdata)
    cePwmTimxAndChannelx                     0x0800ca74   Data          64  cepwm.o(.constdata)
    cePwmRccApbxTimx                         0x0800cab4   Data          32  cepwm.o(.constdata)
    cePwmOp                                  0x0800cad4   Data          24  cepwm.o(.constdata)
    ceSpiMasterOp                            0x0800caec   Data          32  cespi.o(.constdata)
    ceStatusString                           0x0800cb0c   Data         270  cesystem.o(.constdata)
    ceSystemOp                               0x0800cc1c   Data          28  cesystem.o(.constdata)
    ceTimerIntPriority                       0x0800cc38   Data           8  cetimer.o(.constdata)
    CE_TIMER_MAX_CYCLE_NS                    0x0800cc40   Data           4  cetimer.o(.constdata)
    CE_TIMER_MIN_CYCLE_NS                    0x0800cc44   Data           4  cetimer.o(.constdata)
    CE_TIMER_MIN_DIVIDE_NS                   0x0800cc48   Data           4  cetimer.o(.constdata)
    ceTimerOp                                0x0800cc4c   Data          24  cetimer.o(.constdata)
    ceUartIntPriority                        0x0800cc64   Data          10  ceuart.o(.constdata)
    ceUartOp                                 0x0800cc70   Data          28  ceuart.o(.constdata)
    pHexIndex                                0x0800cc8c   Data          16  cedebug.o(.constdata)
    ceDebugOp                                0x0800cc9c   Data          28  cedebug.o(.constdata)
    ceMathOp                                 0x0800ccb8   Data           4  ceextra.o(.constdata)
    ceStringOp                               0x0800ccbc   Data          20  ceextra.o(.constdata)
    ceFifoOp                                 0x0800ccd0   Data          36  ceextra.o(.constdata)
    ceDoubleFifoOp                           0x0800ccf4   Data          28  ceextra.o(.constdata)
    ceTaskOp                                 0x0800cd10   Data          36  cetask.o(.constdata)
    ceTickerOp                               0x0800cd34   Data          20  ceticker.o(.constdata)
    ceBeepNSrcOp                             0x0800cd48   Data          12  cebeepnsrc.o(.constdata)
    ceBtnx1Op                                0x0800cd54   Data          20  cebtnx1.o(.constdata)
    ceLed1COp                                0x0800cd68   Data          24  celed1c.o(.constdata)
    cePC33VOp                                0x0800cd80   Data           8  cepc33v.o(.constdata)
    ceESP8266Op                              0x0800cd88   Data          68  ceesp8266.o(.constdata)
    ceMPU6050Op                              0x0800cdcc   Data          12  cempu6050.o(.constdata)
    ceNRF24L01POp                            0x0800cdd8   Data          12  cenrf24l01p.o(.constdata)
    ceMDOp                                   0x0800cde4   Data           8  cemd.o(.constdata)
    ceSensorOp                               0x0800cdec   Data          28  cesensor.o(.constdata)
    cePIDOp                                  0x0800ce08   Data           8  cepid.o(.constdata)
    cePackageOp                              0x0800ce10   Data          12  cepackage.o(.constdata)
    ceFilterSliderOp                         0x0800ce1c   Data           8  cefilter.o(.constdata)
    ceFilterYijieOp                          0x0800ce24   Data           8  cefilter.o(.constdata)
    ceFilterErjieOp                          0x0800ce2c   Data           8  cefilter.o(.constdata)
    ceFilterIMUOp                            0x0800ce34   Data           8  cefilter.o(.constdata)
    ceFilterKalmanOp                         0x0800ce3c   Data           8  cefilter.o(.constdata)
    ceFilterOp                               0x0800ce44   Data           8  cefilter.o(.constdata)
    ceMDCtlOp                                0x0800ce4c   Data           8  cemdctl.o(.constdata)
    ceTMCtlOp                                0x0800ce54   Data          20  cetmctl.o(.constdata)
    ceSysCtlOp                               0x0800ce68   Data          32  cesysctl.o(.constdata)
    ceStatusOp                               0x0800ce88   Data          12  cestatus.o(.constdata)
    ceParCtlOp                               0x0800ce94   Data          28  ceparctl.o(.constdata)
    __mathlib_zero                           0x0800cfc8   Data           8  qnan.o(.constdata)
    Region$$Table$$Base                      0x0800d23c   Number         0  anon$$obj.o(Region$$Table)
    Region$$Table$$Limit                     0x0800d25c   Number         0  anon$$obj.o(Region$$Table)
    ceAd_status                              0x20000014   Data           1  cead.o(.data)
    ceAdGpioxArray                           0x20000018   Data          28  cead.o(.data)
    ceCcpCallBackList                        0x20000034   Data           4  ceccp.o(.data)
    ceDaList                                 0x20000038   Data           8  ceda.o(.data)
    ceGpioGpioxArray                         0x20000040   Data          28  cegpio.o(.data)
    ceI2cMaster_status1                      0x2000005c   Data           1  cei2c.o(.data)
    ceI2cMaster_status2                      0x2000005d   Data           1  cei2c.o(.data)
    ceIntGpioxArray                          0x20000060   Data          28  ceint.o(.data)
    cePwmGpioxArray                          0x2000007c   Data          16  cepwm.o(.data)
    cePwmTimxArray                           0x2000008c   Data          56  cepwm.o(.data)
    cePwmTimxInitialStatus                   0x200000c4   Data           8  cepwm.o(.data)
    cePwmTimOCxInit                          0x200000cc   Data          16  cepwm.o(.data)
    cePwmTimOCxPreloadConfig                 0x200000dc   Data          16  cepwm.o(.data)
    ceSpiMaster_status1                      0x200000ec   Data           1  cespi.o(.data)
    ceSpiMaster_status2                      0x200000ed   Data           1  cespi.o(.data)
    ceSpiMaster_status3                      0x200000ee   Data           1  cespi.o(.data)
    ceTimer2_useStatus                       0x200000f0   Data           1  cetimer.o(.data)
    ceTimerTimxArray                         0x200000f4   Data          56  cetimer.o(.data)
    ceTimerRccApbxTimx                       0x2000012c   Data          56  cetimer.o(.data)
    ceTimerIRQChannel                        0x20000164   Data           8  cetimer.o(.data)
    ceUartDmaTemp                            0x2000016c   Data           1  ceuart.o(.data)
    ceTaskList                               0x20000170   Data           4  cetask.o(.data)
    ceTask_criticalTimes                     0x20000174   Data           2  cetask.o(.data)
    ceTickerList                             0x20000178   Data           4  ceticker.o(.data)
    ceTickerLastMs                           0x20000180   Data           8  ceticker.o(.data)
    ceFilterBaseOp                           0x20000188   Data           8  cefilter.o(.data)
    drivePower                               0x20000190   Data           4  main.o(.data)
    dtS                                      0x20000194   Data           4  main.o(.data)
    ceTMCtl_nrfAddress                       0x20000198   Data           5  cetmctl.o(.data)
    ceTMCtl_sendPackCount                    0x200001a0   Data           4  cetmctl.o(.data)
    ceTMCtl_recvPackCount                    0x200001a4   Data           4  cetmctl.o(.data)
    ceTMCtl_lastSendTime                     0x200001a8   Data           4  cetmctl.o(.data)
    ceTMCtl_useType                          0x200001ac   Data           1  cetmctl.o(.data)
    ceTMCtl_pRecvCallBack                    0x200001b0   Data           4  cetmctl.o(.data)
    ceLedCtl_tick                            0x200001b8   Data           2  cesysctl.o(.data)
    ceLedCtl_ctlMode                         0x200001ba   Data           1  cesysctl.o(.data)
    ceUavFlyModule                           0x200001c8   Data           1  cestatus.o(.data)
    ceIntList                                0x200001cc   Data          64  ceint.o(.bss)
    ceSystem                                 0x20000210   Data          48  cesystem.o(.bss)
    ceTimerList                              0x20000240   Data          68  cetimer.o(.bss)
    ceUartBase4                              0x20000284   Data          12  ceuart.o(.bss)
    ceUartBase5                              0x20000290   Data          12  ceuart.o(.bss)
    ceUartList                               0x2000029c   Data          20  ceuart.o(.bss)
    ceUart1DmaBuf                            0x200002b0   Data         512  ceuart.o(.bss)
    ceUart2DmaBuf                            0x200004b0   Data         512  ceuart.o(.bss)
    ceUart3DmaBuf                            0x200006b0   Data         512  ceuart.o(.bss)
    ceDebug                                  0x200008b0   Data         360  cedebug.o(.bss)
    ceMPU6050                                0x20000a18   Data          68  cesensor.o(.bss)
    ceMS5611                                 0x20000a5c   Data          88  cesensor.o(.bss)
    cePID                                    0x20000ab4   Data         192  cepid.o(.bss)
    cePackageSend                            0x20000b74   Data         120  cepackage.o(.bss)
    cePackageRecv                            0x20000bec   Data         164  cepackage.o(.bss)
    cePackageSendBuf                         0x20000c90   Data         160  cepackage.o(.bss)
    ceFilter                                 0x20000d30   Data        2188  cefilter.o(.bss)
    ceNowStatus                              0x200015bc   Data          80  main.o(.bss)
    ceHopeStatus                             0x2000160c   Data          80  main.o(.bss)
    ceMD0                                    0x2000165c   Data          36  cemdctl.o(.bss)
    ceMD1                                    0x20001680   Data          36  cemdctl.o(.bss)
    ceMD2                                    0x200016a4   Data          36  cemdctl.o(.bss)
    ceMD3                                    0x200016c8   Data          36  cemdctl.o(.bss)
    ceTMCtl_ceESP8266                        0x200016ec   Data        2152  cetmctl.o(.bss)
    ceTMCtl_ceNRF24L01P                      0x20001f54   Data         288  cetmctl.o(.bss)
    ceBtnLeft                                0x20002074   Data          88  cesysctl.o(.bss)
    ceBtnRight                               0x200020cc   Data          88  cesysctl.o(.bss)
    cePC33V                                  0x20002124   Data          12  cesysctl.o(.bss)
    ceBeepNSrc                               0x20002130   Data          16  cesysctl.o(.bss)
    ceLedCtl_ceLed0                          0x20002140   Data          92  cesysctl.o(.bss)
    ceLedCtl_ceLed1                          0x2000219c   Data          92  cesysctl.o(.bss)
    ceLedCtl_ceLed2                          0x200021f8   Data          92  cesysctl.o(.bss)
    ceLedCtl_ceLed3                          0x20002254   Data          92  cesysctl.o(.bss)
    ceLedCtl_ceTicker                        0x200022b0   Data          28  cesysctl.o(.bss)
    __libspace_start                         0x200022cc   Data          96  libspace.o(.bss)
    __temporary_stack_top$libspace           0x2000232c   Data           0  libspace.o(.bss)



==============================================================================

Memory Map of the image

  Image Entry point : 0x08000131

  Load Region LR_IROM1 (Base: 0x08000000, Size: 0x0000d428, Max: 0x00080000, ABSOLUTE, COMPRESSED[0x0000d308])

    Execution Region ER_IROM1 (Base: 0x08000000, Size: 0x0000d25c, Max: 0x00080000, ABSOLUTE)

    Base Addr    Size         Type   Attr      Idx    E Section Name        Object

    0x08000000   0x00000130   Data   RO          138    RESET               startup_stm32f10x_hd.o
    0x08000130   0x00000008   Code   RO         5549  * !!!main             c_w.l(__main.o)
    0x08000138   0x00000034   Code   RO         5882    !!!scatter          c_w.l(__scatter.o)
    0x0800016c   0x0000005a   Code   RO         5880    !!dczerorl2         c_w.l(__dczerorl2.o)
    0x080001c6   0x00000002   PAD
    0x080001c8   0x0000001c   Code   RO         5884    !!handler_zi        c_w.l(__scatter_zi.o)
    0x080001e4   0x00000002   Code   RO         5750    .ARM.Collect$$libinit$$00000000  c_w.l(libinit.o)
    0x080001e6   0x00000000   Code   RO         5762    .ARM.Collect$$libinit$$00000002  c_w.l(libinit2.o)
    0x080001e6   0x00000000   Code   RO         5764    .ARM.Collect$$libinit$$00000004  c_w.l(libinit2.o)
    0x080001e6   0x00000000   Code   RO         5767    .ARM.Collect$$libinit$$0000000A  c_w.l(libinit2.o)
    0x080001e6   0x00000000   Code   RO         5769    .ARM.Collect$$libinit$$0000000C  c_w.l(libinit2.o)
    0x080001e6   0x00000000   Code   RO         5771    .ARM.Collect$$libinit$$0000000E  c_w.l(libinit2.o)
    0x080001e6   0x00000000   Code   RO         5774    .ARM.Collect$$libinit$$00000011  c_w.l(libinit2.o)
    0x080001e6   0x00000000   Code   RO         5776    .ARM.Collect$$libinit$$00000013  c_w.l(libinit2.o)
    0x080001e6   0x00000000   Code   RO         5778    .ARM.Collect$$libinit$$00000015  c_w.l(libinit2.o)
    0x080001e6   0x00000000   Code   RO         5780    .ARM.Collect$$libinit$$00000017  c_w.l(libinit2.o)
    0x080001e6   0x00000000   Code   RO         5782    .ARM.Collect$$libinit$$00000019  c_w.l(libinit2.o)
    0x080001e6   0x00000000   Code   RO         5784    .ARM.Collect$$libinit$$0000001B  c_w.l(libinit2.o)
    0x080001e6   0x00000000   Code   RO         5786    .ARM.Collect$$libinit$$0000001D  c_w.l(libinit2.o)
    0x080001e6   0x00000000   Code   RO         5788    .ARM.Collect$$libinit$$0000001F  c_w.l(libinit2.o)
    0x080001e6   0x00000000   Code   RO         5790    .ARM.Collect$$libinit$$00000021  c_w.l(libinit2.o)
    0x080001e6   0x00000000   Code   RO         5792    .ARM.Collect$$libinit$$00000023  c_w.l(libinit2.o)
    0x080001e6   0x00000000   Code   RO         5794    .ARM.Collect$$libinit$$00000025  c_w.l(libinit2.o)
    0x080001e6   0x00000000   Code   RO         5798    .ARM.Collect$$libinit$$0000002C  c_w.l(libinit2.o)
    0x080001e6   0x00000000   Code   RO         5800    .ARM.Collect$$libinit$$0000002E  c_w.l(libinit2.o)
    0x080001e6   0x00000000   Code   RO         5802    .ARM.Collect$$libinit$$00000030  c_w.l(libinit2.o)
    0x080001e6   0x00000000   Code   RO         5804    .ARM.Collect$$libinit$$00000032  c_w.l(libinit2.o)
    0x080001e6   0x00000002   Code   RO         5805    .ARM.Collect$$libinit$$00000033  c_w.l(libinit2.o)
    0x080001e8   0x00000002   Code   RO         5838    .ARM.Collect$$libshutdown$$00000000  c_w.l(libshutdown.o)
    0x080001ea   0x00000000   Code   RO         5865    .ARM.Collect$$libshutdown$$00000003  c_w.l(libshutdown2.o)
    0x080001ea   0x00000000   Code   RO         5868    .ARM.Collect$$libshutdown$$00000006  c_w.l(libshutdown2.o)
    0x080001ea   0x00000000   Code   RO         5871    .ARM.Collect$$libshutdown$$00000009  c_w.l(libshutdown2.o)
    0x080001ea   0x00000000   Code   RO         5873    .ARM.Collect$$libshutdown$$0000000B  c_w.l(libshutdown2.o)
    0x080001ea   0x00000000   Code   RO         5876    .ARM.Collect$$libshutdown$$0000000E  c_w.l(libshutdown2.o)
    0x080001ea   0x00000002   Code   RO         5877    .ARM.Collect$$libshutdown$$0000000F  c_w.l(libshutdown2.o)
    0x080001ec   0x00000000   Code   RO         5653    .ARM.Collect$$rtentry$$00000000  c_w.l(__rtentry.o)
    0x080001ec   0x00000000   Code   RO         5711    .ARM.Collect$$rtentry$$00000002  c_w.l(__rtentry2.o)
    0x080001ec   0x00000006   Code   RO         5723    .ARM.Collect$$rtentry$$00000004  c_w.l(__rtentry4.o)
    0x080001f2   0x00000000   Code   RO         5713    .ARM.Collect$$rtentry$$00000009  c_w.l(__rtentry2.o)
    0x080001f2   0x00000004   Code   RO         5714    .ARM.Collect$$rtentry$$0000000A  c_w.l(__rtentry2.o)
    0x080001f6   0x00000000   Code   RO         5716    .ARM.Collect$$rtentry$$0000000C  c_w.l(__rtentry2.o)
    0x080001f6   0x00000008   Code   RO         5717    .ARM.Collect$$rtentry$$0000000D  c_w.l(__rtentry2.o)
    0x080001fe   0x00000002   Code   RO         5753    .ARM.Collect$$rtexit$$00000000  c_w.l(rtexit.o)
    0x08000200   0x00000000   Code   RO         5811    .ARM.Collect$$rtexit$$00000002  c_w.l(rtexit2.o)
    0x08000200   0x00000004   Code   RO         5812    .ARM.Collect$$rtexit$$00000003  c_w.l(rtexit2.o)
    0x08000204   0x00000006   Code   RO         5813    .ARM.Collect$$rtexit$$00000004  c_w.l(rtexit2.o)
    0x0800020a   0x00000002   PAD
    0x0800020c   0x00000040   Code   RO          139    .text               startup_stm32f10x_hd.o
    0x0800024c   0x000000ee   Code   RO         5543    .text               c_w.l(lludivv7m.o)
    0x0800033a   0x00000064   Code   RO         5545    .text               c_w.l(rt_memcpy_w.o)
    0x0800039e   0x00000006   Code   RO         5547    .text               c_w.l(heapauxi.o)
    0x080003a4   0x00000016   Code   RO         5658    .text               c_w.l(_rserrno.o)
    0x080003ba   0x00000002   PAD
    0x080003bc   0x00000008   Code   RO         5730    .text               c_w.l(rt_errno_addr_intlibspace.o)
    0x080003c4   0x00000008   Code   RO         5734    .text               c_w.l(libspace.o)
    0x080003cc   0x0000004a   Code   RO         5737    .text               c_w.l(sys_stackheap_outer.o)
    0x08000416   0x0000000c   Code   RO         5739    .text               c_w.l(exit.o)
    0x08000422   0x00000002   PAD
    0x08000424   0x0000000c   Code   RO         5808    .text               c_w.l(sys_exit.o)
    0x08000430   0x00000002   Code   RO         5827    .text               c_w.l(use_no_semi.o)
    0x08000432   0x00000000   Code   RO         5829    .text               c_w.l(indicate_semi.o)
    0x08000432   0x00000006   Code   RO          147    i.ADC_ClearFlag     stm32f10x_adc.o
    0x08000438   0x00000016   Code   RO          149    i.ADC_Cmd           stm32f10x_adc.o
    0x0800044e   0x00000014   Code   RO          157    i.ADC_GetCalibrationStatus  stm32f10x_adc.o
    0x08000462   0x00000008   Code   RO          158    i.ADC_GetConversionValue  stm32f10x_adc.o
    0x0800046a   0x00000012   Code   RO          160    i.ADC_GetFlagStatus  stm32f10x_adc.o
    0x0800047c   0x00000014   Code   RO          163    i.ADC_GetResetCalibrationStatus  stm32f10x_adc.o
    0x08000490   0x00000050   Code   RO          167    i.ADC_Init          stm32f10x_adc.o
    0x080004e0   0x000000b8   Code   RO          171    i.ADC_RegularChannelConfig  stm32f10x_adc.o
    0x08000598   0x0000000a   Code   RO          172    i.ADC_ResetCalibration  stm32f10x_adc.o
    0x080005a2   0x00000016   Code   RO          174    i.ADC_SoftwareStartConvCmd  stm32f10x_adc.o
    0x080005b8   0x0000000a   Code   RO          176    i.ADC_StartCalibration  stm32f10x_adc.o
    0x080005c2   0x00000002   PAD
    0x080005c4   0x00000028   Code   RO          730    i.DAC_Cmd           stm32f10x_dac.o
    0x080005ec   0x0000002c   Code   RO          731    i.DAC_DMACmd        stm32f10x_dac.o
    0x08000618   0x00000002   Code   RO         3108    i.DMA1_Channel1_IRQHandler  cead.o
    0x0800061a   0x00000002   PAD
    0x0800061c   0x0000002c   Code   RO         3903    i.DMA1_Channel2_IRQHandler  ceuart.o
    0x08000648   0x00000030   Code   RO         3904    i.DMA1_Channel4_IRQHandler  ceuart.o
    0x08000678   0x00000030   Code   RO         3905    i.DMA1_Channel7_IRQHandler  ceuart.o
    0x080006a8   0x00000070   Code   RO         3224    i.DMA2_Channel3_IRQHandler  ceda.o
    0x08000718   0x0000006c   Code   RO         3225    i.DMA2_Channel4_5_IRQHandler  ceda.o
    0x08000784   0x0000001c   Code   RO          832    i.DMA_ClearFlag     stm32f10x_dma.o
    0x080007a0   0x00000018   Code   RO          834    i.DMA_Cmd           stm32f10x_dma.o
    0x080007b8   0x0000014c   Code   RO          835    i.DMA_DeInit        stm32f10x_dma.o
    0x08000904   0x00000008   Code   RO          836    i.DMA_GetCurrDataCounter  stm32f10x_dma.o
    0x0800090c   0x0000002c   Code   RO          838    i.DMA_GetITStatus   stm32f10x_dma.o
    0x08000938   0x00000012   Code   RO          839    i.DMA_ITConfig      stm32f10x_dma.o
    0x0800094a   0x0000003c   Code   RO          840    i.DMA_Init          stm32f10x_dma.o
    0x08000986   0x00000002   PAD
    0x08000988   0x0000002c   Code   RO         3441    i.EXTI0_IRQHandler  ceint.o
    0x080009b4   0x00000108   Code   RO         3442    i.EXTI15_10_IRQHandler  ceint.o
    0x08000abc   0x0000002c   Code   RO         3443    i.EXTI1_IRQHandler  ceint.o
    0x08000ae8   0x0000002c   Code   RO         3444    i.EXTI2_IRQHandler  ceint.o
    0x08000b14   0x0000002c   Code   RO         3445    i.EXTI3_IRQHandler  ceint.o
    0x08000b40   0x0000002c   Code   RO         3446    i.EXTI4_IRQHandler  ceint.o
    0x08000b6c   0x000000d0   Code   RO         3447    i.EXTI9_5_IRQHandler  ceint.o
    0x08000c3c   0x0000000c   Code   RO          904    i.EXTI_ClearFlag    stm32f10x_exti.o
    0x08000c48   0x00000010   Code   RO          907    i.EXTI_GenerateSWInterrupt  stm32f10x_exti.o
    0x08000c58   0x00000018   Code   RO          908    i.EXTI_GetFlagStatus  stm32f10x_exti.o
    0x08000c70   0x00000094   Code   RO          910    i.EXTI_Init         stm32f10x_exti.o
    0x08000d04   0x00000040   Code   RO         1255    i.GPIO_EXTILineConfig  stm32f10x_gpio.o
    0x08000d44   0x00000116   Code   RO         1258    i.GPIO_Init         stm32f10x_gpio.o
    0x08000e5a   0x00000002   PAD
    0x08000e5c   0x00000090   Code   RO         1260    i.GPIO_PinRemapConfig  stm32f10x_gpio.o
    0x08000eec   0x00000012   Code   RO         1262    i.GPIO_ReadInputDataBit  stm32f10x_gpio.o
    0x08000efe   0x00000004   Code   RO         1265    i.GPIO_ResetBits    stm32f10x_gpio.o
    0x08000f02   0x00000004   Code   RO         1266    i.GPIO_SetBits      stm32f10x_gpio.o
    0x08000f06   0x00000002   PAD
    0x08000f08   0x00000070   Code   RO           17    i.NVIC_Init         misc.o
    0x08000f78   0x00000014   Code   RO           18    i.NVIC_PriorityGroupConfig  misc.o
    0x08000f8c   0x00000014   Code   RO           19    i.NVIC_SetVectorTable  misc.o
    0x08000fa0   0x00000018   Code   RO         1672    i.RCC_ADCCLKConfig  stm32f10x_rcc.o
    0x08000fb8   0x00000020   Code   RO         1673    i.RCC_AHBPeriphClockCmd  stm32f10x_rcc.o
    0x08000fd8   0x00000020   Code   RO         1674    i.RCC_APB1PeriphClockCmd  stm32f10x_rcc.o
    0x08000ff8   0x00000020   Code   RO         1675    i.RCC_APB1PeriphResetCmd  stm32f10x_rcc.o
    0x08001018   0x00000020   Code   RO         1676    i.RCC_APB2PeriphClockCmd  stm32f10x_rcc.o
    0x08001038   0x00000020   Code   RO         1677    i.RCC_APB2PeriphResetCmd  stm32f10x_rcc.o
    0x08001058   0x000000d4   Code   RO         1684    i.RCC_GetClocksFreq  stm32f10x_rcc.o
    0x0800112c   0x00000018   Code   RO         2153    i.SPI_Cmd           stm32f10x_spi.o
    0x08001144   0x00000012   Code   RO         2161    i.SPI_I2S_GetFlagStatus  stm32f10x_spi.o
    0x08001156   0x00000006   Code   RO         2164    i.SPI_I2S_ReceiveData  stm32f10x_spi.o
    0x0800115c   0x00000004   Code   RO         2165    i.SPI_I2S_SendData  stm32f10x_spi.o
    0x08001160   0x0000003c   Code   RO         2166    i.SPI_Init          stm32f10x_spi.o
    0x0800119c   0x00000008   Code   RO         3074    i.SetSysClock       system_stm32f10x.o
    0x080011a4   0x000000e0   Code   RO         3075    i.SetSysClockTo72   system_stm32f10x.o
    0x08001284   0x00000060   Code   RO         3077    i.SystemInit        system_stm32f10x.o
    0x080012e4   0x00000038   Code   RO         3795    i.TIM1_UP_IRQHandler  cetimer.o
    0x0800131c   0x00000044   Code   RO         3156    i.TIM2_IRQHandler   ceccp.o
    0x08001360   0x00000038   Code   RO         3796    i.TIM3_IRQHandler   cetimer.o
    0x08001398   0x00000038   Code   RO         3797    i.TIM4_IRQHandler   cetimer.o
    0x080013d0   0x00000038   Code   RO         3798    i.TIM5_IRQHandler   cetimer.o
    0x08001408   0x00000038   Code   RO         3799    i.TIM6_IRQHandler   cetimer.o
    0x08001440   0x00000038   Code   RO         3800    i.TIM7_IRQHandler   cetimer.o
    0x08001478   0x00000038   Code   RO         3801    i.TIM8_UP_IRQHandler  cetimer.o
    0x080014b0   0x00000018   Code   RO         2296    i.TIM_ARRPreloadConfig  stm32f10x_tim.o
    0x080014c8   0x00000006   Code   RO         2302    i.TIM_ClearFlag     stm32f10x_tim.o
    0x080014ce   0x00000018   Code   RO         2308    i.TIM_Cmd           stm32f10x_tim.o
    0x080014e6   0x0000001e   Code   RO         2310    i.TIM_CtrlPWMOutputs  stm32f10x_tim.o
    0x08001504   0x000001e8   Code   RO         2313    i.TIM_DeInit        stm32f10x_tim.o
    0x080016ec   0x00000012   Code   RO         2328    i.TIM_GetFlagStatus  stm32f10x_tim.o
    0x080016fe   0x00000012   Code   RO         2333    i.TIM_ITConfig      stm32f10x_tim.o
    0x08001710   0x00000098   Code   RO         2337    i.TIM_OC1Init       stm32f10x_tim.o
    0x080017a8   0x00000012   Code   RO         2340    i.TIM_OC1PreloadConfig  stm32f10x_tim.o
    0x080017ba   0x00000002   PAD
    0x080017bc   0x000000a4   Code   RO         2342    i.TIM_OC2Init       stm32f10x_tim.o
    0x08001860   0x0000001a   Code   RO         2345    i.TIM_OC2PreloadConfig  stm32f10x_tim.o
    0x0800187a   0x00000002   PAD
    0x0800187c   0x000000a0   Code   RO         2347    i.TIM_OC3Init       stm32f10x_tim.o
    0x0800191c   0x00000012   Code   RO         2350    i.TIM_OC3PreloadConfig  stm32f10x_tim.o
    0x0800192e   0x00000002   PAD
    0x08001930   0x0000007c   Code   RO         2352    i.TIM_OC4Init       stm32f10x_tim.o
    0x080019ac   0x0000001a   Code   RO         2354    i.TIM_OC4PreloadConfig  stm32f10x_tim.o
    0x080019c6   0x00000004   Code   RO         2373    i.TIM_SetCounter    stm32f10x_tim.o
    0x080019ca   0x00000002   PAD
    0x080019cc   0x000000a4   Code   RO         2379    i.TIM_TimeBaseInit  stm32f10x_tim.o
    0x08001a70   0x000000a0   Code   RO         3906    i.UART4_IRQHandler  ceuart.o
    0x08001b10   0x000000a0   Code   RO         3907    i.UART5_IRQHandler  ceuart.o
    0x08001bb0   0x00000070   Code   RO         3908    i.USART1_IRQHandler  ceuart.o
    0x08001c20   0x00000070   Code   RO         3909    i.USART2_IRQHandler  ceuart.o
    0x08001c90   0x00000070   Code   RO         3910    i.USART3_IRQHandler  ceuart.o
    0x08001d00   0x00000018   Code   RO         2844    i.USART_Cmd         stm32f10x_usart.o
    0x08001d18   0x00000012   Code   RO         2845    i.USART_DMACmd      stm32f10x_usart.o
    0x08001d2a   0x0000001a   Code   RO         2847    i.USART_GetFlagStatus  stm32f10x_usart.o
    0x08001d44   0x00000054   Code   RO         2848    i.USART_GetITStatus  stm32f10x_usart.o
    0x08001d98   0x0000004a   Code   RO         2850    i.USART_ITConfig    stm32f10x_usart.o
    0x08001de2   0x00000002   PAD
    0x08001de4   0x000000d8   Code   RO         2851    i.USART_Init        stm32f10x_usart.o
    0x08001ebc   0x0000000a   Code   RO         2858    i.USART_ReceiveData  stm32f10x_usart.o
    0x08001ec6   0x00000008   Code   RO         2861    i.USART_SendData    stm32f10x_usart.o
    0x08001ece   0x00000028   Code   RO         5694    i.__ARM_fpclassify  m_ws.l(fpclassify.o)
    0x08001ef6   0x00000002   PAD
    0x08001ef8   0x00000388   Code   RO         5699    i.__ieee754_rem_pio2  m_ws.l(rred.o)
    0x08002280   0x000000fc   Code   RO         5677    i.__kernel_cos      m_ws.l(cos_i.o)
    0x0800237c   0x000000aa   Code   RO         5696    i.__kernel_poly     m_ws.l(poly.o)
    0x08002426   0x00000002   PAD
    0x08002428   0x000000ec   Code   RO         5704    i.__kernel_sin      m_ws.l(sin_i.o)
    0x08002514   0x00000006   Code   RO         5681    i.__mathlib_dbl_infnan  m_ws.l(dunder.o)
    0x0800251a   0x00000004   Code   RO         5682    i.__mathlib_dbl_infnan2  m_ws.l(dunder.o)
    0x0800251e   0x0000000c   Code   RO         5683    i.__mathlib_dbl_invalid  m_ws.l(dunder.o)
    0x0800252a   0x00000002   PAD
    0x0800252c   0x00000010   Code   RO         5686    i.__mathlib_dbl_underflow  m_ws.l(dunder.o)
    0x0800253c   0x00000270   Code   RO         5610    i.asin              m_ws.l(asin.o)
    0x080027ac   0x00000220   Code   RO         5620    i.atan              m_ws.l(atan.o)
    0x080029cc   0x00000180   Code   RO         5630    i.atan2             m_ws.l(atan2.o)
    0x08002b4c   0x00000080   Code   RO         4334    i.cTicker_stop      ceticker.o
    0x08002bcc   0x00000018   Code   RO         4111    i.ceAbs             ceextra.o
    0x08002be4   0x00000070   Code   RO         3109    i.ceAd_getConvertValue  cead.o
    0x08002c54   0x00000130   Code   RO         3110    i.ceAd_initial      cead.o
    0x08002d84   0x00000066   Code   RO         4112    i.ceAtoi            ceextra.o
    0x08002dea   0x00000002   PAD
    0x08002dec   0x00000024   Code   RO         4383    i.ceBeepNSrc_initial  cebeepnsrc.o
    0x08002e10   0x00000006   Code   RO         4384    i.ceBeepNSrc_initialByPwm  cebeepnsrc.o
    0x08002e16   0x00000002   PAD
    0x08002e18   0x00000068   Code   RO         4385    i.ceBeepNSrc_say    cebeepnsrc.o
    0x08002e80   0x0000000e   Code   RO         4413    i.ceBtnx1_callBackInt  cebtnx1.o
    0x08002e8e   0x00000002   PAD
    0x08002e90   0x00000044   Code   RO         4414    i.ceBtnx1_callBackTick  cebtnx1.o
    0x08002ed4   0x00000040   Code   RO         4415    i.ceBtnx1_getStatus  cebtnx1.o
    0x08002f14   0x00000068   Code   RO         4416    i.ceBtnx1_initialByGpio  cebtnx1.o
    0x08002f7c   0x0000003c   Code   RO         4417    i.ceBtnx1_initialByInt  cebtnx1.o
    0x08002fb8   0x0000008c   Code   RO         4418    i.ceBtnx1_waitForPressDown  cebtnx1.o
    0x08003044   0x0000008c   Code   RO         4419    i.ceBtnx1_waitForPressUp  cebtnx1.o
    0x080030d0   0x000000a0   Code   RO         3533    i.ceCalPwmPrescalerAndPeriod  cepwm.o
    0x08003170   0x000000a0   Code   RO         3802    i.ceCalTimerPrescalerAndPeriod  cetimer.o
    0x08003210   0x00000020   Code   RO         3111    i.ceCheckCeAd       cead.o
    0x08003230   0x0000002c   Code   RO         3301    i.ceCheckCeGpio     cegpio.o
    0x0800325c   0x00000020   Code   RO         3350    i.ceCheckCeI2cMaster  cei2c.o
    0x0800327c   0x00000028   Code   RO         3448    i.ceCheckCeInt      ceint.o
    0x080032a4   0x00000048   Code   RO         3534    i.ceCheckCePwm      cepwm.o
    0x080032ec   0x00000014   Code   RO         4261    i.ceCheckCeTask     cetask.o
    0x08003300   0x0000001c   Code   RO         4335    i.ceCheckCeTicker   ceticker.o
    0x0800331c   0x00000030   Code   RO         3803    i.ceCheckCeTimer    cetimer.o
    0x0800334c   0x0000001c   Code   RO         3911    i.ceCheckCeUart     ceuart.o
    0x08003368   0x00000020   Code   RO         3594    i.ceCheckSpiMaster  cespi.o
    0x08003388   0x00000028   Code   RO         4013    i.ceDebug_getRecvData  cedebug.o
    0x080033b0   0x00000020   Code   RO         4014    i.ceDebug_getRecvDataCount  cedebug.o
    0x080033d0   0x00000064   Code   RO         4015    i.ceDebug_initial   cedebug.o
    0x08003434   0x000001d4   Code   RO         4016    i.ceDebug_printf    cedebug.o
    0x08003608   0x0000002c   Code   RO         4017    i.ceDebug_printfBin  cedebug.o
    0x08003634   0x0000005c   Code   RO         4018    i.ceDebug_printfChar  cedebug.o
    0x08003690   0x00000084   Code   RO         4019    i.ceDebug_printfFp64  cedebug.o
    0x08003714   0x00000090   Code   RO         4020    i.ceDebug_printfHex  cedebug.o
    0x080037a4   0x00000084   Code   RO         4021    i.ceDebug_printfInt32  cedebug.o
    0x08003828   0x0000001e   Code   RO         4022    i.ceDebug_printfStr  cedebug.o
    0x08003846   0x00000072   Code   RO         4023    i.ceDebug_printfUint32  cedebug.o
    0x080038b8   0x000001a4   Code   RO         4024    i.ceDebug_registerAppendString  cedebug.o
    0x08003a5c   0x000001b8   Code   RO         4025    i.ceDebug_sprintf   cedebug.o
    0x08003c14   0x0000000c   Code   RO         4026    i.ceDebug_unRegisterAppendString  cedebug.o
    0x08003c20   0x0000001c   Code   RO         4113    i.ceDoubleFifo_clear  ceextra.o
    0x08003c3c   0x0000001c   Code   RO         4114    i.ceDoubleFifo_getCanReadSize  ceextra.o
    0x08003c58   0x0000001c   Code   RO         4115    i.ceDoubleFifo_getCanWriteSize  ceextra.o
    0x08003c74   0x0000001c   Code   RO         4116    i.ceDoubleFifo_initial  ceextra.o
    0x08003c90   0x0000001c   Code   RO         4117    i.ceDoubleFifo_isEmpty  ceextra.o
    0x08003cac   0x00000024   Code   RO         4118    i.ceDoubleFifo_read  ceextra.o
    0x08003cd0   0x00000060   Code   RO         4119    i.ceDoubleFifo_updata  ceextra.o
    0x08003d30   0x00000038   Code   RO         4120    i.ceDoubleFifo_write  ceextra.o
    0x08003d68   0x000000c0   Code   RO         4545    i.ceESP8266_atCIpSend  ceesp8266.o
    0x08003e28   0x00000100   Code   RO         4547    i.ceESP8266_checkCanConnectSsidIsExist  ceesp8266.o
    0x08003f28   0x000000b8   Code   RO         4548    i.ceESP8266_connectServer  ceesp8266.o
    0x08003fe0   0x000000e8   Code   RO         4549    i.ceESP8266_connectWifi  ceesp8266.o
    0x080040c8   0x00000016   Code   RO         4550    i.ceESP8266_cpData  ceesp8266.o
    0x080040de   0x00000002   PAD
    0x080040e0   0x000000e0   Code   RO         4551    i.ceESP8266_createServer  ceesp8266.o
    0x080041c0   0x000000ec   Code   RO         4552    i.ceESP8266_createWifi  ceesp8266.o
    0x080042ac   0x0000004c   Code   RO         4553    i.ceESP8266_getCanConnectWifiCount  ceesp8266.o
    0x080042f8   0x000002dc   Code   RO         4554    i.ceESP8266_getCanConnectWifiList  ceesp8266.o
    0x080045d4   0x0000004c   Code   RO         4555    i.ceESP8266_getConnectedDeviceCount  ceesp8266.o
    0x08004620   0x000001cc   Code   RO         4556    i.ceESP8266_getConnectedDeviceList  ceesp8266.o
    0x080047ec   0x00000040   Code   RO         4557    i.ceESP8266_getLinkCount  ceesp8266.o
    0x0800482c   0x00000380   Code   RO         4558    i.ceESP8266_getLinkList  ceesp8266.o
    0x08004bac   0x0000008c   Code   RO         4559    i.ceESP8266_initial  ceesp8266.o
    0x08004c38   0x000000ac   Code   RO         4560    i.ceESP8266_readStringByEndChar  ceesp8266.o
    0x08004ce4   0x000000f8   Code   RO         4561    i.ceESP8266_sendData  ceesp8266.o
    0x08004ddc   0x00000108   Code   RO         4562    i.ceESP8266_sendDataAndCheck  ceesp8266.o
    0x08004ee4   0x00000050   Code   RO         4563    i.ceESP8266_sendUartData  ceesp8266.o
    0x08004f34   0x00000078   Code   RO         4564    i.ceESP8266_setStaIp  ceesp8266.o
    0x08004fac   0x0000018c   Code   RO         4565    i.ceESP8266_setWorkMode  ceesp8266.o
    0x08005138   0x0000006c   Code   RO         4566    i.ceESP8266_startUTSendOnClient  ceesp8266.o
    0x080051a4   0x00000040   Code   RO         4567    i.ceESP8266_stopUTSendOnClient  ceesp8266.o
    0x080051e4   0x0000017c   Code   RO         4568    i.ceESP8266_taskCallBack  ceesp8266.o
    0x08005360   0x00000040   Code   RO         4121    i.ceFifo_clear      ceextra.o
    0x080053a0   0x00000028   Code   RO         4122    i.ceFifo_getCanReadSize  ceextra.o
    0x080053c8   0x00000038   Code   RO         4123    i.ceFifo_getCanWriteSize  ceextra.o
    0x08005400   0x00000006   Code   RO         4125    i.ceFifo_getWriteLockStatus  ceextra.o
    0x08005406   0x00000010   Code   RO         4126    i.ceFifo_initial    ceextra.o
    0x08005416   0x00000022   Code   RO         4127    i.ceFifo_isEmpty    ceextra.o
    0x08005438   0x00000094   Code   RO         4128    i.ceFifo_read       ceextra.o
    0x080054cc   0x0000007c   Code   RO         4129    i.ceFifo_write      ceextra.o
    0x08005548   0x000000ec   Code   RO         5081    i.ceFilterBase_filter  cefilter.o
    0x08005634   0x00000064   Code   RO         5082    i.ceFilterBase_initial  cefilter.o
    0x08005698   0x000000a0   Code   RO         5083    i.ceFilterErjie_filter  cefilter.o
    0x08005738   0x00000014   Code   RO         5084    i.ceFilterErjie_initial  cefilter.o
    0x0800574c   0x0000058c   Code   RO         5085    i.ceFilterIMU_filter  cefilter.o
    0x08005cd8   0x00000020   Code   RO         5086    i.ceFilterIMU_initial  cefilter.o
    0x08005cf8   0x00000168   Code   RO         5087    i.ceFilterKalman_filter  cefilter.o
    0x08005e60   0x00000058   Code   RO         5088    i.ceFilterKalman_initial  cefilter.o
    0x08005eb8   0x0000005e   Code   RO         5089    i.ceFilterSlider_filter  cefilter.o
    0x08005f16   0x00000018   Code   RO         5090    i.ceFilterSlider_initial  cefilter.o
    0x08005f2e   0x00000002   PAD
    0x08005f30   0x00000010   Code   RO         5091    i.ceFilterYijie_Yinitial  cefilter.o
    0x08005f40   0x0000004a   Code   RO         5092    i.ceFilterYijie_filter  cefilter.o
    0x08005f8a   0x00000002   PAD
    0x08005f8c   0x000000b4   Code   RO         5093    i.ceFilter_checkFilterType  cefilter.o
    0x08006040   0x0000031c   Code   RO         5094    i.ceFilter_filter   cefilter.o
    0x0800635c   0x00000124   Code   RO         5095    i.ceFilter_initial  cefilter.o
    0x08006480   0x0000000e   Code   RO         3302    i.ceGpio_getBit     cegpio.o
    0x0800648e   0x00000002   PAD
    0x08006490   0x0000008c   Code   RO         3303    i.ceGpio_initial    cegpio.o
    0x0800651c   0x00000008   Code   RO         3304    i.ceGpio_resetBit   cegpio.o
    0x08006524   0x00000008   Code   RO         3305    i.ceGpio_setBit     cegpio.o
    0x0800652c   0x00000070   Code   RO         3306    i.ceGpio_setMode    cegpio.o
    0x0800659c   0x0000003c   Code   RO         3352    i.ceI2cMasterAck    cei2c.o
    0x080065d8   0x0000003c   Code   RO         3353    i.ceI2cMasterNAck   cei2c.o
    0x08006614   0x00000128   Code   RO         3354    i.ceI2cMaster_initial  cei2c.o
    0x0800673c   0x00000034   Code   RO         3355    i.ceI2cMaster_lockBus  cei2c.o
    0x08006770   0x000000d0   Code   RO         3356    i.ceI2cMaster_recvByte  cei2c.o
    0x08006840   0x000000b0   Code   RO         3357    i.ceI2cMaster_sendByte  cei2c.o
    0x080068f0   0x00000088   Code   RO         3358    i.ceI2cMaster_start  cei2c.o
    0x08006978   0x00000088   Code   RO         3359    i.ceI2cMaster_stop  cei2c.o
    0x08006a00   0x00000008   Code   RO         3360    i.ceI2cMaster_unlockBus  cei2c.o
    0x08006a08   0x000000b0   Code   RO         3361    i.ceI2cMaster_waitAck  cei2c.o
    0x08006ab8   0x0000005c   Code   RO         3449    i.ceInt_getBit      ceint.o
    0x08006b14   0x00000184   Code   RO         3450    i.ceInt_initial     ceint.o
    0x08006c98   0x0000007c   Code   RO         3451    i.ceInt_setMode     ceint.o
    0x08006d14   0x00000068   Code   RO         3452    i.ceInt_start       ceint.o
    0x08006d7c   0x000000e0   Code   RO         3453    i.ceInt_stop        ceint.o
    0x08006e5c   0x000000ac   Code   RO         4130    i.ceItoa            ceextra.o
    0x08006f08   0x000000c4   Code   RO         4467    i.ceLed1C_TickCallBack  celed1c.o
    0x08006fcc   0x00000048   Code   RO         4468    i.ceLed1C_initialByGpio  celed1c.o
    0x08007014   0x00000058   Code   RO         4469    i.ceLed1C_initialByPwm  celed1c.o
    0x0800706c   0x00000084   Code   RO         4470    i.ceLed1C_setBreath  celed1c.o
    0x080070f0   0x00000028   Code   RO         4471    i.ceLed1C_setFlash  celed1c.o
    0x08007118   0x0000004c   Code   RO         4472    i.ceLed1C_setOff    celed1c.o
    0x08007164   0x0000004c   Code   RO         4473    i.ceLed1C_setOn     celed1c.o
    0x080071b0   0x00000054   Code   RO         5217    i.ceMDCtl_initial   cemdctl.o
    0x08007204   0x0000004c   Code   RO         5218    i.ceMDCtl_setDriverPower  cemdctl.o
    0x08007250   0x00000034   Code   RO         4838    i.ceMD_initial      cemd.o
    0x08007284   0x0000003c   Code   RO         4839    i.ceMD_setDriverPower  cemd.o
    0x080072c0   0x00000074   Code   RO         4702    i.ceMPU6050_I2C_ReadOneByte  cempu6050.o
    0x08007334   0x0000005c   Code   RO         4703    i.ceMPU6050_I2C_WriteOneByte  cempu6050.o
    0x08007390   0x000000d0   Code   RO         4704    i.ceMPU6050_getAcceleration  cempu6050.o
    0x08007460   0x00000110   Code   RO         4705    i.ceMPU6050_getGyroscope  cempu6050.o
    0x08007570   0x00000210   Code   RO         4706    i.ceMPU6050_initial  cempu6050.o
    0x08007780   0x0000005c   Code   RO         4748    i.ceNRF24L01P_check  cenrf24l01p.o
    0x080077dc   0x0000009c   Code   RO         4749    i.ceNRF24L01P_initial  cenrf24l01p.o
    0x08007878   0x00000036   Code   RO         4750    i.ceNRF24L01P_intCallBack  cenrf24l01p.o
    0x080078ae   0x00000002   PAD
    0x080078b0   0x0000004c   Code   RO         4751    i.ceNRF24L01P_readBuf  cenrf24l01p.o
    0x080078fc   0x00000034   Code   RO         4752    i.ceNRF24L01P_readReg  cenrf24l01p.o
    0x08007930   0x00000032   Code   RO         4753    i.ceNRF24L01P_recv  cenrf24l01p.o
    0x08007962   0x00000038   Code   RO         4754    i.ceNRF24L01P_rxPacket  cenrf24l01p.o
    0x0800799a   0x00000032   Code   RO         4755    i.ceNRF24L01P_send  cenrf24l01p.o
    0x080079cc   0x000000bc   Code   RO         4756    i.ceNRF24L01P_setRecvMode  cenrf24l01p.o
    0x08007a88   0x000000a0   Code   RO         4757    i.ceNRF24L01P_setSendMode  cenrf24l01p.o
    0x08007b28   0x000000c4   Code   RO         4758    i.ceNRF24L01P_txPacket  cenrf24l01p.o
    0x08007bec   0x0000004c   Code   RO         4759    i.ceNRF24L01P_writeBuf  cenrf24l01p.o
    0x08007c38   0x0000003c   Code   RO         4760    i.ceNRF24L01P_writeReg  cenrf24l01p.o
    0x08007c74   0x00000044   Code   RO         4521    i.cePC33V_getVoltage  cepc33v.o
    0x08007cb8   0x00000018   Code   RO         4522    i.cePC33V_initial   cepc33v.o
    0x08007cd0   0x0000008c   Code   RO         4949    i.cePID_calculate   cepid.o
    0x08007d5c   0x00000110   Code   RO         4950    i.cePID_calculateAccelerator  cepid.o
    0x08007e6c   0x00000134   Code   RO         4951    i.cePID_calculateAltitude  cepid.o
    0x08007fa0   0x00000180   Code   RO         4952    i.cePID_calculateDriverPower  cepid.o
    0x08008120   0x00000140   Code   RO         4954    i.cePID_calculatePitch  cepid.o
    0x08008260   0x00000150   Code   RO         4955    i.cePID_calculateRoll  cepid.o
    0x080083b0   0x000000c0   Code   RO         4956    i.cePID_calculateYaw  cepid.o
    0x08008470   0x000000b4   Code   RO         4957    i.cePID_initial     cepid.o
    0x08008524   0x00000030   Code   RO         4958    i.cePID_resetErrByAccelerator  cepid.o
    0x08008554   0x00000104   Code   RO         5050    i.cePackage_dealRecv  cepackage.o
    0x08008658   0x000000c8   Code   RO         5051    i.cePackage_dealSend  cepackage.o
    0x08008720   0x00000044   Code   RO         5052    i.cePackage_initial  cepackage.o
    0x08008764   0x000000f4   Code   RO         5432    i.ceParCtl_afterFilterHook  ceparctl.o
    0x08008858   0x00000044   Code   RO         5433    i.ceParCtl_afterPIDHook  ceparctl.o
    0x0800889c   0x000001f0   Code   RO         5434    i.ceParCtl_beforeFilterHook  ceparctl.o
    0x08008a8c   0x000001e4   Code   RO         5435    i.ceParCtl_beforePIDHook  ceparctl.o
    0x08008c70   0x00000068   Code   RO         5436    i.ceParCtl_initial  ceparctl.o
    0x08008cd8   0x00000020   Code   RO         5437    i.ceParCtl_recvDataCallBack  ceparctl.o
    0x08008cf8   0x00000002   Code   RO         5438    i.ceParCtl_recvDataHook  ceparctl.o
    0x08008cfa   0x00000002   PAD
    0x08008cfc   0x00000094   Code   RO         5439    i.ceParCtl_sendDataHook  ceparctl.o
    0x08008d90   0x000001d4   Code   RO         3535    i.cePwm_initial     cepwm.o
    0x08008f64   0x00000074   Code   RO         3536    i.cePwm_resetBit    cepwm.o
    0x08008fd8   0x00000074   Code   RO         3537    i.cePwm_setBit      cepwm.o
    0x0800904c   0x000000b4   Code   RO         3538    i.cePwm_start       cepwm.o
    0x08009100   0x000000a0   Code   RO         3539    i.cePwm_stop        cepwm.o
    0x080091a0   0x00000124   Code   RO         3540    i.cePwm_updata      cepwm.o
    0x080092c4   0x0000002c   Code   RO         4886    i.ceSensor_getAcc   cesensor.o
    0x080092f0   0x00000006   Code   RO         4887    i.ceSensor_getAlt   cesensor.o
    0x080092f6   0x00000006   Code   RO         4888    i.ceSensor_getGps   cesensor.o
    0x080092fc   0x0000002c   Code   RO         4889    i.ceSensor_getGyr   cesensor.o
    0x08009328   0x00000006   Code   RO         4890    i.ceSensor_getMag   cesensor.o
    0x0800932e   0x00000006   Code   RO         4891    i.ceSensor_getTem   cesensor.o
    0x08009334   0x0000001c   Code   RO         4892    i.ceSensor_initial  cesensor.o
    0x08009350   0x0000002e   Code   RO         3362    i.ceSetI2cMasterSDAMode  cei2c.o
    0x0800937e   0x00000002   PAD
    0x08009380   0x000000a0   Code   RO         3595    i.ceSpiMasterByte_writeRead  cespi.o
    0x08009420   0x000002a4   Code   RO         3596    i.ceSpiMaster_initial  cespi.o
    0x080096c4   0x00000034   Code   RO         3597    i.ceSpiMaster_lockBus  cespi.o
    0x080096f8   0x0000005c   Code   RO         3598    i.ceSpiMaster_resetNSSBit  cespi.o
    0x08009754   0x0000005c   Code   RO         3599    i.ceSpiMaster_setNSSBit  cespi.o
    0x080097b0   0x0000005c   Code   RO         3600    i.ceSpiMaster_start  cespi.o
    0x0800980c   0x0000005c   Code   RO         3601    i.ceSpiMaster_stop  cespi.o
    0x08009868   0x00000008   Code   RO         3602    i.ceSpiMaster_unlockBus  cespi.o
    0x08009870   0x000003c0   Code   RO         5397    i.ceStatus_getHopeStatus  cestatus.o
    0x08009c30   0x00000048   Code   RO         5398    i.ceStatus_getNowStatus  cestatus.o
    0x08009c78   0x0000001c   Code   RO         5399    i.ceStatus_initial  cestatus.o
    0x08009c94   0x00000038   Code   RO         4131    i.ceStrcmp          ceextra.o
    0x08009ccc   0x00000020   Code   RO         4132    i.ceStrcpy          ceextra.o
    0x08009cec   0x00000010   Code   RO         4133    i.ceStrlen          ceextra.o
    0x08009cfc   0x000002e0   Code   RO         5300    i.ceSysCtl_callBack  cesysctl.o
    0x08009fdc   0x00000018   Code   RO         5301    i.ceSysCtl_checkConnectStatus  cesysctl.o
    0x08009ff4   0x00000014   Code   RO         5302    i.ceSysCtl_getBatVol  cesysctl.o
    0x0800a008   0x00000028   Code   RO         5303    i.ceSysCtl_getBtnSta  cesysctl.o
    0x0800a030   0x0000000c   Code   RO         5304    i.ceSysCtl_getMode  cesysctl.o
    0x0800a03c   0x00000050   Code   RO         5305    i.ceSysCtl_getSysRunCycle  cesysctl.o
    0x0800a08c   0x000000e4   Code   RO         5306    i.ceSysCtl_initial  cesysctl.o
    0x0800a170   0x00000080   Code   RO         5307    i.ceSysCtl_set4Led  cesysctl.o
    0x0800a1f0   0x00000024   Code   RO         5308    i.ceSysCtl_setAlarm  cesysctl.o
    0x0800a214   0x00000058   Code   RO         5309    i.ceSysCtl_setMode  cesysctl.o
    0x0800a26c   0x00000018   Code   RO         3661    i.ceSystem_GolbalInterruptInitial  cesystem.o
    0x0800a284   0x00000020   Code   RO         3662    i.ceSystem_callBackTickTimer  cesystem.o
    0x0800a2a4   0x00000080   Code   RO         3663    i.ceSystem_delayMs  cesystem.o
    0x0800a324   0x00000014   Code   RO         3664    i.ceSystem_delayNs  cesystem.o
    0x0800a338   0x00000088   Code   RO         3665    i.ceSystem_delayUs  cesystem.o
    0x0800a3c0   0x0000005c   Code   RO         3666    i.ceSystem_getErrorMsg  cesystem.o
    0x0800a41c   0x00000014   Code   RO         3667    i.ceSystem_getSystemTickMs  cesystem.o
    0x0800a430   0x00000040   Code   RO         3668    i.ceSystem_getSystemTickUs  cesystem.o
    0x0800a470   0x0000000e   Code   RO         3669    i.ceSystem_initial  cesystem.o
    0x0800a47e   0x00000002   PAD
    0x0800a480   0x00000040   Code   RO         3670    i.ceSystem_initialTickTimer  cesystem.o
    0x0800a4c0   0x00000050   Code   RO         5242    i.ceTMCtl_checkConnectStatus  cetmctl.o
    0x0800a510   0x00000018   Code   RO         5243    i.ceTMCtl_getSendIntervalMs  cetmctl.o
    0x0800a528   0x000000f0   Code   RO         5244    i.ceTMCtl_initial   cetmctl.o
    0x0800a618   0x00000024   Code   RO         5245    i.ceTMCtl_recvCallBack  cetmctl.o
    0x0800a63c   0x00000080   Code   RO         5246    i.ceTMCtl_sendData  cetmctl.o
    0x0800a6bc   0x00000014   Code   RO         4262    i.ceTask_getCriticalStatus  cetask.o
    0x0800a6d0   0x00000010   Code   RO         4263    i.ceTask_inCriticalSection  cetask.o
    0x0800a6e0   0x0000002c   Code   RO         4264    i.ceTask_mainTask   cetask.o
    0x0800a70c   0x00000018   Code   RO         4265    i.ceTask_outCriticalSection  cetask.o
    0x0800a724   0x00000088   Code   RO         4266    i.ceTask_register   cetask.o
    0x0800a7ac   0x00000030   Code   RO         4267    i.ceTask_start      cetask.o
    0x0800a7dc   0x00000030   Code   RO         4268    i.ceTask_stop       cetask.o
    0x0800a80c   0x00000002   Code   RO         4269    i.ceTask_taskSchedule  cetask.o
    0x0800a80e   0x00000002   PAD
    0x0800a810   0x0000004c   Code   RO         4270    i.ceTask_unRegister  cetask.o
    0x0800a85c   0x00000070   Code   RO         4336    i.ceTicker_callBySystem  ceticker.o
    0x0800a8cc   0x00000090   Code   RO         4337    i.ceTicker_register  ceticker.o
    0x0800a95c   0x00000084   Code   RO         4338    i.ceTicker_start    ceticker.o
    0x0800a9e0   0x0000009c   Code   RO         4339    i.ceTicker_unRegister  ceticker.o
    0x0800aa7c   0x0000000c   Code   RO         3804    i.ceTimer_getTimerMaxCnt  cetimer.o
    0x0800aa88   0x00000040   Code   RO         3805    i.ceTimer_getTimreNowCnt  cetimer.o
    0x0800aac8   0x0000013c   Code   RO         3806    i.ceTimer_initial   cetimer.o
    0x0800ac04   0x0000002c   Code   RO         3807    i.ceTimer_start     cetimer.o
    0x0800ac30   0x00000022   Code   RO         3808    i.ceTimer_stop      cetimer.o
    0x0800ac52   0x00000002   PAD
    0x0800ac54   0x000000b8   Code   RO         3809    i.ceTimer_upData    cetimer.o
    0x0800ad0c   0x00000014   Code   RO         3912    i.ceUart_clearRecvBuf  ceuart.o
    0x0800ad20   0x00000014   Code   RO         3913    i.ceUart_getRecvDataCount  ceuart.o
    0x0800ad34   0x00000448   Code   RO         3914    i.ceUart_initial    ceuart.o
    0x0800b17c   0x0000001c   Code   RO         3915    i.ceUart_readData   ceuart.o
    0x0800b198   0x000000e4   Code   RO         3916    i.ceUart_sendData   ceuart.o
    0x0800b27c   0x0000005c   Code   RO         3917    i.ceUart_start      ceuart.o
    0x0800b2d8   0x0000005c   Code   RO         3918    i.ceUart_stop       ceuart.o
    0x0800b334   0x0000007c   Code   RO         3671    i.ce_assert_failed  cesystem.o
    0x0800b3b0   0x000000cc   Code   RO         5189    i.main              main.o
    0x0800b47c   0x0000000c   Code   RO         5247    i.setRecvCallBack   cetmctl.o
    0x0800b488   0x000000a0   Code   RO         5638    i.sin               m_ws.l(sin.o)
    0x0800b528   0x0000004c   Code   RO         5646    i.sqrt              m_ws.l(sqrt.o)
    0x0800b574   0x00000062   Code   RO         5551    x$fpl$d2f           fz_ws.l(d2f.o)
    0x0800b5d6   0x00000002   PAD
    0x0800b5d8   0x00000150   Code   RO         5553    x$fpl$dadd          fz_ws.l(daddsub_clz.o)
    0x0800b728   0x00000010   Code   RO         5732    x$fpl$dcheck1       fz_ws.l(dcheck1.o)
    0x0800b738   0x00000018   Code   RO         5660    x$fpl$dcmpinf       fz_ws.l(dcmpi.o)
    0x0800b750   0x000002b0   Code   RO         5560    x$fpl$ddiv          fz_ws.l(ddiv.o)
    0x0800ba00   0x0000005e   Code   RO         5563    x$fpl$dfix          fz_ws.l(dfix.o)
    0x0800ba5e   0x0000002e   Code   RO         5568    x$fpl$dflt          fz_ws.l(dflt_clz.o)
    0x0800ba8c   0x00000026   Code   RO         5567    x$fpl$dfltu         fz_ws.l(dflt_clz.o)
    0x0800bab2   0x00000002   PAD
    0x0800bab4   0x00000078   Code   RO         5573    x$fpl$dleqf         fz_ws.l(dleqf.o)
    0x0800bb2c   0x00000154   Code   RO         5575    x$fpl$dmul          fz_ws.l(dmul.o)
    0x0800bc80   0x0000009c   Code   RO         5662    x$fpl$dnaninf       fz_ws.l(dnaninf.o)
    0x0800bd1c   0x0000000c   Code   RO         5664    x$fpl$dretinf       fz_ws.l(dretinf.o)
    0x0800bd28   0x00000016   Code   RO         5554    x$fpl$drsb          fz_ws.l(daddsub_clz.o)
    0x0800bd3e   0x00000002   PAD
    0x0800bd40   0x000001cc   Code   RO         5666    x$fpl$dsqrt         fz_ws.l(dsqrt_noumaal.o)
    0x0800bf0c   0x000001d4   Code   RO         5555    x$fpl$dsub          fz_ws.l(daddsub_clz.o)
    0x0800c0e0   0x00000056   Code   RO         5577    x$fpl$f2d           fz_ws.l(f2d.o)
    0x0800c136   0x00000002   PAD
    0x0800c138   0x000000c4   Code   RO         5579    x$fpl$fadd          fz_ws.l(faddsub_clz.o)
    0x0800c1fc   0x00000018   Code   RO         5668    x$fpl$fcmpinf       fz_ws.l(fcmpi.o)
    0x0800c214   0x00000184   Code   RO         5586    x$fpl$fdiv          fz_ws.l(fdiv.o)
    0x0800c398   0x00000068   Code   RO         5589    x$fpl$feqf          fz_ws.l(feqf.o)
    0x0800c400   0x00000036   Code   RO         5591    x$fpl$ffix          fz_ws.l(ffix.o)
    0x0800c436   0x00000002   PAD
    0x0800c438   0x00000030   Code   RO         5596    x$fpl$fflt          fz_ws.l(fflt_clz.o)
    0x0800c468   0x00000060   Code   RO         5601    x$fpl$ffltll        fz_ws.l(ffltll_clz.o)
    0x0800c4c8   0x00000026   Code   RO         5595    x$fpl$ffltu         fz_ws.l(fflt_clz.o)
    0x0800c4ee   0x00000002   PAD
    0x0800c4f0   0x00000068   Code   RO         5603    x$fpl$fleqf         fz_ws.l(fleqf.o)
    0x0800c558   0x00000102   Code   RO         5605    x$fpl$fmul          fz_ws.l(fmul.o)
    0x0800c65a   0x0000008c   Code   RO         5670    x$fpl$fnaninf       fz_ws.l(fnaninf.o)
    0x0800c6e6   0x0000000a   Code   RO         5672    x$fpl$fretinf       fz_ws.l(fretinf.o)
    0x0800c6f0   0x00000062   Code   RO         5607    x$fpl$frleqf        fz_ws.l(frleqf.o)
    0x0800c752   0x00000014   Code   RO         5580    x$fpl$frsb          fz_ws.l(faddsub_clz.o)
    0x0800c766   0x00000002   PAD
    0x0800c768   0x000000ea   Code   RO         5581    x$fpl$fsub          fz_ws.l(faddsub_clz.o)
    0x0800c852   0x00000064   Code   RO         5751    x$fpl$retnan        fz_ws.l(retnan.o)
    0x0800c8b6   0x0000005c   Code   RO         5674    x$fpl$scalbn        fz_ws.l(scalbn.o)
    0x0800c912   0x00000030   Code   RO         5806    x$fpl$trapveneer    fz_ws.l(trapv.o)
    0x0800c942   0x00000000   Code   RO         5676    x$fpl$usenofp       fz_ws.l(usenofp.o)
    0x0800c942   0x00000002   PAD
    0x0800c944   0x00000078   Data   RO         3112    .constdata          cead.o
    0x0800c9bc   0x00000014   Data   RO         3307    .constdata          cegpio.o
    0x0800c9d0   0x00000020   Data   RO         3363    .constdata          cei2c.o
    0x0800c9f0   0x00000084   Data   RO         3455    .constdata          ceint.o
    0x0800ca74   0x00000078   Data   RO         3541    .constdata          cepwm.o
    0x0800caec   0x00000020   Data   RO         3603    .constdata          cespi.o
    0x0800cb0c   0x0000012c   Data   RO         3673    .constdata          cesystem.o
    0x0800cc38   0x0000002c   Data   RO         3811    .constdata          cetimer.o
    0x0800cc64   0x00000028   Data   RO         3920    .constdata          ceuart.o
    0x0800cc8c   0x0000002c   Data   RO         4028    .constdata          cedebug.o
    0x0800ccb8   0x00000058   Data   RO         4134    .constdata          ceextra.o
    0x0800cd10   0x00000024   Data   RO         4271    .constdata          cetask.o
    0x0800cd34   0x00000014   Data   RO         4340    .constdata          ceticker.o
    0x0800cd48   0x0000000c   Data   RO         4386    .constdata          cebeepnsrc.o
    0x0800cd54   0x00000014   Data   RO         4420    .constdata          cebtnx1.o
    0x0800cd68   0x00000018   Data   RO         4474    .constdata          celed1c.o
    0x0800cd80   0x00000008   Data   RO         4523    .constdata          cepc33v.o
    0x0800cd88   0x00000044   Data   RO         4569    .constdata          ceesp8266.o
    0x0800cdcc   0x0000000c   Data   RO         4707    .constdata          cempu6050.o
    0x0800cdd8   0x0000000c   Data   RO         4761    .constdata          cenrf24l01p.o
    0x0800cde4   0x00000008   Data   RO         4840    .constdata          cemd.o
    0x0800cdec   0x0000001c   Data   RO         4894    .constdata          cesensor.o
    0x0800ce08   0x00000008   Data   RO         4960    .constdata          cepid.o
    0x0800ce10   0x0000000c   Data   RO         5054    .constdata          cepackage.o
    0x0800ce1c   0x00000030   Data   RO         5097    .constdata          cefilter.o
    0x0800ce4c   0x00000008   Data   RO         5220    .constdata          cemdctl.o
    0x0800ce54   0x00000014   Data   RO         5249    .constdata          cetmctl.o
    0x0800ce68   0x00000020   Data   RO         5311    .constdata          cesysctl.o
    0x0800ce88   0x0000000c   Data   RO         5400    .constdata          cestatus.o
    0x0800ce94   0x0000001c   Data   RO         5440    .constdata          ceparctl.o
    0x0800ceb0   0x00000050   Data   RO         5611    .constdata          m_ws.l(asin.o)
    0x0800cf00   0x00000098   Data   RO         5621    .constdata          m_ws.l(atan.o)
    0x0800cf98   0x00000030   Data   RO         5678    .constdata          m_ws.l(cos_i.o)
    0x0800cfc8   0x00000008   Data   RO         5698    .constdata          m_ws.l(qnan.o)
    0x0800cfd0   0x000000c8   Data   RO         5701    .constdata          m_ws.l(rred.o)
    0x0800d098   0x00000028   Data   RO         5705    .constdata          m_ws.l(sin_i.o)
    0x0800d0c0   0x00000061   Data   RO         4029    .conststring        cedebug.o
    0x0800d121   0x00000003   PAD
    0x0800d124   0x00000118   Data   RO         4570    .conststring        ceesp8266.o
    0x0800d23c   0x00000020   Data   RO         5878    Region$$Table       anon$$obj.o


    Execution Region RW_IRAM1 (Base: 0x20000000, Size: 0x00002930, Max: 0x00010000, ABSOLUTE, COMPRESSED[0x000000ac])

    Base Addr    Size         Type   Attr      Idx    E Section Name        Object

    0x20000000   0x00000014   Data   RW         1704    .data               stm32f10x_rcc.o
    0x20000014   0x00000020   Data   RW         3113    .data               cead.o
    0x20000034   0x00000004   Data   RW         3166    .data               ceccp.o
    0x20000038   0x00000008   Data   RW         3234    .data               ceda.o
    0x20000040   0x0000001c   Data   RW         3308    .data               cegpio.o
    0x2000005c   0x00000002   Data   RW         3364    .data               cei2c.o
    0x2000005e   0x00000002   PAD
    0x20000060   0x0000001c   Data   RW         3456    .data               ceint.o
    0x2000007c   0x00000070   Data   RW         3542    .data               cepwm.o
    0x200000ec   0x00000003   Data   RW         3604    .data               cespi.o
    0x200000ef   0x00000001   PAD
    0x200000f0   0x0000007c   Data   RW         3812    .data               cetimer.o
    0x2000016c   0x00000001   Data   RW         3921    .data               ceuart.o
    0x2000016d   0x00000003   PAD
    0x20000170   0x00000006   Data   RW         4272    .data               cetask.o
    0x20000176   0x00000002   PAD
    0x20000178   0x00000010   Data   RW         4341    .data               ceticker.o
    0x20000188   0x00000008   Data   RW         5098    .data               cefilter.o
    0x20000190   0x00000008   Data   RW         5191    .data               main.o
    0x20000198   0x0000001c   Data   RW         5250    .data               cetmctl.o
    0x200001b4   0x00000004   PAD
    0x200001b8   0x00000010   Data   RW         5312    .data               cesysctl.o
    0x200001c8   0x00000001   Data   RW         5401    .data               cestatus.o
    0x200001c9   0x00000003   PAD
    0x200001cc   0x00000040   Zero   RW         3454    .bss                ceint.o
    0x2000020c   0x00000004   PAD
    0x20000210   0x00000030   Zero   RW         3672    .bss                cesystem.o
    0x20000240   0x00000044   Zero   RW         3810    .bss                cetimer.o
    0x20000284   0x0000062c   Zero   RW         3919    .bss                ceuart.o
    0x200008b0   0x00000168   Zero   RW         4027    .bss                cedebug.o
    0x20000a18   0x0000009c   Zero   RW         4893    .bss                cesensor.o
    0x20000ab4   0x000000c0   Zero   RW         4959    .bss                cepid.o
    0x20000b74   0x000001bc   Zero   RW         5053    .bss                cepackage.o
    0x20000d30   0x0000088c   Zero   RW         5096    .bss                cefilter.o
    0x200015bc   0x000000a0   Zero   RW         5190    .bss                main.o
    0x2000165c   0x00000090   Zero   RW         5219    .bss                cemdctl.o
    0x200016ec   0x00000988   Zero   RW         5248    .bss                cetmctl.o
    0x20002074   0x00000258   Zero   RW         5310    .bss                cesysctl.o
    0x200022cc   0x00000060   Zero   RW         5735    .bss                c_w.l(libspace.o)
    0x2000232c   0x00000004   PAD
    0x20002330   0x00000200   Zero   RW          137    HEAP                startup_stm32f10x_hd.o
    0x20002530   0x00000400   Zero   RW          136    STACK               startup_stm32f10x_hd.o


==============================================================================

Image component sizes


      Code (inc. data)   RO Data    RW Data    ZI Data      Debug   Object Name

       450         94        120         32          0      12409   cead.o
       146         12         12          0          0       3411   cebeepnsrc.o
       590         62         20          0          0       6376   cebtnx1.o
        68          4          0          4          0       2347   ceccp.o
       220         40          0          8          0       3235   ceda.o
      2200        434        141          0        360      12911   cedebug.o
      5622       1414        348          0          0      23241   ceesp8266.o
      1218         78         88          0          0      18067   ceextra.o
      3892        222         48          8       2188      14490   cefilter.o
       326        126         20         28          0       5256   cegpio.o
      1386        396         32          2          0      10359   cei2c.o
      1664        338        132         28         64      10254   ceint.o
       680        118         24          0          0       6026   celed1c.o
       112         12          8          0          0       2578   cemd.o
       160         46          8          0        144       2555   cemdctl.o
      1216         88         12          0          0       5972   cempu6050.o
      1266         74         12          0          0      12758   cenrf24l01p.o
       528         26         12          0        444       5405   cepackage.o
      1578        114         28          0          0       6077   ceparctl.o
        92         22          8          0          0       2487   cepc33v.o
      2180        148          8          0        192      10997   cepid.o
      1564        414        120        112          0       7957   cepwm.o
       140         28         28          0        156       7690   cesensor.o
      1296        394         32          3          0       9204   cespi.o
      1060         88         12          1          0       4000   cestatus.o
      1392        202         32         16        600      12247   cesysctl.o
       718        130        300          0         48      19441   cesystem.o
       434         92         36          6          0       8304   cetask.o
       700        272         20         16          0       6177   ceticker.o
      1254        226         44        124         68      11931   cetimer.o
       520        178         20         28       2440       9413   cetmctl.o
      2400        446         40          1       1580      14485   ceuart.o
         0          0          0          0          0       4560   core_cm3.o
       204         50          0          8        160       5431   main.o
       152         30          0          0          0     279645   misc.o
        64         26        304          0       1536        908   startup_stm32f10x_hd.o
       400         10          0          0          0       9621   stm32f10x_adc.o
        84         12          0          0          0       1267   stm32f10x_dac.o
       514         26          0          0          0       6440   stm32f10x_dma.o
       200         20          0          0          0       3069   stm32f10x_exti.o
       512         10          0          0          0       5748   stm32f10x_gpio.o
       396         56          0         20          0       7523   stm32f10x_rcc.o
       112          0          0          0          0       4386   stm32f10x_spi.o
      1464        156          0          0          0      12738   stm32f10x_tim.o
       460          6          0          0          0       7548   stm32f10x_usart.o
       328         28          0          0          0       2401   system_stm32f10x.o

    ----------------------------------------------------------------------
     42008       6768       2104        460       9984     639345   Object Totals
         0          0         32          0          0          0   (incl. Generated)
        46          0          3         15          4          0   (incl. Padding)

    ----------------------------------------------------------------------

      Code (inc. data)   RO Data    RW Data    ZI Data      Debug   Library Member Name

        90          0          0          0          0          0   __dczerorl2.o
         8          0          0          0          0         68   __main.o
         0          0          0          0          0          0   __rtentry.o
        12          0          0          0          0          0   __rtentry2.o
         6          0          0          0          0          0   __rtentry4.o
        52          8          0          0          0          0   __scatter.o
        28          0          0          0          0          0   __scatter_zi.o
        22          0          0          0          0        100   _rserrno.o
        12          0          0          0          0         72   exit.o
         6          0          0          0          0        152   heapauxi.o
         0          0          0          0          0          0   indicate_semi.o
         2          0          0          0          0          0   libinit.o
         2          0          0          0          0          0   libinit2.o
         2          0          0          0          0          0   libshutdown.o
         2          0          0          0          0          0   libshutdown2.o
         8          4          0          0         96         68   libspace.o
       238          0          0          0          0        100   lludivv7m.o
         8          4          0          0          0         68   rt_errno_addr_intlibspace.o
       100          0          0          0          0         80   rt_memcpy_w.o
         2          0          0          0          0          0   rtexit.o
        10          0          0          0          0          0   rtexit2.o
        12          4          0          0          0         68   sys_exit.o
        74          0          0          0          0         80   sys_stackheap_outer.o
         2          0          0          0          0         68   use_no_semi.o
        98          4          0          0          0         92   d2f.o
       826         16          0          0          0        348   daddsub_clz.o
        16          4          0          0          0         68   dcheck1.o
        24          0          0          0          0         68   dcmpi.o
       688        140          0          0          0        208   ddiv.o
        94          4          0          0          0         92   dfix.o
        84          0          0          0          0        136   dflt_clz.o
       120          4          0          0          0         92   dleqf.o
       340         12          0          0          0        104   dmul.o
       156          4          0          0          0         92   dnaninf.o
        12          0          0          0          0         68   dretinf.o
       460         56          0          0          0        120   dsqrt_noumaal.o
        86          4          0          0          0         84   f2d.o
       450          8          0          0          0        236   faddsub_clz.o
        24          0          0          0          0         68   fcmpi.o
       388         76          0          0          0         96   fdiv.o
       104          4          0          0          0         84   feqf.o
        54          4          0          0          0         84   ffix.o
        86          0          0          0          0        136   fflt_clz.o
        96          0          0          0          0         84   ffltll_clz.o
       104          4          0          0          0         84   fleqf.o
       258          4          0          0          0         84   fmul.o
       140          4          0          0          0         84   fnaninf.o
        10          0          0          0          0         68   fretinf.o
        98          0          0          0          0         68   frleqf.o
       100          0          0          0          0         68   retnan.o
        92          0          0          0          0         68   scalbn.o
        48          0          0          0          0         68   trapv.o
         0          0          0          0          0          0   usenofp.o
       624         52         80          0          0        168   asin.o
       544         70        152          0          0        124   atan.o
       384         38          0          0          0        144   atan2.o
       252         22         48          0          0        124   cos_i.o
        38          6          0          0          0        272   dunder.o
        40          0          0          0          0         68   fpclassify.o
       170          0          0          0          0         96   poly.o
         0          0          8          0          0          0   qnan.o
       904         76        200          0          0        140   rred.o
       160         10          0          0          0        108   sin.o
       236         12         40          0          0        128   sin_i.o
        76          0          0          0          0         84   sqrt.o

    ----------------------------------------------------------------------
      9212        658        528          0        100       5332   Library Totals
        30          0          0          0          4          0   (incl. Padding)

    ----------------------------------------------------------------------

      Code (inc. data)   RO Data    RW Data    ZI Data      Debug   Library Name

       698         20          0          0         96        924   c_w.l
      5056        352          0          0          0       2952   fz_ws.l
      3428        286        528          0          0       1456   m_ws.l

    ----------------------------------------------------------------------
      9212        658        528          0        100       5332   Library Totals

    ----------------------------------------------------------------------

==============================================================================


      Code (inc. data)   RO Data    RW Data    ZI Data      Debug   

     51220       7426       2632        460      10084     623977   Grand Totals
     51220       7426       2632        172      10084     623977   ELF Image Totals (compressed)
     51220       7426       2632        172          0          0   ROM Totals

==============================================================================

    Total RO  Size (Code + RO Data)                53852 (  52.59kB)
    Total RW  Size (RW Data + ZI Data)             10544 (  10.30kB)
    Total ROM Size (Code + RO Data + RW Data)      54024 (  52.76kB)

==============================================================================

