<html>
<body>
<pre>
<h1>礦ision Build Log</h1>
<h2>Tool Versions:</h2>
IDE-Version: μVision V5.14.0.0
Copyright (C) 2015 ARM Ltd and ARM Germany GmbH. All rights reserved.
License Information: cc Microsoft, Microsoft, LIC=76F63-AVUCD-Z9BG9-4SYW3-4VUYN-7G1AX
 
Tool Versions:
Toolchain:       MDK-ARM Standard  Version: 5.14.0.0
Toolchain Path:  C:\Program Files\Keil_v5\ARM\ARMCC\Bin
C Compiler:      Armcc.exe V5.05 update 1 (build 106)
Assembler:       Armasm.exe V5.05 update 1 (build 106)
Linker/Locator:  ArmLink.exe V5.05 update 1 (build 106)
Library Manager: ArmAr.exe V5.05 update 1 (build 106)
Hex Converter:   FromElf.exe V5.05 update 1 (build 106)
CPU DLL:         SARMCM3.DLL V5.14.0.0
Dialog DLL:      DCM.DLL V1.13.1.0
Target DLL:      Segger\JL2CM3.dll V2.99.13.0
Dialog DLL:      TCM.DLL V1.14.4.0
 
<h2>Project:</h2>
C:\Users\CC\Desktop\新建文件夹 (4)\SolutionLib\S008-小四翼无人机\无人机源代码\KeilProject_NoRTOS\KeilProject_NoRTOS.uvprojx
Project File Date:  07/13/2017

<h2>Output:</h2>
Build target 'STM32F103x'
compiling CeTMCtl.c...
linking...
Program Size: Code=51220 RO-data=2632 RW-data=460 ZI-data=10084  
FromELF: creating hex file...
".\Objects\KeilProject_NoRTOS.axf" - 0 Error(s), 0 Warning(s).

<h2>Collection of Component include folders:</h2>
  C:\Users\CC\Desktop\新建文件夹 (4)\SolutionLib\S008-小四翼无人机\无人机源代码\KeilProject_NoRTOS\RTE
  C:\Program Files\Keil_v5\ARM\PACK\Keil\STM32F1xx_DFP\1.1.0\Device\Include

<h2>Collection of Component Files used:</h2>
</pre>
</body>
</html>
